../Core/Src/main.c:81:6:delay	16	static
../Core/Src/main.c:84:6:initGY	8	static
../Core/Src/main.c:95:6:readGY	8	static
../Core/Src/main.c:108:6:motor	24	static
../Core/Src/main.c:165:6:read_pixy	32	static
../Core/Src/main.c:190:6:stop	8	static
../Core/Src/main.c:193:6:move	32	static
../Core/Src/main.c:201:6:moveForSec	24	static
../Core/Src/main.c:207:6:moveInside	8	static
../Core/Src/main.c:218:6:OUT	8	static
../Core/Src/main.c:294:6:print_num	24	static
../Core/Src/main.c:311:6:spin	16	static
../Core/Src/main.c:315:6:shift	8	static
../Core/Src/main.c:343:6:HAL_ADC_ConvCpltCallback	16	static,ignoring_inline_asm
../Core/Src/main.c:359:6:HAL_I2C_MasterRxCpltCallback	32	static
../Core/Src/main.c:378:6:HAL_UARTEx_RxEventCallback	24	static
../Core/Src/main.c:417:5:main	16	static
../Core/Src/main.c:507:6:SystemClock_Config	88	static
../Core/Src/main.c:553:13:MX_ADC1_Init	24	static
../Core/Src/main.c:672:13:MX_I2C2_Init	8	static
../Core/Src/main.c:706:13:MX_TIM1_Init	80	static
../Core/Src/main.c:771:13:MX_TIM4_Init	48	static
../Core/Src/main.c:828:13:MX_USART1_UART_Init	8	static
../Core/Src/main.c:859:13:MX_DMA_Init	16	static
../Core/Src/main.c:880:13:MX_GPIO_Init	40	static
../Core/Src/main.c:920:6:Error_Handler	4	static,ignoring_inline_asm
