Archive member included to satisfy reference by file (symbol)

c:/st/stm32cubeide_1.9.0/stm32cubeide/plugins/com.st.stm32cube.ide.mcu.externaltools.gnu-tools-for-stm32.10.3-2021.10.win32_1.0.0.202111181127/tools/bin/../lib/gcc/arm-none-eabi/10.3.1/../../../../arm-none-eabi/lib/thumb/v7e-m+fp/hard\libc_nano.a(lib_a-errno.o)
                              ./Core/Src/syscalls.o (__errno)
c:/st/stm32cubeide_1.9.0/stm32cubeide/plugins/com.st.stm32cube.ide.mcu.externaltools.gnu-tools-for-stm32.10.3-2021.10.win32_1.0.0.202111181127/tools/bin/../lib/gcc/arm-none-eabi/10.3.1/../../../../arm-none-eabi/lib/thumb/v7e-m+fp/hard\libc_nano.a(lib_a-exit.o)
                              c:/st/stm32cubeide_1.9.0/stm32cubeide/plugins/com.st.stm32cube.ide.mcu.externaltools.gnu-tools-for-stm32.10.3-2021.10.win32_1.0.0.202111181127/tools/bin/../lib/gcc/arm-none-eabi/10.3.1/../../../../arm-none-eabi/lib/thumb/v7e-m+fp/hard/crt0.o (exit)
c:/st/stm32cubeide_1.9.0/stm32cubeide/plugins/com.st.stm32cube.ide.mcu.externaltools.gnu-tools-for-stm32.10.3-2021.10.win32_1.0.0.202111181127/tools/bin/../lib/gcc/arm-none-eabi/10.3.1/../../../../arm-none-eabi/lib/thumb/v7e-m+fp/hard\libc_nano.a(lib_a-impure.o)
                              c:/st/stm32cubeide_1.9.0/stm32cubeide/plugins/com.st.stm32cube.ide.mcu.externaltools.gnu-tools-for-stm32.10.3-2021.10.win32_1.0.0.202111181127/tools/bin/../lib/gcc/arm-none-eabi/10.3.1/../../../../arm-none-eabi/lib/thumb/v7e-m+fp/hard\libc_nano.a(lib_a-exit.o) (_global_impure_ptr)
c:/st/stm32cubeide_1.9.0/stm32cubeide/plugins/com.st.stm32cube.ide.mcu.externaltools.gnu-tools-for-stm32.10.3-2021.10.win32_1.0.0.202111181127/tools/bin/../lib/gcc/arm-none-eabi/10.3.1/../../../../arm-none-eabi/lib/thumb/v7e-m+fp/hard\libc_nano.a(lib_a-init.o)
                              c:/st/stm32cubeide_1.9.0/stm32cubeide/plugins/com.st.stm32cube.ide.mcu.externaltools.gnu-tools-for-stm32.10.3-2021.10.win32_1.0.0.202111181127/tools/bin/../lib/gcc/arm-none-eabi/10.3.1/../../../../arm-none-eabi/lib/thumb/v7e-m+fp/hard/crt0.o (__libc_init_array)
c:/st/stm32cubeide_1.9.0/stm32cubeide/plugins/com.st.stm32cube.ide.mcu.externaltools.gnu-tools-for-stm32.10.3-2021.10.win32_1.0.0.202111181127/tools/bin/../lib/gcc/arm-none-eabi/10.3.1/../../../../arm-none-eabi/lib/thumb/v7e-m+fp/hard\libc_nano.a(lib_a-memset.o)
                              c:/st/stm32cubeide_1.9.0/stm32cubeide/plugins/com.st.stm32cube.ide.mcu.externaltools.gnu-tools-for-stm32.10.3-2021.10.win32_1.0.0.202111181127/tools/bin/../lib/gcc/arm-none-eabi/10.3.1/../../../../arm-none-eabi/lib/thumb/v7e-m+fp/hard/crt0.o (memset)
c:/st/stm32cubeide_1.9.0/stm32cubeide/plugins/com.st.stm32cube.ide.mcu.externaltools.gnu-tools-for-stm32.10.3-2021.10.win32_1.0.0.202111181127/tools/bin/../lib/gcc/arm-none-eabi/10.3.1/../../../../arm-none-eabi/lib/thumb/v7e-m+fp/hard\libc_nano.a(lib_a-strlen.o)
                              ./Core/Src/fonts.o (strlen)
c:/st/stm32cubeide_1.9.0/stm32cubeide/plugins/com.st.stm32cube.ide.mcu.externaltools.gnu-tools-for-stm32.10.3-2021.10.win32_1.0.0.202111181127/tools/bin/../lib/gcc/arm-none-eabi/10.3.1/../../../../arm-none-eabi/lib/thumb/v7e-m+fp/hard\libm.a(lib_a-s_cos.o)
                              ./Core/Src/main.o (cos)
c:/st/stm32cubeide_1.9.0/stm32cubeide/plugins/com.st.stm32cube.ide.mcu.externaltools.gnu-tools-for-stm32.10.3-2021.10.win32_1.0.0.202111181127/tools/bin/../lib/gcc/arm-none-eabi/10.3.1/../../../../arm-none-eabi/lib/thumb/v7e-m+fp/hard\libm.a(lib_a-s_sin.o)
                              ./Core/Src/main.o (sin)
c:/st/stm32cubeide_1.9.0/stm32cubeide/plugins/com.st.stm32cube.ide.mcu.externaltools.gnu-tools-for-stm32.10.3-2021.10.win32_1.0.0.202111181127/tools/bin/../lib/gcc/arm-none-eabi/10.3.1/../../../../arm-none-eabi/lib/thumb/v7e-m+fp/hard\libm.a(lib_a-w_atan2.o)
                              ./Core/Src/main.o (atan2)
c:/st/stm32cubeide_1.9.0/stm32cubeide/plugins/com.st.stm32cube.ide.mcu.externaltools.gnu-tools-for-stm32.10.3-2021.10.win32_1.0.0.202111181127/tools/bin/../lib/gcc/arm-none-eabi/10.3.1/../../../../arm-none-eabi/lib/thumb/v7e-m+fp/hard\libm.a(lib_a-w_pow.o)
                              ./Core/Src/main.o (pow)
c:/st/stm32cubeide_1.9.0/stm32cubeide/plugins/com.st.stm32cube.ide.mcu.externaltools.gnu-tools-for-stm32.10.3-2021.10.win32_1.0.0.202111181127/tools/bin/../lib/gcc/arm-none-eabi/10.3.1/../../../../arm-none-eabi/lib/thumb/v7e-m+fp/hard\libm.a(lib_a-w_sqrt.o)
                              ./Core/Src/main.o (sqrt)
c:/st/stm32cubeide_1.9.0/stm32cubeide/plugins/com.st.stm32cube.ide.mcu.externaltools.gnu-tools-for-stm32.10.3-2021.10.win32_1.0.0.202111181127/tools/bin/../lib/gcc/arm-none-eabi/10.3.1/../../../../arm-none-eabi/lib/thumb/v7e-m+fp/hard\libm.a(lib_a-e_atan2.o)
[...]
Memory Configuration

Name             Origin             Length             Attributes
CCMRAM           0x0000000010000000 0x0000000000010000 xrw
RAM              0x0000000020000000 0x0000000000020000 xrw
FLASH            0x0000000008000000 0x0000000000100000 xr
*default*        0x0000000000000000 0xffffffffffffffff

Linker script and memory map

LOAD c:/st/stm32cubeide_1.9.0/stm32cubeide/plugins/com.st.stm32cube.ide.mcu.externaltools.gnu-tools-for-stm32.10.3-2021.10.win32_1.0.0.202111181127/tools/bin/../lib/gcc/arm-none-eabi/10.3.1/thumb/v7e-m+fp/hard/crti.o
LOAD c:/st/stm32cubeide_1.9.0/stm32cubeide/plugins/com.st.stm32cube.ide.mcu.externaltools.gnu-tools-for-stm32.10.3-2021.10.win32_1.0.0.202111181127/tools/bin/../lib/gcc/arm-none-eabi/10.3.1/thumb/v7e-m+fp/hard/crtbegin.o
LOAD c:/st/stm32cubeide_1.9.0/stm32cubeide/plugins/com.st.stm32cube.ide.mcu.externaltools.gnu-tools-for-stm32.10.3-2021.10.win32_1.0.0.202111181127/tools/bin/../lib/gcc/arm-none-eabi/10.3.1/../../../../arm-none-eabi/lib/thumb/v7e-m+fp/hard/crt0.o
LOAD ./Core/Src/fonts.o
LOAD ./Core/Src/main.o
LOAD ./Core/Src/ssd1306.o
LOAD ./Core/Src/stm32f4xx_hal_msp.o
LOAD ./Core/Src/stm32f4xx_it.o
LOAD ./Core/Src/syscalls.o
LOAD ./Core/Src/sysmem.o
LOAD ./Core/Src/system_stm32f4xx.o
LOAD ./Core/Startup/startup_stm32f407vgtx.o
LOAD ./Drivers/STM32F4xx_HAL_Driver/Src/stm32f4xx_hal.o
LOAD ./Drivers/STM32F4xx_HAL_Driver/Src/stm32f4xx_hal_adc.o
LOAD ./Drivers/STM32F4xx_HAL_Driver/Src/stm32f4xx_hal_adc_ex.o
LOAD ./Drivers/STM32F4xx_HAL_Driver/Src/stm32f4xx_hal_cortex.o
LOAD ./Drivers/STM32F4xx_HAL_Driver/Src/stm32f4xx_hal_dma.o
LOAD ./Drivers/STM32F4xx_HAL_Driver/Src/stm32f4xx_hal_dma_ex.o
LOAD ./Drivers/STM32F4xx_HAL_Driver/Src/stm32f4xx_hal_exti.o
LOAD ./Drivers/STM32F4xx_HAL_Driver/Src/stm32f4xx_hal_flash.o
LOAD ./Drivers/STM32F4xx_HAL_Driver/Src/stm32f4xx_hal_flash_ex.o
LOAD ./Drivers/STM32F4xx_HAL_Driver/Src/stm32f4xx_hal_flash_ramfunc.o
LOAD ./Drivers/STM32F4xx_HAL_Driver/Src/stm32f4xx_hal_gpio.o
LOAD ./Drivers/STM32F4xx_HAL_Driver/Src/stm32f4xx_hal_i2c.o
LOAD ./Drivers/STM32F4xx_HAL_Driver/Src/stm32f4xx_hal_i2c_ex.o
LOAD ./Drivers/STM32F4xx_HAL_Driver/Src/stm32f4xx_hal_pwr.o
LOAD ./Drivers/STM32F4xx_HAL_Driver/Src/stm32f4xx_hal_pwr_ex.o
LOAD ./Drivers/STM32F4xx_HAL_Driver/Src/stm32f4xx_hal_rcc.o
LOAD ./Drivers/STM32F4xx_HAL_Driver/Src/stm32f4xx_hal_rcc_ex.o
LOAD ./Drivers/STM32F4xx_HAL_Driver/Src/stm32f4xx_hal_tim.o
LOAD ./Drivers/STM32F4xx_HAL_Driver/Src/stm32f4xx_hal_tim_ex.o
LOAD ./Drivers/STM32F4xx_HAL_Driver/Src/stm32f4xx_hal_uart.o
LOAD ./Drivers/STM32F4xx_HAL_Driver/Src/stm32f4xx_ll_adc.o
START GROUP
LOAD c:/st/stm32cubeide_1.9.0/stm32cubeide/plugins/com.st.stm32cube.ide.mcu.externaltools.gnu-tools-for-stm32.10.3-2021.10.win32_1.0.0.202111181127/tools/bin/../lib/gcc/arm-none-eabi/10.3.1/../../../../arm-none-eabi/lib/thumb/v7e-m+fp/hard\libc_nano.a
LOAD c:/st/stm32cubeide_1.9.0/stm32cubeide/plugins/com.st.stm32cube.ide.mcu.externaltools.gnu-tools-for-stm32.10.3-2021.10.win32_1.0.0.202111181127/tools/bin/../lib/gcc/arm-none-eabi/10.3.1/../../../../arm-none-eabi/lib/thumb/v7e-m+fp/hard\libm.a
END GROUP
START GROUP
LOAD c:/st/stm32cubeide_1.9.0/stm32cubeide/plugins/com.st.stm32cube.ide.mcu.externaltools.gnu-tools-for-stm32.10.3-2021.10.win32_1.0.0.202111181127/tools/bin/../lib/gcc/arm-none-eabi/10.3.1/thumb/v7e-m+fp/hard\libgcc.a
LOAD c:/st/stm32cubeide_1.9.0/stm32cubeide/plugins/com.st.stm32cube.ide.mcu.externaltools.gnu-tools-for-stm32.10.3-2021.10.win32_1.0.0.202111181127/tools/bin/../lib/gcc/arm-none-eabi/10.3.1/../../../../arm-none-eabi/lib/thumb/v7e-m+fp/hard\libc_nano.a
END GROUP
START GROUP
LOAD c:/st/stm32cubeide_1.9.0/stm32cubeide/plugins/com.st.stm32cube.ide.mcu.externaltools.gnu-tools-for-stm32.10.3-2021.10.win32_1.0.0.202111181127/tools/bin/../lib/gcc/arm-none-eabi/10.3.1/thumb/v7e-m+fp/hard\libgcc.a
LOAD c:/st/stm32cubeide_1.9.0/stm32cubeide/plugins/com.st.stm32cube.ide.mcu.externaltools.gnu-tools-for-stm32.10.3-2021.10.win32_1.0.0.202111181127/tools/bin/../lib/gcc/arm-none-eabi/10.3.1/../../../../arm-none-eabi/lib/thumb/v7e-m+fp/hard\libc_nano.a
LOAD c:/st/stm32cubeide_1.9.0/stm32cubeide/plugins/com.st.stm32cube.ide.mcu.externaltools.gnu-tools-for-stm32.10.3-2021.10.win32_1.0.0.202111181127/tools/bin/../lib/gcc/arm-none-eabi/10.3.1/../../../../arm-none-eabi/lib/thumb/v7e-m+fp/hard\libnosys.a
END GROUP
START GROUP
LOAD c:/st/stm32cubeide_1.9.0/stm32cubeide/plugins/com.st.stm32cube.ide.mcu.externaltools.gnu-tools-for-stm32.10.3-2021.10.win32_1.0.0.202111181127/tools/bin/../lib/gcc/arm-none-eabi/10.3.1/thumb/v7e-m+fp/hard\libgcc.a
LOAD c:/st/stm32cubeide_1.9.0/stm32cubeide/plugins/com.st.stm32cube.ide.mcu.externaltools.gnu-tools-for-stm32.10.3-2021.10.win32_1.0.0.202111181127/tools/bin/../lib/gcc/arm-none-eabi/10.3.1/../../../../arm-none-eabi/lib/thumb/v7e-m+fp/hard\libc_nano.a
LOAD c:/st/stm32cubeide_1.9.0/stm32cubeide/plugins/com.st.stm32cube.ide.mcu.externaltools.gnu-tools-for-stm32.10.3-2021.10.win32_1.0.0.202111181127/tools/bin/../lib/gcc/arm-none-eabi/10.3.1/../../../../arm-none-eabi/lib/thumb/v7e-m+fp/hard\libnosys.a
END GROUP
LOAD c:/st/stm32cubeide_1.9.0/stm32cubeide/plugins/com.st.stm32cube.ide.mcu.externaltools.gnu-tools-for-stm32.10.3-2021.10.win32_1.0.0.202111181127/tools/bin/../lib/gcc/arm-none-eabi/10.3.1/thumb/v7e-m+fp/hard/crtend.o
LOAD c:/st/stm32cubeide_1.9.0/stm32cubeide/plugins/com.st.stm32cube.ide.mcu.externaltools.gnu-tools-for-stm32.10.3-2021.10.win32_1.0.0.202111181127/tools/bin/../lib/gcc/arm-none-eabi/10.3.1/thumb/v7e-m+fp/hard/crtn.o
                0x0000000020020000                _estack = (ORIGIN (RAM) + LENGTH (RAM))
                0x0000000000000200                _Min_Heap_Size = 0x200
                0x0000000000000400                _Min_Stack_Size = 0x400

.isr_vector     0x0000000008000000      0x188
                0x0000000008000000                . = ALIGN (0x4)
 *(.isr_vector)
 .isr_vector    0x0000000008000000      0x188 ./Core/Startup/startup_stm32f407vgtx.o
                0x0000000008000000                g_pfnVectors
                0x0000000008000188                . = ALIGN (0x4)

.text           0x0000000008000188     0x9744
                0x0000000008000188                . = ALIGN (0x4)
 *(.text)
 .text          0x0000000008000188       0x40 c:/st/stm32cubeide_1.9.0/stm32cubeide/plugins/com.st.stm32cube.ide.mcu.externaltools.gnu-tools-for-stm32.10.3-2021.10.win32_1.0.0.202111181127/tools/bin/../lib/gcc/arm-none-eabi/10.3.1/thumb/v7e-m+fp/hard/crtbegin.o
 .text          0x00000000080001c8      0x378 c:/st/stm32cubeide_1.9.0/stm32cubeide/plugins/com.st.stm32cube.ide.mcu.externaltools.gnu-tools-for-stm32.10.3-2021.10.win32_1.0.0.202111181127/tools/bin/../lib/gcc/arm-none-eabi/10.3.1/thumb/v7e-m+fp/hard\libgcc.a(_arm_addsubdf3.o)
                0x00000000080001c8                __aeabi_drsub
                0x00000000080001d0                __aeabi_dsub
                0x00000000080001d0                __subdf3
                0x00000000080001d4                __aeabi_dadd
                0x00000000080001d4                __adddf3
                0x000000000800044c                __floatunsidf
                0x000000000800044c                __aeabi_ui2d
                0x000000000800046c                __floatsidf
                0x000000000800046c                __aeabi_i2d
                0x0000000008000490                __aeabi_f2d
                0x0000000008000490                __extendsfdf2
                0x00000000080004d4                __floatundidf
                0x00000000080004d4                __aeabi_ul2d
                0x00000000080004e4                __floatdidf
                0x00000000080004e4                __aeabi_l2d
 .text          0x0000000008000540      0x424 c:/st/stm32cubeide_1.9.0/stm32cubeide/plugins/com.st.stm32cube.ide.mcu.externaltools.gnu-tools-for-stm32.10.3-2021.10.win32_1.0.0.202111181127/tools/bin/../lib/gcc/arm-none-eabi/10.3.1/thumb/v7e-m+fp/hard\libgcc.a(_arm_muldivdf3.o)
                0x0000000008000540                __aeabi_dmul
                0x0000000008000540                __muldf3
                0x0000000008000794                __divdf3
                0x0000000008000794                __aeabi_ddiv
 .text          0x0000000008000964      0x110 c:/st/stm32cubeide_1.9.0/stm32cubeide/plugins/com.st.stm32cube.ide.mcu.externaltools.gnu-tools-for-stm32.10.3-2021.10.win32_1.0.0.202111181127/tools/bin/../lib/gcc/arm-none-eabi/10.3.1/thumb/v7e-m+fp/hard\libgcc.a(_arm_cmpdf2.o)
                0x0000000008000964                __gtdf2
                0x0000000008000964                __gedf2
                0x000000000800096c                __ltdf2
                0x000000000800096c                __ledf2
                0x0000000008000974                __nedf2
                0x0000000008000974                __eqdf2
                0x0000000008000974                __cmpdf2
                0x00000000080009f0                __aeabi_cdrcmple
                0x0000000008000a00                __aeabi_cdcmpeq
                0x0000000008000a00                __aeabi_cdcmple
                0x0000000008000a10                __aeabi_dcmpeq
                0x0000000008000a24                __aeabi_dcmplt
                0x0000000008000a38                __aeabi_dcmple
                0x0000000008000a4c                __aeabi_dcmpge
                0x0000000008000a60                __aeabi_dcmpgt
 .text          0x0000000008000a74       0x2c c:/st/stm32cubeide_1.9.0/stm32cubeide/plugins/com.st.stm32cube.ide.mcu.externaltools.gnu-tools-for-stm32.10.3-2021.10.win32_1.0.0.202111181127/tools/bin/../lib/gcc/arm-none-eabi/10.3.1/thumb/v7e-m+fp/hard\libgcc.a(_arm_unorddf2.o)
                0x0000000008000a74                __unorddf2
                0x0000000008000a74                __aeabi_dcmpun
 .text          0x0000000008000aa0       0x50 c:/st/stm32cubeide_1.9.0/stm32cubeide/plugins/com.st.stm32cube.ide.mcu.externaltools.gnu-tools-for-stm32.10.3-2021.10.win32_1.0.0.202111181127/tools/bin/../lib/gcc/arm-none-eabi/10.3.1/thumb/v7e-m+fp/hard\libgcc.a(_arm_fixdfsi.o)
                0x0000000008000aa0                __aeabi_d2iz
                0x0000000008000aa0                __fixdfsi
 .text          0x0000000008000af0       0x30 c:/st/stm32cubeide_1.9.0/stm32cubeide/plugins/com.st.stm32cube.ide.mcu.externaltools.gnu-tools-for-stm32.10.3-2021.10.win32_1.0.0.202111181127/tools/bin/../lib/gcc/arm-none-eabi/10.3.1/thumb/v7e-m+fp/hard\libgcc.a(_aeabi_uldivmod.o)
                0x0000000008000af0                __aeabi_uldivmod
 .text          0x0000000008000b20      0x2d0 c:/st/stm32cubeide_1.9.0/stm32cubeide/plugins/com.st.stm32cube.ide.mcu.externaltools.gnu-tools-for-stm32.10.3-2021.10.win32_1.0.0.202111181127/tools/bin/../lib/gcc/arm-none-eabi/10.3.1/thumb/v7e-m+fp/hard\libgcc.a(_udivmoddi4.o)
                0x0000000008000b20                __udivmoddi4
 .text          0x0000000008000df0        0x4 c:/st/stm32cubeide_1.9.0/stm32cubeide/plugins/com.st.stm32cube.ide.mcu.externaltools.gnu-tools-for-stm32.10.3-2021.10.win32_1.0.0.202111181127/tools/bin/../lib/gcc/arm-none-eabi/10.3.1/thumb/v7e-m+fp/hard\libgcc.a(_dvmd_tls.o)
                0x0000000008000df0                __aeabi_idiv0
                0x0000000008000df0                __aeabi_ldiv0
 *(.text*)
 .text.readGY   0x0000000008000df4      0x1e8 ./Core/Src/main.o
                0x0000000008000df4                readGY
 .text.print_num
                0x0000000008000fdc      0x1e8 ./Core/Src/main.o
                0x0000000008000fdc                print_num
 .text.read_adc
                0x00000000080011c4       0x54 ./Core/Src/main.o
                0x00000000080011c4                read_adc
 .text.motor    0x0000000008001218      0x2c8 ./Core/Src/main.o
                0x0000000008001218                motor
 .text.motor_without_correction
                0x00000000080014e0      0x248 ./Core/Src/main.o
                0x00000000080014e0                motor_without_correction
 .text.fast_stop
                0x0000000008001728       0x70 ./Core/Src/main.o
                0x0000000008001728                fast_stop
 .text.stop     0x0000000008001798       0x14 ./Core/Src/main.o
                0x0000000008001798                stop
 *fill*         0x00000000080017ac        0x4 
 .text.move     0x00000000080017b0      0x120 ./Core/Src/main.o
                0x00000000080017b0                move
 .text.read_pixy
                0x00000000080018d0      0x490 ./Core/Src/main.o
                0x00000000080018d0                read_pixy
 .text.read_sensors
                0x0000000008001d60      0x4ec ./Core/Src/main.o
                0x0000000008001d60                read_sensors
 .text.delay    0x000000000800224c       0x2a ./Core/Src/main.o
                0x000000000800224c                delay
 *fill*         0x0000000008002276        0x2 
 .text.spin     0x0000000008002278       0x3c ./Core/Src/main.o
                0x0000000008002278                spin
 .text.shoot    0x00000000080022b4       0x64 ./Core/Src/main.o
                0x00000000080022b4                shoot
 .text.rotate_and_shoot
                0x0000000008002318      0x14c ./Core/Src/main.o
                0x0000000008002318                rotate_and_shoot
 .text.shoot_straight
                0x0000000008002464       0x88 ./Core/Src/main.o
                0x0000000008002464                shoot_straight
 .text.moveForSec
                0x00000000080024ec       0x32 ./Core/Src/main.o
                0x00000000080024ec                moveForSec
 *fill*         0x000000000800251e        0x2 
 .text.OUT      0x0000000008002520      0x284 ./Core/Src/main.o
                0x0000000008002520                OUT
 .text.main     0x00000000080027a4      0x268 ./Core/Src/main.o
                0x00000000080027a4                main
 .text.SystemClock_Config
                0x0000000008002a0c       0xd0 ./Core/Src/main.o
                0x0000000008002a0c                SystemClock_Config
 .text.MX_ADC1_Init
                0x0000000008002adc       0xa4 ./Core/Src/main.o
 .text.MX_I2C1_Init
                0x0000000008002b80       0x5c ./Core/Src/main.o
 .text.MX_I2C2_Init
                0x0000000008002bdc       0x5c ./Core/Src/main.o
 .text.MX_TIM1_Init
                0x0000000008002c38      0x150 ./Core/Src/main.o
 .text.MX_USART2_UART_Init
                0x0000000008002d88       0x54 ./Core/Src/main.o
 .text.MX_GPIO_Init
                0x0000000008002ddc      0x1c0 ./Core/Src/main.o
 .text.Error_Handler
                0x0000000008002f9c        0xa ./Core/Src/main.o
                0x0000000008002f9c                Error_Handler
 *fill*         0x0000000008002fa6        0x2 
 .text.SSD1306_Init
                0x0000000008002fa8      0x188 ./Core/Src/ssd1306.o
                0x0000000008002fa8                SSD1306_Init
 .text.SSD1306_UpdateScreen
                0x0000000008003130       0x5c ./Core/Src/ssd1306.o
                0x0000000008003130                SSD1306_UpdateScreen
 .text.SSD1306_Fill
                0x000000000800318c       0x30 ./Core/Src/ssd1306.o
                0x000000000800318c                SSD1306_Fill
 .text.SSD1306_DrawPixel
                0x00000000080031bc       0xc0 ./Core/Src/ssd1306.o
                0x00000000080031bc                SSD1306_DrawPixel
 .text.SSD1306_GotoXY
                0x000000000800327c       0x2c ./Core/Src/ssd1306.o
                0x000000000800327c                SSD1306_GotoXY
 .text.SSD1306_Putc
                0x00000000080032a8      0x100 ./Core/Src/ssd1306.o
                0x00000000080032a8                SSD1306_Putc
 .text.SSD1306_Puts
                0x00000000080033a8       0x4a ./Core/Src/ssd1306.o
                0x00000000080033a8                SSD1306_Puts
 *fill*         0x00000000080033f2        0x2 
 .text.ssd1306_I2C_Init
                0x00000000080033f4       0x2c ./Core/Src/ssd1306.o
                0x00000000080033f4                ssd1306_I2C_Init
 .text.ssd1306_I2C_WriteMulti
                0x0000000008003420       0xcc ./Core/Src/ssd1306.o
                0x0000000008003420                ssd1306_I2C_WriteMulti
 .text.ssd1306_I2C_Write
                0x00000000080034ec       0x3c ./Core/Src/ssd1306.o
                0x00000000080034ec                ssd1306_I2C_Write
 .text.HAL_MspInit
                0x0000000008003528       0x50 ./Core/Src/stm32f4xx_hal_msp.o
                0x0000000008003528                HAL_MspInit
 .text.HAL_ADC_MspInit
                0x0000000008003578       0xc0 ./Core/Src/stm32f4xx_hal_msp.o
                0x0000000008003578                HAL_ADC_MspInit
 .text.HAL_I2C_MspInit
                0x0000000008003638       0xf8 ./Core/Src/stm32f4xx_hal_msp.o
                0x0000000008003638                HAL_I2C_MspInit
 .text.HAL_TIM_PWM_MspInit
                0x0000000008003730       0x44 ./Core/Src/stm32f4xx_hal_msp.o
                0x0000000008003730                HAL_TIM_PWM_MspInit
 .text.HAL_TIM_MspPostInit
                0x0000000008003774       0x74 ./Core/Src/stm32f4xx_hal_msp.o
                0x0000000008003774                HAL_TIM_MspPostInit
 .text.HAL_UART_MspInit
                0x00000000080037e8       0x90 ./Core/Src/stm32f4xx_hal_msp.o
                0x00000000080037e8                HAL_UART_MspInit
 .text.NMI_Handler
                0x0000000008003878       0x14 ./Core/Src/stm32f4xx_it.o
                0x0000000008003878                NMI_Handler
 .text.HardFault_Handler
                0x000000000800388c        0x6 ./Core/Src/stm32f4xx_it.o
                0x000000000800388c                HardFault_Handler
 .text.MemManage_Handler
                0x0000000008003892        0x6 ./Core/Src/stm32f4xx_it.o
                0x0000000008003892                MemManage_Handler
 .text.BusFault_Handler
                0x0000000008003898        0x6 ./Core/Src/stm32f4xx_it.o
                0x0000000008003898                BusFault_Handler
 .text.UsageFault_Handler
                0x000000000800389e        0x6 ./Core/Src/stm32f4xx_it.o
                0x000000000800389e                UsageFault_Handler
 .text.SVC_Handler
                0x00000000080038a4        0xe ./Core/Src/stm32f4xx_it.o
                0x00000000080038a4                SVC_Handler
 .text.DebugMon_Handler
                0x00000000080038b2        0xe ./Core/Src/stm32f4xx_it.o
                0x00000000080038b2                DebugMon_Handler
 .text.PendSV_Handler
                0x00000000080038c0        0xe ./Core/Src/stm32f4xx_it.o
                0x00000000080038c0                PendSV_Handler
 .text.SysTick_Handler
                0x00000000080038ce        0xc ./Core/Src/stm32f4xx_it.o
                0x00000000080038ce                SysTick_Handler
 *fill*         0x00000000080038da        0x2 
 .text.SystemInit
                0x00000000080038dc       0x24 ./Core/Src/system_stm32f4xx.o
                0x00000000080038dc                SystemInit
 .text.Reset_Handler
                0x0000000008003900       0x50 ./Core/Startup/startup_stm32f407vgtx.o
                0x0000000008003900                Reset_Handler
 .text.Default_Handler
                0x0000000008003950        0x2 ./Core/Startup/startup_stm32f407vgtx.o
                0x0000000008003950                RTC_Alarm_IRQHandler
                0x0000000008003950                HASH_RNG_IRQHandler
                0x0000000008003950                EXTI2_IRQHandler
                0x0000000008003950                TIM8_CC_IRQHandler
                0x0000000008003950                TIM1_CC_IRQHandler
                0x0000000008003950                DMA2_Stream5_IRQHandler
                0x0000000008003950                DMA1_Stream5_IRQHandler
                0x0000000008003950                PVD_IRQHandler
                0x0000000008003950                SDIO_IRQHandler
                0x0000000008003950                TAMP_STAMP_IRQHandler
                0x0000000008003950                CAN2_RX1_IRQHandler
                0x0000000008003950                EXTI3_IRQHandler
                0x0000000008003950                TIM8_TRG_COM_TIM14_IRQHandler
                0x0000000008003950                TIM1_UP_TIM10_IRQHandler
                0x0000000008003950                TIM8_UP_TIM13_IRQHandler
                0x0000000008003950                I2C3_ER_IRQHandler
                0x0000000008003950                EXTI0_IRQHandler
                0x0000000008003950                I2C2_EV_IRQHandler
                0x0000000008003950                DMA1_Stream2_IRQHandler
                0x0000000008003950                CAN1_RX0_IRQHandler
                0x0000000008003950                FPU_IRQHandler
                0x0000000008003950                OTG_HS_WKUP_IRQHandler
                0x0000000008003950                CAN2_SCE_IRQHandler
                0x0000000008003950                DMA2_Stream2_IRQHandler
                0x0000000008003950                SPI1_IRQHandler
                0x0000000008003950                TIM6_DAC_IRQHandler
                0x0000000008003950                TIM1_BRK_TIM9_IRQHandler
                0x0000000008003950                DCMI_IRQHandler
                0x0000000008003950                CAN2_RX0_IRQHandler
                0x0000000008003950                DMA2_Stream3_IRQHandler
                0x0000000008003950                USART6_IRQHandler
                0x0000000008003950                USART3_IRQHandler
                0x0000000008003950                CAN1_RX1_IRQHandler
                0x0000000008003950                UART5_IRQHandler
                0x0000000008003950                DMA2_Stream0_IRQHandler
                0x0000000008003950                TIM4_IRQHandler
                0x0000000008003950                I2C1_EV_IRQHandler
                0x0000000008003950                DMA1_Stream6_IRQHandler
                0x0000000008003950                DMA1_Stream1_IRQHandler
                0x0000000008003950                UART4_IRQHandler
                0x0000000008003950                TIM3_IRQHandler
                0x0000000008003950                RCC_IRQHandler
                0x0000000008003950                TIM8_BRK_TIM12_IRQHandler
                0x0000000008003950                Default_Handler
                0x0000000008003950                EXTI15_10_IRQHandler
                0x0000000008003950                ADC_IRQHandler
                0x0000000008003950                DMA1_Stream7_IRQHandler
                0x0000000008003950                TIM7_IRQHandler
                0x0000000008003950                CAN2_TX_IRQHandler
                0x0000000008003950                TIM5_IRQHandler
                0x0000000008003950                DMA2_Stream7_IRQHandler
                0x0000000008003950                I2C3_EV_IRQHandler
                0x0000000008003950                EXTI9_5_IRQHandler
                0x0000000008003950                RTC_WKUP_IRQHandler
                0x0000000008003950                ETH_WKUP_IRQHandler
                0x0000000008003950                SPI2_IRQHandler
                0x0000000008003950                OTG_HS_EP1_IN_IRQHandler
                0x0000000008003950                DMA1_Stream0_IRQHandler
                0x0000000008003950                CAN1_TX_IRQHandler
                0x0000000008003950                EXTI4_IRQHandler
                0x0000000008003950                FSMC_IRQHandler
                0x0000000008003950                ETH_IRQHandler
                0x0000000008003950                OTG_HS_EP1_OUT_IRQHandler
                0x0000000008003950                WWDG_IRQHandler
                0x0000000008003950                TIM2_IRQHandler
                0x0000000008003950                OTG_FS_WKUP_IRQHandler
                0x0000000008003950                TIM1_TRG_COM_TIM11_IRQHandler
                0x0000000008003950                OTG_HS_IRQHandler
                0x0000000008003950                EXTI1_IRQHandler
                0x0000000008003950                USART2_IRQHandler
                0x0000000008003950                I2C2_ER_IRQHandler
                0x0000000008003950                DMA2_Stream1_IRQHandler
                0x0000000008003950                CAN1_SCE_IRQHandler
                0x0000000008003950                FLASH_IRQHandler
                0x0000000008003950                DMA2_Stream4_IRQHandler
                0x0000000008003950                USART1_IRQHandler
                0x0000000008003950                OTG_FS_IRQHandler
                0x0000000008003950                SPI3_IRQHandler
                0x0000000008003950                DMA1_Stream4_IRQHandler
                0x0000000008003950                I2C1_ER_IRQHandler
                0x0000000008003950                DMA2_Stream6_IRQHandler
                0x0000000008003950                DMA1_Stream3_IRQHandler
 *fill*         0x0000000008003952        0x2 
 .text.HAL_Init
                0x0000000008003954       0x44 ./Drivers/STM32F4xx_HAL_Driver/Src/stm32f4xx_hal.o
                0x0000000008003954                HAL_Init
 .text.HAL_InitTick
                0x0000000008003998       0x60 ./Drivers/STM32F4xx_HAL_Driver/Src/stm32f4xx_hal.o
                0x0000000008003998                HAL_InitTick
 .text.HAL_IncTick
                0x00000000080039f8       0x28 ./Drivers/STM32F4xx_HAL_Driver/Src/stm32f4xx_hal.o
                0x00000000080039f8                HAL_IncTick
 .text.HAL_GetTick
                0x0000000008003a20       0x18 ./Drivers/STM32F4xx_HAL_Driver/Src/stm32f4xx_hal.o
                0x0000000008003a20                HAL_GetTick
 .text.HAL_Delay
                0x0000000008003a38       0x48 ./Drivers/STM32F4xx_HAL_Driver/Src/stm32f4xx_hal.o
                0x0000000008003a38                HAL_Delay
 .text.HAL_ADC_Init
                0x0000000008003a80       0x86 ./Drivers/STM32F4xx_HAL_Driver/Src/stm32f4xx_hal_adc.o
                0x0000000008003a80                HAL_ADC_Init
 *fill*         0x0000000008003b06        0x2 
 .text.HAL_ADC_Start
                0x0000000008003b08      0x1a4 ./Drivers/STM32F4xx_HAL_Driver/Src/stm32f4xx_hal_adc.o
                0x0000000008003b08                HAL_ADC_Start
 .text.HAL_ADC_PollForConversion
                0x0000000008003cac      0x116 ./Drivers/STM32F4xx_HAL_Driver/Src/stm32f4xx_hal_adc.o
                0x0000000008003cac                HAL_ADC_PollForConversion
 .text.HAL_ADC_GetValue
                0x0000000008003dc2       0x1a ./Drivers/STM32F4xx_HAL_Driver/Src/stm32f4xx_hal_adc.o
                0x0000000008003dc2                HAL_ADC_GetValue
 .text.HAL_ADC_ConfigChannel
                0x0000000008003ddc      0x244 ./Drivers/STM32F4xx_HAL_Driver/Src/stm32f4xx_hal_adc.o
                0x0000000008003ddc                HAL_ADC_ConfigChannel
 .text.ADC_Init
                0x0000000008004020      0x1f8 ./Drivers/STM32F4xx_HAL_Driver/Src/stm32f4xx_hal_adc.o
 .text.__NVIC_SetPriorityGrouping
                0x0000000008004218       0x48 ./Drivers/STM32F4xx_HAL_Driver/Src/stm32f4xx_hal_cortex.o
 .text.__NVIC_GetPriorityGrouping
                0x0000000008004260       0x1c ./Drivers/STM32F4xx_HAL_Driver/Src/stm32f4xx_hal_cortex.o
 .text.__NVIC_SetPriority
                0x000000000800427c       0x54 ./Drivers/STM32F4xx_HAL_Driver/Src/stm32f4xx_hal_cortex.o
 .text.NVIC_EncodePriority
                0x00000000080042d0       0x66 ./Drivers/STM32F4xx_HAL_Driver/Src/stm32f4xx_hal_cortex.o
 *fill*         0x0000000008004336        0x2 
 .text.SysTick_Config
                0x0000000008004338       0x44 ./Drivers/STM32F4xx_HAL_Driver/Src/stm32f4xx_hal_cortex.o
 .text.HAL_NVIC_SetPriorityGrouping
                0x000000000800437c       0x16 ./Drivers/STM32F4xx_HAL_Driver/Src/stm32f4xx_hal_cortex.o
                0x000000000800437c                HAL_NVIC_SetPriorityGrouping
 .text.HAL_NVIC_SetPriority
                0x0000000008004392       0x38 ./Drivers/STM32F4xx_HAL_Driver/Src/stm32f4xx_hal_cortex.o
                0x0000000008004392                HAL_NVIC_SetPriority
 .text.HAL_SYSTICK_Config
                0x00000000080043ca       0x18 ./Drivers/STM32F4xx_HAL_Driver/Src/stm32f4xx_hal_cortex.o
                0x00000000080043ca                HAL_SYSTICK_Config
 *fill*         0x00000000080043e2        0x2 
 .text.HAL_GPIO_Init
                0x00000000080043e4      0x338 ./Drivers/STM32F4xx_HAL_Driver/Src/stm32f4xx_hal_gpio.o
                0x00000000080043e4                HAL_GPIO_Init
 .text.HAL_GPIO_ReadPin
                0x000000000800471c       0x30 ./Drivers/STM32F4xx_HAL_Driver/Src/stm32f4xx_hal_gpio.o
                0x000000000800471c                HAL_GPIO_ReadPin
 .text.HAL_GPIO_WritePin
                0x000000000800474c       0x32 ./Drivers/STM32F4xx_HAL_Driver/Src/stm32f4xx_hal_gpio.o
                0x000000000800474c                HAL_GPIO_WritePin
 *fill*         0x000000000800477e        0x2 
 .text.HAL_I2C_Init
                0x0000000008004780      0x288 ./Drivers/STM32F4xx_HAL_Driver/Src/stm32f4xx_hal_i2c.o
                0x0000000008004780                HAL_I2C_Init
 .text.HAL_I2C_Master_Transmit
                0x0000000008004a08      0x1fc ./Drivers/STM32F4xx_HAL_Driver/Src/stm32f4xx_hal_i2c.o
                0x0000000008004a08                HAL_I2C_Master_Transmit
 .text.HAL_I2C_Master_Receive
                0x0000000008004c04      0x44c ./Drivers/STM32F4xx_HAL_Driver/Src/stm32f4xx_hal_i2c.o
                0x0000000008004c04                HAL_I2C_Master_Receive
 .text.HAL_I2C_IsDeviceReady
                0x0000000008005050      0x25c ./Drivers/STM32F4xx_HAL_Driver/Src/stm32f4xx_hal_i2c.o
                0x0000000008005050                HAL_I2C_IsDeviceReady
 .text.I2C_MasterRequestWrite
                0x00000000080052ac      0x104 ./Drivers/STM32F4xx_HAL_Driver/Src/stm32f4xx_hal_i2c.o
 .text.I2C_MasterRequestRead
                0x00000000080053b0      0x19c ./Drivers/STM32F4xx_HAL_Driver/Src/stm32f4xx_hal_i2c.o
 .text.I2C_WaitOnFlagUntilTimeout
                0x000000000800554c       0xae ./Drivers/STM32F4xx_HAL_Driver/Src/stm32f4xx_hal_i2c.o
 .text.I2C_WaitOnMasterAddressFlagUntilTimeout
                0x00000000080055fa       0xfe ./Drivers/STM32F4xx_HAL_Driver/Src/stm32f4xx_hal_i2c.o
 .text.I2C_WaitOnTXEFlagUntilTimeout
                0x00000000080056f8       0x82 ./Drivers/STM32F4xx_HAL_Driver/Src/stm32f4xx_hal_i2c.o
 .text.I2C_WaitOnBTFFlagUntilTimeout
                0x000000000800577a       0x82 ./Drivers/STM32F4xx_HAL_Driver/Src/stm32f4xx_hal_i2c.o
 .text.I2C_WaitOnRXNEFlagUntilTimeout
                0x00000000080057fc       0xac ./Drivers/STM32F4xx_HAL_Driver/Src/stm32f4xx_hal_i2c.o
 .text.I2C_IsAcknowledgeFailed
                0x00000000080058a8       0x5e ./Drivers/STM32F4xx_HAL_Driver/Src/stm32f4xx_hal_i2c.o
 *fill*         0x0000000008005906        0x2 
 .text.HAL_RCC_OscConfig
                0x0000000008005908      0x4f0 ./Drivers/STM32F4xx_HAL_Driver/Src/stm32f4xx_hal_rcc.o
                0x0000000008005908                HAL_RCC_OscConfig
 .text.HAL_RCC_ClockConfig
                0x0000000008005df8      0x1cc ./Drivers/STM32F4xx_HAL_Driver/Src/stm32f4xx_hal_rcc.o
                0x0000000008005df8                HAL_RCC_ClockConfig
 .text.HAL_RCC_GetSysClockFreq
                0x0000000008005fc4      0x18c ./Drivers/STM32F4xx_HAL_Driver/Src/stm32f4xx_hal_rcc.o
                0x0000000008005fc4                HAL_RCC_GetSysClockFreq
 .text.HAL_RCC_GetHCLKFreq
                0x0000000008006150       0x18 ./Drivers/STM32F4xx_HAL_Driver/Src/stm32f4xx_hal_rcc.o
                0x0000000008006150                HAL_RCC_GetHCLKFreq
 .text.HAL_RCC_GetPCLK1Freq
                0x0000000008006168       0x28 ./Drivers/STM32F4xx_HAL_Driver/Src/stm32f4xx_hal_rcc.o
                0x0000000008006168                HAL_RCC_GetPCLK1Freq
 .text.HAL_RCC_GetPCLK2Freq
                0x0000000008006190       0x28 ./Drivers/STM32F4xx_HAL_Driver/Src/stm32f4xx_hal_rcc.o
                0x0000000008006190                HAL_RCC_GetPCLK2Freq
 .text.HAL_TIM_PWM_Init
                0x00000000080061b8       0x9e ./Drivers/STM32F4xx_HAL_Driver/Src/stm32f4xx_hal_tim.o
                0x00000000080061b8                HAL_TIM_PWM_Init
 *fill*         0x0000000008006256        0x2 
 .text.HAL_TIM_PWM_Start
                0x0000000008006258      0x190 ./Drivers/STM32F4xx_HAL_Driver/Src/stm32f4xx_hal_tim.o
                0x0000000008006258                HAL_TIM_PWM_Start
 .text.HAL_TIM_PWM_ConfigChannel
                0x00000000080063e8      0x184 ./Drivers/STM32F4xx_HAL_Driver/Src/stm32f4xx_hal_tim.o
                0x00000000080063e8                HAL_TIM_PWM_ConfigChannel
 .text.TIM_Base_SetConfig
                0x000000000800656c      0x140 ./Drivers/STM32F4xx_HAL_Driver/Src/stm32f4xx_hal_tim.o
                0x000000000800656c                TIM_Base_SetConfig
 .text.TIM_OC1_SetConfig
                0x00000000080066ac       0xe0 ./Drivers/STM32F4xx_HAL_Driver/Src/stm32f4xx_hal_tim.o
 .text.TIM_OC2_SetConfig
                0x000000000800678c       0xec ./Drivers/STM32F4xx_HAL_Driver/Src/stm32f4xx_hal_tim.o
                0x000000000800678c                TIM_OC2_SetConfig
 .text.TIM_OC3_SetConfig
                0x0000000008006878       0xe8 ./Drivers/STM32F4xx_HAL_Driver/Src/stm32f4xx_hal_tim.o
 .text.TIM_OC4_SetConfig
                0x0000000008006960       0xac ./Drivers/STM32F4xx_HAL_Driver/Src/stm32f4xx_hal_tim.o
 .text.TIM_CCxChannelCmd
                0x0000000008006a0c       0x4a ./Drivers/STM32F4xx_HAL_Driver/Src/stm32f4xx_hal_tim.o
                0x0000000008006a0c                TIM_CCxChannelCmd
 *fill*         0x0000000008006a56        0x2 
 .text.HAL_TIMEx_MasterConfigSynchronization
                0x0000000008006a58       0xf8 ./Drivers/STM32F4xx_HAL_Driver/Src/stm32f4xx_hal_tim_ex.o
                0x0000000008006a58                HAL_TIMEx_MasterConfigSynchronization
 .text.HAL_TIMEx_ConfigBreakDeadTime
                0x0000000008006b50       0xa4 ./Drivers/STM32F4xx_HAL_Driver/Src/stm32f4xx_hal_tim_ex.o
                0x0000000008006b50                HAL_TIMEx_ConfigBreakDeadTime
 .text.HAL_UART_Init
                0x0000000008006bf4       0x9a ./Drivers/STM32F4xx_HAL_Driver/Src/stm32f4xx_hal_uart.o
                0x0000000008006bf4                HAL_UART_Init
 .text.HAL_UART_Transmit
                0x0000000008006c8e      0x124 ./Drivers/STM32F4xx_HAL_Driver/Src/stm32f4xx_hal_uart.o
                0x0000000008006c8e                HAL_UART_Transmit
 .text.HAL_UART_Receive
                0x0000000008006db2      0x144 ./Drivers/STM32F4xx_HAL_Driver/Src/stm32f4xx_hal_uart.o
                0x0000000008006db2                HAL_UART_Receive
 .text.UART_WaitOnFlagUntilTimeout
                0x0000000008006ef6       0xdc ./Drivers/STM32F4xx_HAL_Driver/Src/stm32f4xx_hal_uart.o
 *fill*         0x0000000008006fd2        0x2 
 .text.UART_SetConfig
                0x0000000008006fd4      0x4e8 ./Drivers/STM32F4xx_HAL_Driver/Src/stm32f4xx_hal_uart.o
 .text.__errno  0x00000000080074bc        0xc c:/st/stm32cubeide_1.9.0/stm32cubeide/plugins/com.st.stm32cube.ide.mcu.externaltools.gnu-tools-for-stm32.10.3-2021.10.win32_1.0.0.202111181127/tools/bin/../lib/gcc/arm-none-eabi/10.3.1/../../../../arm-none-eabi/lib/thumb/v7e-m+fp/hard\libc_nano.a(lib_a-errno.o)
                0x00000000080074bc                __errno
 .text.__libc_init_array
                0x00000000080074c8       0x48 c:/st/stm32cubeide_1.9.0/stm32cubeide/plugins/com.st.stm32cube.ide.mcu.externaltools.gnu-tools-for-stm32.10.3-2021.10.win32_1.0.0.202111181127/tools/bin/../lib/gcc/arm-none-eabi/10.3.1/../../../../arm-none-eabi/lib/thumb/v7e-m+fp/hard\libc_nano.a(lib_a-init.o)
                0x00000000080074c8                __libc_init_array
 .text.memset   0x0000000008007510       0x10 c:/st/stm32cubeide_1.9.0/stm32cubeide/plugins/com.st.stm32cube.ide.mcu.externaltools.gnu-tools-for-stm32.10.3-2021.10.win32_1.0.0.202111181127/tools/bin/../lib/gcc/arm-none-eabi/10.3.1/../../../../arm-none-eabi/lib/thumb/v7e-m+fp/hard\libc_nano.a(lib_a-memset.o)
                0x0000000008007510                memset
 .text.cos      0x0000000008007520       0xa8 c:/st/stm32cubeide_1.9.0/stm32cubeide/plugins/com.st.stm32cube.ide.mcu.externaltools.gnu-tools-for-stm32.10.3-2021.10.win32_1.0.0.202111181127/tools/bin/../lib/gcc/arm-none-eabi/10.3.1/../../../../arm-none-eabi/lib/thumb/v7e-m+fp/hard\libm.a(lib_a-s_cos.o)
                0x0000000008007520                cos
 .text.sin      0x00000000080075c8       0xb0 c:/st/stm32cubeide_1.9.0/stm32cubeide/plugins/com.st.stm32cube.ide.mcu.externaltools.gnu-tools-for-stm32.10.3-2021.10.win32_1.0.0.202111181127/tools/bin/../lib/gcc/arm-none-eabi/10.3.1/../../../../arm-none-eabi/lib/thumb/v7e-m+fp/hard\libm.a(lib_a-s_sin.o)
                0x00000000080075c8                sin
 .text.atan2    0x0000000008007678        0x4 c:/st/stm32cubeide_1.9.0/stm32cubeide/plugins/com.st.stm32cube.ide.mcu.externaltools.gnu-tools-for-stm32.10.3-2021.10.win32_1.0.0.202111181127/tools/bin/../lib/gcc/arm-none-eabi/10.3.1/../../../../arm-none-eabi/lib/thumb/v7e-m+fp/hard\libm.a(lib_a-w_atan2.o)
                0x0000000008007678                atan2
 .text.pow      0x000000000800767c       0xe0 c:/st/stm32cubeide_1.9.0/stm32cubeide/plugins/com.st.stm32cube.ide.mcu.externaltools.gnu-tools-for-stm32.10.3-2021.10.win32_1.0.0.202111181127/tools/bin/../lib/gcc/arm-none-eabi/10.3.1/../../../../arm-none-eabi/lib/thumb/v7e-m+fp/hard\libm.a(lib_a-w_pow.o)
                0x000000000800767c                pow
 .text.sqrt     0x000000000800775c       0x58 c:/st/stm32cubeide_1.9.0/stm32cubeide/plugins/com.st.stm32cube.ide.mcu.externaltools.gnu-tools-for-stm32.10.3-2021.10.win32_1.0.0.202111181127/tools/bin/../lib/gcc/arm-none-eabi/10.3.1/../../../../arm-none-eabi/lib/thumb/v7e-m+fp/hard\libm.a(lib_a-w_sqrt.o)
                0x000000000800775c                sqrt
 *fill*         0x00000000080077b4        0x4 
 .text.__ieee754_atan2
                0x00000000080077b8      0x194 c:/st/stm32cubeide_1.9.0/stm32cubeide/plugins/com.st.stm32cube.ide.mcu.externaltools.gnu-tools-for-stm32.10.3-2021.10.win32_1.0.0.202111181127/tools/bin/../lib/gcc/arm-none-eabi/10.3.1/../../../../arm-none-eabi/lib/thumb/v7e-m+fp/hard\libm.a(lib_a-e_atan2.o)
                0x00000000080077b8                __ieee754_atan2
 *fill*         0x000000000800794c        0x4 
 .text.__ieee754_pow
                0x0000000008007950      0xa5c c:/st/stm32cubeide_1.9.0/stm32cubeide/plugins/com.st.stm32cube.ide.mcu.externaltools.gnu-tools-for-stm32.10.3-2021.10.win32_1.0.0.202111181127/tools/bin/../lib/gcc/arm-none-eabi/10.3.1/../../../../arm-none-eabi/lib/thumb/v7e-m+fp/hard\libm.a(lib_a-e_pow.o)
                0x0000000008007950                __ieee754_pow
 *fill*         0x00000000080083ac        0x4 
 .text.__ieee754_rem_pio2
                0x00000000080083b0      0x418 c:/st/stm32cubeide_1.9.0/stm32cubeide/plugins/com.st.stm32cube.ide.mcu.externaltools.gnu-tools-for-stm32.10.3-2021.10.win32_1.0.0.202111181127/tools/bin/../lib/gcc/arm-none-eabi/10.3.1/../../../../arm-none-eabi/lib/thumb/v7e-m+fp/hard\libm.a(lib_a-e_rem_pio2.o)
                0x00000000080083b0                __ieee754_rem_pio2
 .text.__ieee754_sqrt
                0x00000000080087c8      0x164 c:/st/stm32cubeide_1.9.0/stm32cubeide/plugins/com.st.stm32cube.ide.mcu.externaltools.gnu-tools-for-stm32.10.3-2021.10.win32_1.0.0.202111181127/tools/bin/../lib/gcc/arm-none-eabi/10.3.1/../../../../arm-none-eabi/lib/thumb/v7e-m+fp/hard\libm.a(lib_a-e_sqrt.o)
                0x00000000080087c8                __ieee754_sqrt
 *fill*         0x000000000800892c        0x4 
 .text.__kernel_cos
                0x0000000008008930      0x18c c:/st/stm32cubeide_1.9.0/stm32cubeide/plugins/com.st.stm32cube.ide.mcu.externaltools.gnu-tools-for-stm32.10.3-2021.10.win32_1.0.0.202111181127/tools/bin/../lib/gcc/arm-none-eabi/10.3.1/../../../../arm-none-eabi/lib/thumb/v7e-m+fp/hard\libm.a(lib_a-k_cos.o)
                0x0000000008008930                __kernel_cos
 *fill*         0x0000000008008abc        0x4 
 .text.__kernel_rem_pio2
                0x0000000008008ac0      0x69c c:/st/stm32cubeide_1.9.0/stm32cubeide/plugins/com.st.stm32cube.ide.mcu.externaltools.gnu-tools-for-stm32.10.3-2021.10.win32_1.0.0.202111181127/tools/bin/../lib/gcc/arm-none-eabi/10.3.1/../../../../arm-none-eabi/lib/thumb/v7e-m+fp/hard\libm.a(lib_a-k_rem_pio2.o)
                0x0000000008008ac0                __kernel_rem_pio2
 *fill*         0x000000000800915c        0x4 
 .text.__kernel_sin
                0x0000000008009160      0x17c c:/st/stm32cubeide_1.9.0/stm32cubeide/plugins/com.st.stm32cube.ide.mcu.externaltools.gnu-tools-for-stm32.10.3-2021.10.win32_1.0.0.202111181127/tools/bin/../lib/gcc/arm-none-eabi/10.3.1/../../../../arm-none-eabi/lib/thumb/v7e-m+fp/hard\libm.a(lib_a-k_sin.o)
                0x0000000008009160                __kernel_sin
 .text.with_errno
                0x00000000080092dc       0x14 c:/st/stm32cubeide_1.9.0/stm32cubeide/plugins/com.st.stm32cube.ide.mcu.externaltools.gnu-tools-for-stm32.10.3-2021.10.win32_1.0.0.202111181127/tools/bin/../lib/gcc/arm-none-eabi/10.3.1/../../../../arm-none-eabi/lib/thumb/v7e-m+fp/hard\libm.a(lib_a-math_err.o)
 .text.xflow    0x00000000080092f0       0x28 c:/st/stm32cubeide_1.9.0/stm32cubeide/plugins/com.st.stm32cube.ide.mcu.externaltools.gnu-tools-for-stm32.10.3-2021.10.win32_1.0.0.202111181127/tools/bin/../lib/gcc/arm-none-eabi/10.3.1/../../../../arm-none-eabi/lib/thumb/v7e-m+fp/hard\libm.a(lib_a-math_err.o)
 .text.__math_uflow
                0x0000000008009318       0x12 c:/st/stm32cubeide_1.9.0/stm32cubeide/plugins/com.st.stm32cube.ide.mcu.externaltools.gnu-tools-for-stm32.10.3-2021.10.win32_1.0.0.202111181127/tools/bin/../lib/gcc/arm-none-eabi/10.3.1/../../../../arm-none-eabi/lib/thumb/v7e-m+fp/hard\libm.a(lib_a-math_err.o)
                0x0000000008009318                __math_uflow
 .text.__math_oflow
                0x000000000800932a       0x12 c:/st/stm32cubeide_1.9.0/stm32cubeide/plugins/com.st.stm32cube.ide.mcu.externaltools.gnu-tools-for-stm32.10.3-2021.10.win32_1.0.0.202111181127/tools/bin/../lib/gcc/arm-none-eabi/10.3.1/../../../../arm-none-eabi/lib/thumb/v7e-m+fp/hard\libm.a(lib_a-math_err.o)
                0x000000000800932a                __math_oflow
 *fill*         0x000000000800933c        0x4 
 .text.atan     0x0000000008009340      0x340 c:/st/stm32cubeide_1.9.0/stm32cubeide/plugins/com.st.stm32cube.ide.mcu.externaltools.gnu-tools-for-stm32.10.3-2021.10.win32_1.0.0.202111181127/tools/bin/../lib/gcc/arm-none-eabi/10.3.1/../../../../arm-none-eabi/lib/thumb/v7e-m+fp/hard\libm.a(lib_a-s_atan.o)
                0x0000000008009340                atan
 .text.fabs     0x0000000008009680       0x12 c:/st/stm32cubeide_1.9.0/stm32cubeide/plugins/com.st.stm32cube.ide.mcu.externaltools.gnu-tools-for-stm32.10.3-2021.10.win32_1.0.0.202111181127/tools/bin/../lib/gcc/arm-none-eabi/10.3.1/../../../../arm-none-eabi/lib/thumb/v7e-m+fp/hard\libm.a(lib_a-s_fabs.o)
                0x0000000008009680                fabs
 .text.finite   0x0000000008009692       0x16 c:/st/stm32cubeide_1.9.0/stm32cubeide/plugins/com.st.stm32cube.ide.mcu.externaltools.gnu-tools-for-stm32.10.3-2021.10.win32_1.0.0.202111181127/tools/bin/../lib/gcc/arm-none-eabi/10.3.1/../../../../arm-none-eabi/lib/thumb/v7e-m+fp/hard\libm.a(lib_a-s_finite.o)
                0x0000000008009692                finite
 .text.floor    0x00000000080096a8      0x100 c:/st/stm32cubeide_1.9.0/stm32cubeide/plugins/com.st.stm32cube.ide.mcu.externaltools.gnu-tools-for-stm32.10.3-2021.10.win32_1.0.0.202111181127/tools/bin/../lib/gcc/arm-none-eabi/10.3.1/../../../../arm-none-eabi/lib/thumb/v7e-m+fp/hard\libm.a(lib_a-s_floor.o)
                0x00000000080096a8                floor
 .text.scalbn   0x00000000080097a8      0x10c c:/st/stm32cubeide_1.9.0/stm32cubeide/plugins/com.st.stm32cube.ide.mcu.externaltools.gnu-tools-for-stm32.10.3-2021.10.win32_1.0.0.202111181127/tools/bin/../lib/gcc/arm-none-eabi/10.3.1/../../../../arm-none-eabi/lib/thumb/v7e-m+fp/hard\libm.a(lib_a-s_scalbn.o)
                0x00000000080097a8                scalbn
 *(.glue_7)
 .glue_7        0x00000000080098b4        0x0 linker stubs
 *(.glue_7t)
 .glue_7t       0x00000000080098b4        0x0 linker stubs
 *(.eh_frame)
 .eh_frame      0x00000000080098b4        0x0 c:/st/stm32cubeide_1.9.0/stm32cubeide/plugins/com.st.stm32cube.ide.mcu.externaltools.gnu-tools-for-stm32.10.3-2021.10.win32_1.0.0.202111181127/tools/bin/../lib/gcc/arm-none-eabi/10.3.1/thumb/v7e-m+fp/hard/crtbegin.o
 *(.init)
 .init          0x00000000080098b4        0x4 c:/st/stm32cubeide_1.9.0/stm32cubeide/plugins/com.st.stm32cube.ide.mcu.externaltools.gnu-tools-for-stm32.10.3-2021.10.win32_1.0.0.202111181127/tools/bin/../lib/gcc/arm-none-eabi/10.3.1/thumb/v7e-m+fp/hard/crti.o
                0x00000000080098b4                _init
 .init          0x00000000080098b8        0x8 c:/st/stm32cubeide_1.9.0/stm32cubeide/plugins/com.st.stm32cube.ide.mcu.externaltools.gnu-tools-for-stm32.10.3-2021.10.win32_1.0.0.202111181127/tools/bin/../lib/gcc/arm-none-eabi/10.3.1/thumb/v7e-m+fp/hard/crtn.o
 *(.fini)
 .fini          0x00000000080098c0        0x4 c:/st/stm32cubeide_1.9.0/stm32cubeide/plugins/com.st.stm32cube.ide.mcu.externaltools.gnu-tools-for-stm32.10.3-2021.10.win32_1.0.0.202111181127/tools/bin/../lib/gcc/arm-none-eabi/10.3.1/thumb/v7e-m+fp/hard/crti.o
                0x00000000080098c0                _fini
 .fini          0x00000000080098c4        0x8 c:/st/stm32cubeide_1.9.0/stm32cubeide/plugins/com.st.stm32cube.ide.mcu.externaltools.gnu-tools-for-stm32.10.3-2021.10.win32_1.0.0.202111181127/tools/bin/../lib/gcc/arm-none-eabi/10.3.1/thumb/v7e-m+fp/hard/crtn.o
                0x00000000080098cc                . = ALIGN (0x4)
                0x00000000080098cc                _etext = .

.vfp11_veneer   0x00000000080098cc        0x0
 .vfp11_veneer  0x00000000080098cc        0x0 linker stubs

.v4_bx          0x00000000080098cc        0x0
 .v4_bx         0x00000000080098cc        0x0 linker stubs

.iplt           0x00000000080098cc        0x0
 .iplt          0x00000000080098cc        0x0 c:/st/stm32cubeide_1.9.0/stm32cubeide/plugins/com.st.stm32cube.ide.mcu.externaltools.gnu-tools-for-stm32.10.3-2021.10.win32_1.0.0.202111181127/tools/bin/../lib/gcc/arm-none-eabi/10.3.1/thumb/v7e-m+fp/hard/crtbegin.o

.rodata         0x00000000080098d0      0xa48
                0x00000000080098d0                . = ALIGN (0x4)
 *(.rodata)
 .rodata        0x00000000080098d0       0x4a ./Core/Src/main.o
 *(.rodata*)
 *fill*         0x000000000800991a        0x2 
 .rodata.Font7x10
                0x000000000800991c      0x76c ./Core/Src/fonts.o
                0x000000000800991c                Font7x10
 .rodata.AHBPrescTable
                0x000000000800a088       0x10 ./Core/Src/system_stm32f4xx.o
                0x000000000800a088                AHBPrescTable
 .rodata.APBPrescTable
                0x000000000800a098        0x8 ./Core/Src/system_stm32f4xx.o
                0x000000000800a098                APBPrescTable
 .rodata.CSWTCH.8
                0x000000000800a0a0       0x18 c:/st/stm32cubeide_1.9.0/stm32cubeide/plugins/com.st.stm32cube.ide.mcu.externaltools.gnu-tools-for-stm32.10.3-2021.10.win32_1.0.0.202111181127/tools/bin/../lib/gcc/arm-none-eabi/10.3.1/../../../../arm-none-eabi/lib/thumb/v7e-m+fp/hard\libm.a(lib_a-e_atan2.o)
 .rodata.CSWTCH.9
                0x000000000800a0b8       0x18 c:/st/stm32cubeide_1.9.0/stm32cubeide/plugins/com.st.stm32cube.ide.mcu.externaltools.gnu-tools-for-stm32.10.3-2021.10.win32_1.0.0.202111181127/tools/bin/../lib/gcc/arm-none-eabi/10.3.1/../../../../arm-none-eabi/lib/thumb/v7e-m+fp/hard\libm.a(lib_a-e_atan2.o)
 .rodata.bp     0x000000000800a0d0       0x10 c:/st/stm32cubeide_1.9.0/stm32cubeide/plugins/com.st.stm32cube.ide.mcu.externaltools.gnu-tools-for-stm32.10.3-2021.10.win32_1.0.0.202111181127/tools/bin/../lib/gcc/arm-none-eabi/10.3.1/../../../../arm-none-eabi/lib/thumb/v7e-m+fp/hard\libm.a(lib_a-e_pow.o)
 .rodata.dp_h   0x000000000800a0e0       0x10 c:/st/stm32cubeide_1.9.0/stm32cubeide/plugins/com.st.stm32cube.ide.mcu.externaltools.gnu-tools-for-stm32.10.3-2021.10.win32_1.0.0.202111181127/tools/bin/../lib/gcc/arm-none-eabi/10.3.1/../../../../arm-none-eabi/lib/thumb/v7e-m+fp/hard\libm.a(lib_a-e_pow.o)
 .rodata.dp_l   0x000000000800a0f0       0x10 c:/st/stm32cubeide_1.9.0/stm32cubeide/plugins/com.st.stm32cube.ide.mcu.externaltools.gnu-tools-for-stm32.10.3-2021.10.win32_1.0.0.202111181127/tools/bin/../lib/gcc/arm-none-eabi/10.3.1/../../../../arm-none-eabi/lib/thumb/v7e-m+fp/hard\libm.a(lib_a-e_pow.o)
 .rodata.npio2_hw
                0x000000000800a100       0x80 c:/st/stm32cubeide_1.9.0/stm32cubeide/plugins/com.st.stm32cube.ide.mcu.externaltools.gnu-tools-for-stm32.10.3-2021.10.win32_1.0.0.202111181127/tools/bin/../lib/gcc/arm-none-eabi/10.3.1/../../../../arm-none-eabi/lib/thumb/v7e-m+fp/hard\libm.a(lib_a-e_rem_pio2.o)
 .rodata.two_over_pi
                0x000000000800a180      0x108 c:/st/stm32cubeide_1.9.0/stm32cubeide/plugins/com.st.stm32cube.ide.mcu.externaltools.gnu-tools-for-stm32.10.3-2021.10.win32_1.0.0.202111181127/tools/bin/../lib/gcc/arm-none-eabi/10.3.1/../../../../arm-none-eabi/lib/thumb/v7e-m+fp/hard\libm.a(lib_a-e_rem_pio2.o)
 .rodata.PIo2   0x000000000800a288       0x40 c:/st/stm32cubeide_1.9.0/stm32cubeide/plugins/com.st.stm32cube.ide.mcu.externaltools.gnu-tools-for-stm32.10.3-2021.10.win32_1.0.0.202111181127/tools/bin/../lib/gcc/arm-none-eabi/10.3.1/../../../../arm-none-eabi/lib/thumb/v7e-m+fp/hard\libm.a(lib_a-k_rem_pio2.o)
 .rodata.init_jk
                0x000000000800a2c8       0x10 c:/st/stm32cubeide_1.9.0/stm32cubeide/plugins/com.st.stm32cube.ide.mcu.externaltools.gnu-tools-for-stm32.10.3-2021.10.win32_1.0.0.202111181127/tools/bin/../lib/gcc/arm-none-eabi/10.3.1/../../../../arm-none-eabi/lib/thumb/v7e-m+fp/hard\libm.a(lib_a-k_rem_pio2.o)
 .rodata.atanhi
                0x000000000800a2d8       0x20 c:/st/stm32cubeide_1.9.0/stm32cubeide/plugins/com.st.stm32cube.ide.mcu.externaltools.gnu-tools-for-stm32.10.3-2021.10.win32_1.0.0.202111181127/tools/bin/../lib/gcc/arm-none-eabi/10.3.1/../../../../arm-none-eabi/lib/thumb/v7e-m+fp/hard\libm.a(lib_a-s_atan.o)
 .rodata.atanlo
                0x000000000800a2f8       0x20 c:/st/stm32cubeide_1.9.0/stm32cubeide/plugins/com.st.stm32cube.ide.mcu.externaltools.gnu-tools-for-stm32.10.3-2021.10.win32_1.0.0.202111181127/tools/bin/../lib/gcc/arm-none-eabi/10.3.1/../../../../arm-none-eabi/lib/thumb/v7e-m+fp/hard\libm.a(lib_a-s_atan.o)
                0x000000000800a318                . = ALIGN (0x4)

.ARM.extab      0x000000000800a318        0x0
                0x000000000800a318                . = ALIGN (0x4)
 *(.ARM.extab* .gnu.linkonce.armextab.*)
                0x000000000800a318                . = ALIGN (0x4)

.ARM            0x000000000800a318        0x8
                0x000000000800a318                . = ALIGN (0x4)
                0x000000000800a318                __exidx_start = .
 *(.ARM.exidx*)
 .ARM.exidx     0x000000000800a318        0x8 c:/st/stm32cubeide_1.9.0/stm32cubeide/plugins/com.st.stm32cube.ide.mcu.externaltools.gnu-tools-for-stm32.10.3-2021.10.win32_1.0.0.202111181127/tools/bin/../lib/gcc/arm-none-eabi/10.3.1/thumb/v7e-m+fp/hard\libgcc.a(_udivmoddi4.o)
                0x000000000800a320                __exidx_end = .
                0x000000000800a320                . = ALIGN (0x4)

.rel.dyn        0x000000000800a320        0x0
 .rel.iplt      0x000000000800a320        0x0 c:/st/stm32cubeide_1.9.0/stm32cubeide/plugins/com.st.stm32cube.ide.mcu.externaltools.gnu-tools-for-stm32.10.3-2021.10.win32_1.0.0.202111181127/tools/bin/../lib/gcc/arm-none-eabi/10.3.1/thumb/v7e-m+fp/hard/crtbegin.o

.preinit_array  0x000000000800a320        0x0
                0x000000000800a320                . = ALIGN (0x4)
                0x000000000800a320                PROVIDE (__preinit_array_start = .)
 *(.preinit_array*)
                0x000000000800a320                PROVIDE (__preinit_array_end = .)
                0x000000000800a320                . = ALIGN (0x4)

.init_array     0x000000000800a320        0x4
                0x000000000800a320                . = ALIGN (0x4)
                0x000000000800a320                PROVIDE (__init_array_start = .)
 *(SORT_BY_NAME(.init_array.*))
 *(.init_array*)
 .init_array    0x000000000800a320        0x4 c:/st/stm32cubeide_1.9.0/stm32cubeide/plugins/com.st.stm32cube.ide.mcu.externaltools.gnu-tools-for-stm32.10.3-2021.10.win32_1.0.0.202111181127/tools/bin/../lib/gcc/arm-none-eabi/10.3.1/thumb/v7e-m+fp/hard/crtbegin.o
                0x000000000800a324                PROVIDE (__init_array_end = .)
                0x000000000800a324                . = ALIGN (0x4)

.fini_array     0x000000000800a324        0x4
                0x000000000800a324                . = ALIGN (0x4)
                [!provide]                        PROVIDE (__fini_array_start = .)
 *(SORT_BY_NAME(.fini_array.*))
 *(.fini_array*)
 .fini_array    0x000000000800a324        0x4 c:/st/stm32cubeide_1.9.0/stm32cubeide/plugins/com.st.stm32cube.ide.mcu.externaltools.gnu-tools-for-stm32.10.3-2021.10.win32_1.0.0.202111181127/tools/bin/../lib/gcc/arm-none-eabi/10.3.1/thumb/v7e-m+fp/hard/crtbegin.o
                [!provide]                        PROVIDE (__fini_array_end = .)
                0x000000000800a328                . = ALIGN (0x4)
                0x000000000800a328                _sidata = LOADADDR (.data)

.data           0x0000000020000000       0x84 load address 0x000000000800a328
                0x0000000020000000                . = ALIGN (0x4)
                0x0000000020000000                _sdata = .
 *(.data)
 *(.data*)
 .data.Font_7x10
                0x0000000020000000        0x8 ./Core/Src/fonts.o
                0x0000000020000000                Font_7x10
 .data.v        0x0000000020000008        0x4 ./Core/Src/main.o
                0x0000000020000008                v
 .data.GY_A5    0x000000002000000c        0x1 ./Core/Src/main.o
                0x000000002000000c                GY_A5
 *fill*         0x000000002000000d        0x3 
 .data.GY_51    0x0000000020000010        0x1 ./Core/Src/main.o
                0x0000000020000010                GY_51
 .data.look_dir
                0x0000000020000011        0x1 ./Core/Src/main.o
                0x0000000020000011                look_dir
 *fill*         0x0000000020000012        0x2 
 .data.SystemCoreClock
                0x0000000020000014        0x4 ./Core/Src/system_stm32f4xx.o
                0x0000000020000014                SystemCoreClock
 .data.uwTickPrio
                0x0000000020000018        0x4 ./Drivers/STM32F4xx_HAL_Driver/Src/stm32f4xx_hal.o
                0x0000000020000018                uwTickPrio
 .data.uwTickFreq
                0x000000002000001c        0x1 ./Drivers/STM32F4xx_HAL_Driver/Src/stm32f4xx_hal.o
                0x000000002000001c                uwTickFreq
 *fill*         0x000000002000001d        0x3 
 .data._impure_ptr
                0x0000000020000020        0x4 c:/st/stm32cubeide_1.9.0/stm32cubeide/plugins/com.st.stm32cube.ide.mcu.externaltools.gnu-tools-for-stm32.10.3-2021.10.win32_1.0.0.202111181127/tools/bin/../lib/gcc/arm-none-eabi/10.3.1/../../../../arm-none-eabi/lib/thumb/v7e-m+fp/hard\libc_nano.a(lib_a-impure.o)
                0x0000000020000020                _impure_ptr
 .data.impure_data
                0x0000000020000024       0x60 c:/st/stm32cubeide_1.9.0/stm32cubeide/plugins/com.st.stm32cube.ide.mcu.externaltools.gnu-tools-for-stm32.10.3-2021.10.win32_1.0.0.202111181127/tools/bin/../lib/gcc/arm-none-eabi/10.3.1/../../../../arm-none-eabi/lib/thumb/v7e-m+fp/hard\libc_nano.a(lib_a-impure.o)
 *(.RamFunc)
 *(.RamFunc*)
                0x0000000020000084                . = ALIGN (0x4)
                0x0000000020000084                _edata = .
                0x000000000800a3ac                _siccmram = LOADADDR (.ccmram)

.igot.plt       0x0000000020000084        0x0 load address 0x000000000800a3ac
 .igot.plt      0x0000000020000084        0x0 c:/st/stm32cubeide_1.9.0/stm32cubeide/plugins/com.st.stm32cube.ide.mcu.externaltools.gnu-tools-for-stm32.10.3-2021.10.win32_1.0.0.202111181127/tools/bin/../lib/gcc/arm-none-eabi/10.3.1/thumb/v7e-m+fp/hard/crtbegin.o

.ccmram         0x0000000010000000        0x0 load address 0x000000000800a3ac
                0x0000000010000000                . = ALIGN (0x4)
                0x0000000010000000                _sccmram = .
 *(.ccmram)
 *(.ccmram*)
                0x0000000010000000                . = ALIGN (0x4)
                0x0000000010000000                _eccmram = .
                0x0000000010000000                . = ALIGN (0x4)

.bss            0x0000000020000084      0x6c4
                0x0000000020000084                _sbss = .
                0x0000000020000084                __bss_start__ = _sbss
 *(.bss)
 .bss           0x0000000020000084       0x1c c:/st/stm32cubeide_1.9.0/stm32cubeide/plugins/com.st.stm32cube.ide.mcu.externaltools.gnu-tools-for-stm32.10.3-2021.10.win32_1.0.0.202111181127/tools/bin/../lib/gcc/arm-none-eabi/10.3.1/thumb/v7e-m+fp/hard/crtbegin.o
 *(.bss*)
 .bss.hadc1     0x00000000200000a0       0x48 ./Core/Src/main.o
                0x00000000200000a0                hadc1
 .bss.hi2c1     0x00000000200000e8       0x54 ./Core/Src/main.o
                0x00000000200000e8                hi2c1
 .bss.hi2c2     0x000000002000013c       0x54 ./Core/Src/main.o
                0x000000002000013c                hi2c2
 .bss.htim1     0x0000000020000190       0x48 ./Core/Src/main.o
                0x0000000020000190                htim1
 .bss.huart2    0x00000000200001d8       0x44 ./Core/Src/main.o
                0x00000000200001d8                huart2
 .bss.i2c_rx_data
                0x000000002000021c       0x40 ./Core/Src/main.o
                0x000000002000021c                i2c_rx_data
 .bss.x_robot   0x000000002000025c        0x4 ./Core/Src/main.o
                0x000000002000025c                x_robot
 .bss.y_robot   0x0000000020000260        0x4 ./Core/Src/main.o
                0x0000000020000260                y_robot
 .bss.checksum  0x0000000020000264        0x2 ./Core/Src/main.o
                0x0000000020000264                checksum
 .bss.signature
                0x0000000020000266        0x2 ./Core/Src/main.o
                0x0000000020000266                signature
 .bss.x_ball    0x0000000020000268        0x2 ./Core/Src/main.o
                0x0000000020000268                x_ball
 .bss.y_ball    0x000000002000026a        0x2 ./Core/Src/main.o
                0x000000002000026a                y_ball
 .bss.w_goal    0x000000002000026c        0x2 ./Core/Src/main.o
                0x000000002000026c                w_goal
 .bss.h_goal    0x000000002000026e        0x2 ./Core/Src/main.o
                0x000000002000026e                h_goal
 .bss.x_goal    0x0000000020000270        0x2 ./Core/Src/main.o
                0x0000000020000270                x_goal
 .bss.y_goal    0x0000000020000272        0x2 ./Core/Src/main.o
                0x0000000020000272                y_goal
 .bss.ball_angle
                0x0000000020000274        0x4 ./Core/Src/main.o
                0x0000000020000274                ball_angle
 .bss.ball_dist
                0x0000000020000278        0x4 ./Core/Src/main.o
                0x0000000020000278                ball_dist
 .bss.is_ball   0x000000002000027c        0x4 ./Core/Src/main.o
                0x000000002000027c                is_ball
 .bss.goal_angle
                0x0000000020000280        0x4 ./Core/Src/main.o
                0x0000000020000280                goal_angle
 .bss.goal_dist
                0x0000000020000284        0x4 ./Core/Src/main.o
                0x0000000020000284                goal_dist
 .bss.is_goal   0x0000000020000288        0x4 ./Core/Src/main.o
                0x0000000020000288                is_goal
 .bss.Rx2_Buff  0x000000002000028c        0x8 ./Core/Src/main.o
                0x000000002000028c                Rx2_Buff
 .bss.Pitch     0x0000000020000294        0x2 ./Core/Src/main.o
                0x0000000020000294                Pitch
 .bss.Roll      0x0000000020000296        0x2 ./Core/Src/main.o
                0x0000000020000296                Roll
 .bss.Heading   0x0000000020000298        0x2 ./Core/Src/main.o
                0x0000000020000298                Heading
 .bss.rotation_fix
                0x000000002000029a        0x2 ./Core/Src/main.o
                0x000000002000029a                rotation_fix
 .bss.kaf       0x000000002000029c       0x40 ./Core/Src/main.o
                0x000000002000029c                kaf
 .bss.kaf_set   0x00000000200002dc       0x40 ./Core/Src/main.o
                0x00000000200002dc                kaf_set
 .bss.arrived_to_goal
                0x000000002000031c        0x4 ./Core/Src/main.o
                0x000000002000031c                arrived_to_goal
 .bss.ball_in_kicker
                0x0000000020000320        0x4 ./Core/Src/main.o
                0x0000000020000320                ball_in_kicker
 .bss.already_shooted
                0x0000000020000324        0x4 ./Core/Src/main.o
                0x0000000020000324                already_shooted
 .bss.shoot_cnt
                0x0000000020000328        0x4 ./Core/Src/main.o
                0x0000000020000328                shoot_cnt
 .bss.mf_cnt    0x000000002000032c        0x4 ./Core/Src/main.o
                0x000000002000032c                mf_cnt
 .bss.stop_before_shoot_cnt
                0x0000000020000330        0x4 ./Core/Src/main.o
                0x0000000020000330                stop_before_shoot_cnt
 .bss.out_cnt   0x0000000020000334        0x4 ./Core/Src/main.o
                0x0000000020000334                out_cnt
 .bss.robotID   0x0000000020000338        0x4 ./Core/Src/main.o
                0x0000000020000338                robotID
 .bss.SSD1306_Buffer
                0x000000002000033c      0x400 ./Core/Src/ssd1306.o
 .bss.SSD1306   0x000000002000073c        0x6 ./Core/Src/ssd1306.o
 *fill*         0x0000000020000742        0x2 
 .bss.uwTick    0x0000000020000744        0x4 ./Drivers/STM32F4xx_HAL_Driver/Src/stm32f4xx_hal.o
                0x0000000020000744                uwTick
 *(COMMON)
                0x0000000020000748                . = ALIGN (0x4)
                0x0000000020000748                _ebss = .
                0x0000000020000748                __bss_end__ = _ebss

._user_heap_stack
                0x0000000020000748      0x600
                0x0000000020000748                . = ALIGN (0x8)
                [!provide]                        PROVIDE (end = .)
                0x0000000020000748                PROVIDE (_end = .)
                0x0000000020000948                . = (. + _Min_Heap_Size)
 *fill*         0x0000000020000748      0x200 
                0x0000000020000d48                . = (. + _Min_Stack_Size)
 *fill*         0x0000000020000948      0x400 
                0x0000000020000d48                . = ALIGN (0x8)

/DISCARD/
 libc.a(*)
 libm.a(*)
 libgcc.a(*)

.ARM.attributes
                0x0000000000000000       0x30
 *(.ARM.attributes)
 .ARM.attributes
                0x0000000000000000       0x1e c:/st/stm32cubeide_1.9.0/stm32cubeide/plugins/com.st.stm32cube.ide.mcu.externaltools.gnu-tools-for-stm32.10.3-2021.10.win32_1.0.0.202111181127/tools/bin/../lib/gcc/arm-none-eabi/10.3.1/thumb/v7e-m+fp/hard/crti.o
 .ARM.attributes
                0x000000000000001e       0x34 c:/st/stm32cubeide_1.9.0/stm32cubeide/plugins/com.st.stm32cube.ide.mcu.externaltools.gnu-tools-for-stm32.10.3-2021.10.win32_1.0.0.202111181127/tools/bin/../lib/gcc/arm-none-eabi/10.3.1/thumb/v7e-m+fp/hard/crtbegin.o
 .ARM.attributes
                0x0000000000000052       0x34 ./Core/Src/fonts.o
 .ARM.attributes
                0x0000000000000086       0x34 ./Core/Src/main.o
 .ARM.attributes
                0x00000000000000ba       0x34 ./Core/Src/ssd1306.o
 .ARM.attributes
                0x00000000000000ee       0x34 ./Core/Src/stm32f4xx_hal_msp.o
 .ARM.attributes
                0x0000000000000122       0x34 ./Core/Src/stm32f4xx_it.o
 .ARM.attributes
                0x0000000000000156       0x34 ./Core/Src/system_stm32f4xx.o
 .ARM.attributes
                0x000000000000018a       0x21 ./Core/Startup/startup_stm32f407vgtx.o
 .ARM.attributes
                0x00000000000001ab       0x34 ./Drivers/STM32F4xx_HAL_Driver/Src/stm32f4xx_hal.o
 .ARM.attributes
                0x00000000000001df       0x34 ./Drivers/STM32F4xx_HAL_Driver/Src/stm32f4xx_hal_adc.o
 .ARM.attributes
                0x0000000000000213       0x34 ./Drivers/STM32F4xx_HAL_Driver/Src/stm32f4xx_hal_cortex.o
 .ARM.attributes
                0x0000000000000247       0x34 ./Drivers/STM32F4xx_HAL_Driver/Src/stm32f4xx_hal_gpio.o
 .ARM.attributes
                0x000000000000027b       0x34 ./Drivers/STM32F4xx_HAL_Driver/Src/stm32f4xx_hal_i2c.o
 .ARM.attributes
                0x00000000000002af       0x34 ./Drivers/STM32F4xx_HAL_Driver/Src/stm32f4xx_hal_rcc.o
 .ARM.attributes
                0x00000000000002e3       0x34 ./Drivers/STM32F4xx_HAL_Driver/Src/stm32f4xx_hal_tim.o
 .ARM.attributes
                0x0000000000000317       0x34 ./Drivers/STM32F4xx_HAL_Driver/Src/stm32f4xx_hal_tim_ex.o
 .ARM.attributes
                0x000000000000034b       0x34 ./Drivers/STM32F4xx_HAL_Driver/Src/stm32f4xx_hal_uart.o
 .ARM.attributes
                0x000000000000037f       0x34 c:/st/stm32cubeide_1.9.0/stm32cubeide/plugins/com.st.stm32cube.ide.mcu.externaltools.gnu-tools-for-stm32.10.3-2021.10.win32_1.0.0.202111181127/tools/bin/../lib/gcc/arm-none-eabi/10.3.1/../../../../arm-none-eabi/lib/thumb/v7e-m+fp/hard\libc_nano.a(lib_a-errno.o)
 .ARM.attributes
                0x00000000000003b3       0x34 c:/st/stm32cubeide_1.9.0/stm32cubeide/plugins/com.st.stm32cube.ide.mcu.externaltools.gnu-tools-for-stm32.10.3-2021.10.win32_1.0.0.202111181127/tools/bin/../lib/gcc/arm-none-eabi/10.3.1/../../../../arm-none-eabi/lib/thumb/v7e-m+fp/hard\libc_nano.a(lib_a-impure.o)
 .ARM.attributes
                0x00000000000003e7       0x34 c:/st/stm32cubeide_1.9.0/stm32cubeide/plugins/com.st.stm32cube.ide.mcu.externaltools.gnu-tools-for-stm32.10.3-2021.10.win32_1.0.0.202111181127/tools/bin/../lib/gcc/arm-none-eabi/10.3.1/../../../../arm-none-eabi/lib/thumb/v7e-m+fp/hard\libc_nano.a(lib_a-init.o)
 .ARM.attributes
                0x000000000000041b       0x34 c:/st/stm32cubeide_1.9.0/stm32cubeide/plugins/com.st.stm32cube.ide.mcu.externaltools.gnu-tools-for-stm32.10.3-2021.10.win32_1.0.0.202111181127/tools/bin/../lib/gcc/arm-none-eabi/10.3.1/../../../../arm-none-eabi/lib/thumb/v7e-m+fp/hard\libc_nano.a(lib_a-memset.o)
 .ARM.attributes
                0x000000000000044f       0x34 c:/st/stm32cubeide_1.9.0/stm32cubeide/plugins/com.st.stm32cube.ide.mcu.externaltools.gnu-tools-for-stm32.10.3-2021.10.win32_1.0.0.202111181127/tools/bin/../lib/gcc/arm-none-eabi/10.3.1/../../../../arm-none-eabi/lib/thumb/v7e-m+fp/hard\libm.a(lib_a-s_cos.o)
 .ARM.attributes
                0x0000000000000483       0x34 c:/st/stm32cubeide_1.9.0/stm32cubeide/plugins/com.st.stm32cube.ide.mcu.externaltools.gnu-tools-for-stm32.10.3-2021.10.win32_1.0.0.202111181127/tools/bin/../lib/gcc/arm-none-eabi/10.3.1/../../../../arm-none-eabi/lib/thumb/v7e-m+fp/hard\libm.a(lib_a-s_sin.o)
 .ARM.attributes
                0x00000000000004b7       0x34 c:/st/stm32cubeide_1.9.0/stm32cubeide/plugins/com.st.stm32cube.ide.mcu.externaltools.gnu-tools-for-stm32.10.3-2021.10.win32_1.0.0.202111181127/tools/bin/../lib/gcc/arm-none-eabi/10.3.1/../../../../arm-none-eabi/lib/thumb/v7e-m+fp/hard\libm.a(lib_a-w_atan2.o)
 .ARM.attributes
                0x00000000000004eb       0x34 c:/st/stm32cubeide_1.9.0/stm32cubeide/plugins/com.st.stm32cube.ide.mcu.externaltools.gnu-tools-for-stm32.10.3-2021.10.win32_1.0.0.202111181127/tools/bin/../lib/gcc/arm-none-eabi/10.3.1/../../../../arm-none-eabi/lib/thumb/v7e-m+fp/hard\libm.a(lib_a-w_pow.o)
 .ARM.attributes
                0x000000000000051f       0x34 c:/st/stm32cubeide_1.9.0/stm32cubeide/plugins/com.st.stm32cube.ide.mcu.externaltools.gnu-tools-for-stm32.10.3-2021.10.win32_1.0.0.202111181127/tools/bin/../lib/gcc/arm-none-eabi/10.3.1/../../../../arm-none-eabi/lib/thumb/v7e-m+fp/hard\libm.a(lib_a-w_sqrt.o)
 .ARM.attributes
                0x0000000000000553       0x34 c:/st/stm32cubeide_1.9.0/stm32cubeide/plugins/com.st.stm32cube.ide.mcu.externaltools.gnu-tools-for-stm32.10.3-2021.10.win32_1.0.0.202111181127/tools/bin/../lib/gcc/arm-none-eabi/10.3.1/../../../../arm-none-eabi/lib/thumb/v7e-m+fp/hard\libm.a(lib_a-e_atan2.o)
 .ARM.attributes
                0x0000000000000587       0x34 c:/st/stm32cubeide_1.9.0/stm32cubeide/plugins/com.st.stm32cube.ide.mcu.externaltools.gnu-tools-for-stm32.10.3-2021.10.win32_1.0.0.202111181127/tools/bin/../lib/gcc/arm-none-eabi/10.3.1/../../../../arm-none-eabi/lib/thumb/v7e-m+fp/hard\libm.a(lib_a-e_pow.o)
 .ARM.attributes
                0x00000000000005bb       0x34 c:/st/stm32cubeide_1.9.0/stm32cubeide/plugins/com.st.stm32cube.ide.mcu.externaltools.gnu-tools-for-stm32.10.3-2021.10.win32_1.0.0.202111181127/tools/bin/../lib/gcc/arm-none-eabi/10.3.1/../../../../arm-none-eabi/lib/thumb/v7e-m+fp/hard\libm.a(lib_a-e_rem_pio2.o)
 .ARM.attributes
                0x00000000000005ef       0x34 c:/st/stm32cubeide_1.9.0/stm32cubeide/plugins/com.st.stm32cube.ide.mcu.externaltools.gnu-tools-for-stm32.10.3-2021.10.win32_1.0.0.202111181127/tools/bin/../lib/gcc/arm-none-eabi/10.3.1/../../../../arm-none-eabi/lib/thumb/v7e-m+fp/hard\libm.a(lib_a-e_sqrt.o)
 .ARM.attributes
                0x0000000000000623       0x34 c:/st/stm32cubeide_1.9.0/stm32cubeide/plugins/com.st.stm32cube.ide.mcu.externaltools.gnu-tools-for-stm32.10.3-2021.10.win32_1.0.0.202111181127/tools/bin/../lib/gcc/arm-none-eabi/10.3.1/../../../../arm-none-eabi/lib/thumb/v7e-m+fp/hard\libm.a(lib_a-k_cos.o)
 .ARM.attributes
                0x0000000000000657       0x34 c:/st/stm32cubeide_1.9.0/stm32cubeide/plugins/com.st.stm32cube.ide.mcu.externaltools.gnu-tools-for-stm32.10.3-2021.10.win32_1.0.0.202111181127/tools/bin/../lib/gcc/arm-none-eabi/10.3.1/../../../../arm-none-eabi/lib/thumb/v7e-m+fp/hard\libm.a(lib_a-k_rem_pio2.o)
 .ARM.attributes
                0x000000000000068b       0x34 c:/st/stm32cubeide_1.9.0/stm32cubeide/plugins/com.st.stm32cube.ide.mcu.externaltools.gnu-tools-for-stm32.10.3-2021.10.win32_1.0.0.202111181127/tools/bin/../lib/gcc/arm-none-eabi/10.3.1/../../../../arm-none-eabi/lib/thumb/v7e-m+fp/hard\libm.a(lib_a-k_sin.o)
 .ARM.attributes
                0x00000000000006bf       0x34 c:/st/stm32cubeide_1.9.0/stm32cubeide/plugins/com.st.stm32cube.ide.mcu.externaltools.gnu-tools-for-stm32.10.3-2021.10.win32_1.0.0.202111181127/tools/bin/../lib/gcc/arm-none-eabi/10.3.1/../../../../arm-none-eabi/lib/thumb/v7e-m+fp/hard\libm.a(lib_a-math_err.o)
 .ARM.attributes
                0x00000000000006f3       0x34 c:/st/stm32cubeide_1.9.0/stm32cubeide/plugins/com.st.stm32cube.ide.mcu.externaltools.gnu-tools-for-stm32.10.3-2021.10.win32_1.0.0.202111181127/tools/bin/../lib/gcc/arm-none-eabi/10.3.1/../../../../arm-none-eabi/lib/thumb/v7e-m+fp/hard\libm.a(lib_a-s_atan.o)
 .ARM.attributes
                0x0000000000000727       0x34 c:/st/stm32cubeide_1.9.0/stm32cubeide/plugins/com.st.stm32cube.ide.mcu.externaltools.gnu-tools-for-stm32.10.3-2021.10.win32_1.0.0.202111181127/tools/bin/../lib/gcc/arm-none-eabi/10.3.1/../../../../arm-none-eabi/lib/thumb/v7e-m+fp/hard\libm.a(lib_a-s_fabs.o)
 .ARM.attributes
                0x000000000000075b       0x34 c:/st/stm32cubeide_1.9.0/stm32cubeide/plugins/com.st.stm32cube.ide.mcu.externaltools.gnu-tools-for-stm32.10.3-2021.10.win32_1.0.0.202111181127/tools/bin/../lib/gcc/arm-none-eabi/10.3.1/../../../../arm-none-eabi/lib/thumb/v7e-m+fp/hard\libm.a(lib_a-s_finite.o)
 .ARM.attributes
                0x000000000000078f       0x34 c:/st/stm32cubeide_1.9.0/stm32cubeide/plugins/com.st.stm32cube.ide.mcu.externaltools.gnu-tools-for-stm32.10.3-2021.10.win32_1.0.0.202111181127/tools/bin/../lib/gcc/arm-none-eabi/10.3.1/../../../../arm-none-eabi/lib/thumb/v7e-m+fp/hard\libm.a(lib_a-s_floor.o)
 .ARM.attributes
                0x00000000000007c3       0x34 c:/st/stm32cubeide_1.9.0/stm32cubeide/plugins/com.st.stm32cube.ide.mcu.externaltools.gnu-tools-for-stm32.10.3-2021.10.win32_1.0.0.202111181127/tools/bin/../lib/gcc/arm-none-eabi/10.3.1/../../../../arm-none-eabi/lib/thumb/v7e-m+fp/hard\libm.a(lib_a-s_scalbn.o)
 .ARM.attributes
                0x00000000000007f7       0x1e c:/st/stm32cubeide_1.9.0/stm32cubeide/plugins/com.st.stm32cube.ide.mcu.externaltools.gnu-tools-for-stm32.10.3-2021.10.win32_1.0.0.202111181127/tools/bin/../lib/gcc/arm-none-eabi/10.3.1/thumb/v7e-m+fp/hard\libgcc.a(_arm_addsubdf3.o)
 .ARM.attributes
                0x0000000000000815       0x1e c:/st/stm32cubeide_1.9.0/stm32cubeide/plugins/com.st.stm32cube.ide.mcu.externaltools.gnu-tools-for-stm32.10.3-2021.10.win32_1.0.0.202111181127/tools/bin/../lib/gcc/arm-none-eabi/10.3.1/thumb/v7e-m+fp/hard\libgcc.a(_arm_muldivdf3.o)
 .ARM.attributes
                0x0000000000000833       0x1e c:/st/stm32cubeide_1.9.0/stm32cubeide/plugins/com.st.stm32cube.ide.mcu.externaltools.gnu-tools-for-stm32.10.3-2021.10.win32_1.0.0.202111181127/tools/bin/../lib/gcc/arm-none-eabi/10.3.1/thumb/v7e-m+fp/hard\libgcc.a(_arm_cmpdf2.o)
 .ARM.attributes
                0x0000000000000851       0x1e c:/st/stm32cubeide_1.9.0/stm32cubeide/plugins/com.st.stm32cube.ide.mcu.externaltools.gnu-tools-for-stm32.10.3-2021.10.win32_1.0.0.202111181127/tools/bin/../lib/gcc/arm-none-eabi/10.3.1/thumb/v7e-m+fp/hard\libgcc.a(_arm_unorddf2.o)
 .ARM.attributes
                0x000000000000086f       0x1e c:/st/stm32cubeide_1.9.0/stm32cubeide/plugins/com.st.stm32cube.ide.mcu.externaltools.gnu-tools-for-stm32.10.3-2021.10.win32_1.0.0.202111181127/tools/bin/../lib/gcc/arm-none-eabi/10.3.1/thumb/v7e-m+fp/hard\libgcc.a(_arm_fixdfsi.o)
 .ARM.attributes
                0x000000000000088d       0x1e c:/st/stm32cubeide_1.9.0/stm32cubeide/plugins/com.st.stm32cube.ide.mcu.externaltools.gnu-tools-for-stm32.10.3-2021.10.win32_1.0.0.202111181127/tools/bin/../lib/gcc/arm-none-eabi/10.3.1/thumb/v7e-m+fp/hard\libgcc.a(_aeabi_uldivmod.o)
 .ARM.attributes
                0x00000000000008ab       0x34 c:/st/stm32cubeide_1.9.0/stm32cubeide/plugins/com.st.stm32cube.ide.mcu.externaltools.gnu-tools-for-stm32.10.3-2021.10.win32_1.0.0.202111181127/tools/bin/../lib/gcc/arm-none-eabi/10.3.1/thumb/v7e-m+fp/hard\libgcc.a(_udivmoddi4.o)
 .ARM.attributes
                0x00000000000008df       0x1e c:/st/stm32cubeide_1.9.0/stm32cubeide/plugins/com.st.stm32cube.ide.mcu.externaltools.gnu-tools-for-stm32.10.3-2021.10.win32_1.0.0.202111181127/tools/bin/../lib/gcc/arm-none-eabi/10.3.1/thumb/v7e-m+fp/hard\libgcc.a(_dvmd_tls.o)
 .ARM.attributes
                0x00000000000008fd       0x1e c:/st/stm32cubeide_1.9.0/stm32cubeide/plugins/com.st.stm32cube.ide.mcu.externaltools.gnu-tools-for-stm32.10.3-2021.10.win32_1.0.0.202111181127/tools/bin/../lib/gcc/arm-none-eabi/10.3.1/thumb/v7e-m+fp/hard/crtn.o
OUTPUT(Metis2023.elf elf32-littlearm)
LOAD linker stubs
LOAD c:/st/stm32cubeide_1.9.0/stm32cubeide/plugins/com.st.stm32cube.ide.mcu.externaltools.gnu-tools-for-stm32.10.3-2021.10.win32_1.0.0.202111181127/tools/bin/../lib/gcc/arm-none-eabi/10.3.1/../../../../arm-none-eabi/lib/thumb/v7e-m+fp/hard\libc.a
LOAD c:/st/stm32cubeide_1.9.0/stm32cubeide/plugins/com.st.stm32cube.ide.mcu.externaltools.gnu-tools-for-stm32.10.3-2021.10.win32_1.0.0.202111181127/tools/bin/../lib/gcc/arm-none-eabi/10.3.1/../../../../arm-none-eabi/lib/thumb/v7e-m+fp/hard\libm.a
LOAD c:/st/stm32cubeide_1.9.0/stm32cubeide/plugins/com.st.stm32cube.ide.mcu.externaltools.gnu-tools-for-stm32.10.3-2021.10.win32_1.0.0.202111181127/tools/bin/../lib/gcc/arm-none-eabi/10.3.1/thumb/v7e-m+fp/hard\libgcc.a

.debug_info     0x0000000000000000    0x12090
 .debug_info    0x0000000000000000      0x27a ./Core/Src/fonts.o
 .debug_info    0x000000000000027a     0x21e3 ./Core/Src/main.o
 .debug_info    0x000000000000245d     0x115f ./Core/Src/ssd1306.o
 .debug_info    0x00000000000035bc     0x140b ./Core/Src/stm32f4xx_hal_msp.o
 .debug_info    0x00000000000049c7      0x24a ./Core/Src/stm32f4xx_it.o
 .debug_info    0x0000000000004c11      0x523 ./Core/Src/system_stm32f4xx.o
 .debug_info    0x0000000000005134       0x22 ./Core/Startup/startup_stm32f407vgtx.o
 .debug_info    0x0000000000005156      0x97c ./Drivers/STM32F4xx_HAL_Driver/Src/stm32f4xx_hal.o
 .debug_info    0x0000000000005ad2      0xd70 ./Drivers/STM32F4xx_HAL_Driver/Src/stm32f4xx_hal_adc.o
 .debug_info    0x0000000000006842      0xe1b ./Drivers/STM32F4xx_HAL_Driver/Src/stm32f4xx_hal_cortex.o
 .debug_info    0x000000000000765d      0x76a ./Drivers/STM32F4xx_HAL_Driver/Src/stm32f4xx_hal_gpio.o
 .debug_info    0x0000000000007dc7     0x2609 ./Drivers/STM32F4xx_HAL_Driver/Src/stm32f4xx_hal_i2c.o
 .debug_info    0x000000000000a3d0      0x966 ./Drivers/STM32F4xx_HAL_Driver/Src/stm32f4xx_hal_rcc.o
 .debug_info    0x000000000000ad36     0x2bbe ./Drivers/STM32F4xx_HAL_Driver/Src/stm32f4xx_hal_tim.o
 .debug_info    0x000000000000d8f4     0x15e0 ./Drivers/STM32F4xx_HAL_Driver/Src/stm32f4xx_hal_tim_ex.o
 .debug_info    0x000000000000eed4     0x31bc ./Drivers/STM32F4xx_HAL_Driver/Src/stm32f4xx_hal_uart.o

.debug_abbrev   0x0000000000000000     0x225c
 .debug_abbrev  0x0000000000000000      0x111 ./Core/Src/fonts.o
 .debug_abbrev  0x0000000000000111      0x3e4 ./Core/Src/main.o
 .debug_abbrev  0x00000000000004f5      0x2f8 ./Core/Src/ssd1306.o
 .debug_abbrev  0x00000000000007ed      0x208 ./Core/Src/stm32f4xx_hal_msp.o
 .debug_abbrev  0x00000000000009f5      0x11d ./Core/Src/stm32f4xx_it.o
 .debug_abbrev  0x0000000000000b12      0x116 ./Core/Src/system_stm32f4xx.o
 .debug_abbrev  0x0000000000000c28       0x12 ./Core/Startup/startup_stm32f407vgtx.o
 .debug_abbrev  0x0000000000000c3a      0x20d ./Drivers/STM32F4xx_HAL_Driver/Src/stm32f4xx_hal.o
 .debug_abbrev  0x0000000000000e47      0x244 ./Drivers/STM32F4xx_HAL_Driver/Src/stm32f4xx_hal_adc.o
 .debug_abbrev  0x000000000000108b      0x316 ./Drivers/STM32F4xx_HAL_Driver/Src/stm32f4xx_hal_cortex.o
 .debug_abbrev  0x00000000000013a1      0x1c4 ./Drivers/STM32F4xx_HAL_Driver/Src/stm32f4xx_hal_gpio.o
 .debug_abbrev  0x0000000000001565      0x297 ./Drivers/STM32F4xx_HAL_Driver/Src/stm32f4xx_hal_i2c.o
 .debug_abbrev  0x00000000000017fc      0x2aa ./Drivers/STM32F4xx_HAL_Driver/Src/stm32f4xx_hal_rcc.o
 .debug_abbrev  0x0000000000001aa6      0x25d ./Drivers/STM32F4xx_HAL_Driver/Src/stm32f4xx_hal_tim.o
 .debug_abbrev  0x0000000000001d03      0x265 ./Drivers/STM32F4xx_HAL_Driver/Src/stm32f4xx_hal_tim_ex.o
 .debug_abbrev  0x0000000000001f68      0x2f4 ./Drivers/STM32F4xx_HAL_Driver/Src/stm32f4xx_hal_uart.o

.debug_aranges  0x0000000000000000     0x10d8
 .debug_aranges
                0x0000000000000000       0x20 ./Core/Src/fonts.o
 .debug_aranges
                0x0000000000000020      0x100 ./Core/Src/main.o
 .debug_aranges
                0x0000000000000120       0xf8 ./Core/Src/ssd1306.o
 .debug_aranges
                0x0000000000000218       0x68 ./Core/Src/stm32f4xx_hal_msp.o
 .debug_aranges
                0x0000000000000280       0x60 ./Core/Src/stm32f4xx_it.o
 .debug_aranges
                0x00000000000002e0       0x28 ./Core/Src/system_stm32f4xx.o
 .debug_aranges
                0x0000000000000308       0x28 ./Core/Startup/startup_stm32f407vgtx.o
 .debug_aranges
                0x0000000000000330       0xf0 ./Drivers/STM32F4xx_HAL_Driver/Src/stm32f4xx_hal.o
 .debug_aranges
                0x0000000000000420       0xe8 ./Drivers/STM32F4xx_HAL_Driver/Src/stm32f4xx_hal_adc.o
 .debug_aranges
                0x0000000000000508      0x118 ./Drivers/STM32F4xx_HAL_Driver/Src/stm32f4xx_hal_cortex.o
 .debug_aranges
                0x0000000000000620       0x58 ./Drivers/STM32F4xx_HAL_Driver/Src/stm32f4xx_hal_gpio.o
 .debug_aranges
                0x0000000000000678      0x2a0 ./Drivers/STM32F4xx_HAL_Driver/Src/stm32f4xx_hal_i2c.o
 .debug_aranges
                0x0000000000000918       0x88 ./Drivers/STM32F4xx_HAL_Driver/Src/stm32f4xx_hal_rcc.o
 .debug_aranges
                0x00000000000009a0      0x3d0 ./Drivers/STM32F4xx_HAL_Driver/Src/stm32f4xx_hal_tim.o
 .debug_aranges
                0x0000000000000d70      0x168 ./Drivers/STM32F4xx_HAL_Driver/Src/stm32f4xx_hal_tim_ex.o
 .debug_aranges
                0x0000000000000ed8      0x200 ./Drivers/STM32F4xx_HAL_Driver/Src/stm32f4xx_hal_uart.o

.debug_ranges   0x0000000000000000     0x1028
 .debug_ranges  0x0000000000000000       0x10 ./Core/Src/fonts.o
 .debug_ranges  0x0000000000000010       0xf0 ./Core/Src/main.o
 .debug_ranges  0x0000000000000100       0xe8 ./Core/Src/ssd1306.o
 .debug_ranges  0x00000000000001e8       0x58 ./Core/Src/stm32f4xx_hal_msp.o
 .debug_ranges  0x0000000000000240       0x50 ./Core/Src/stm32f4xx_it.o
 .debug_ranges  0x0000000000000290       0x18 ./Core/Src/system_stm32f4xx.o
 .debug_ranges  0x00000000000002a8       0x20 ./Core/Startup/startup_stm32f407vgtx.o
 .debug_ranges  0x00000000000002c8       0xe0 ./Drivers/STM32F4xx_HAL_Driver/Src/stm32f4xx_hal.o
 .debug_ranges  0x00000000000003a8       0xd8 ./Drivers/STM32F4xx_HAL_Driver/Src/stm32f4xx_hal_adc.o
 .debug_ranges  0x0000000000000480      0x108 ./Drivers/STM32F4xx_HAL_Driver/Src/stm32f4xx_hal_cortex.o
 .debug_ranges  0x0000000000000588       0x48 ./Drivers/STM32F4xx_HAL_Driver/Src/stm32f4xx_hal_gpio.o
 .debug_ranges  0x00000000000005d0      0x2a8 ./Drivers/STM32F4xx_HAL_Driver/Src/stm32f4xx_hal_i2c.o
 .debug_ranges  0x0000000000000878       0x78 ./Drivers/STM32F4xx_HAL_Driver/Src/stm32f4xx_hal_rcc.o
 .debug_ranges  0x00000000000008f0      0x3c0 ./Drivers/STM32F4xx_HAL_Driver/Src/stm32f4xx_hal_tim.o
 .debug_ranges  0x0000000000000cb0      0x158 ./Drivers/STM32F4xx_HAL_Driver/Src/stm32f4xx_hal_tim_ex.o
 .debug_ranges  0x0000000000000e08      0x220 ./Drivers/STM32F4xx_HAL_Driver/Src/stm32f4xx_hal_uart.o

.debug_macro    0x0000000000000000    0x22cf9
 .debug_macro   0x0000000000000000      0x2e8 ./Core/Src/fonts.o
 .debug_macro   0x00000000000002e8      0xa78 ./Core/Src/fonts.o
 .debug_macro   0x0000000000000d60      0x2a7 ./Core/Src/fonts.o
 .debug_macro   0x0000000000001007       0x2e ./Core/Src/fonts.o
 .debug_macro   0x0000000000001035       0x2f ./Core/Src/fonts.o
 .debug_macro   0x0000000000001064       0x22 ./Core/Src/fonts.o
 .debug_macro   0x0000000000001086       0x8e ./Core/Src/fonts.o
 .debug_macro   0x0000000000001114       0x51 ./Core/Src/fonts.o
 .debug_macro   0x0000000000001165      0x103 ./Core/Src/fonts.o
 .debug_macro   0x0000000000001268       0x6a ./Core/Src/fonts.o
 .debug_macro   0x00000000000012d2      0x1df ./Core/Src/fonts.o
 .debug_macro   0x00000000000014b1       0x1c ./Core/Src/fonts.o
 .debug_macro   0x00000000000014cd       0x22 ./Core/Src/fonts.o
 .debug_macro   0x00000000000014ef       0xd9 ./Core/Src/fonts.o
 .debug_macro   0x00000000000015c8     0x102d ./Core/Src/fonts.o
 .debug_macro   0x00000000000025f5      0x11f ./Core/Src/fonts.o
 .debug_macro   0x0000000000002714    0x15e82 ./Core/Src/fonts.o
 .debug_macro   0x0000000000018596       0x6d ./Core/Src/fonts.o
 .debug_macro   0x0000000000018603     0x367e ./Core/Src/fonts.o
 .debug_macro   0x000000000001bc81      0x174 ./Core/Src/fonts.o
 .debug_macro   0x000000000001bdf5       0x5c ./Core/Src/fonts.o
 .debug_macro   0x000000000001be51      0x96b ./Core/Src/fonts.o
 .debug_macro   0x000000000001c7bc      0x9fe ./Core/Src/fonts.o
 .debug_macro   0x000000000001d1ba      0x115 ./Core/Src/fonts.o
 .debug_macro   0x000000000001d2cf      0x13e ./Core/Src/fonts.o
 .debug_macro   0x000000000001d40d       0xa5 ./Core/Src/fonts.o
 .debug_macro   0x000000000001d4b2      0x174 ./Core/Src/fonts.o
 .debug_macro   0x000000000001d626      0x287 ./Core/Src/fonts.o
 .debug_macro   0x000000000001d8ad       0x5f ./Core/Src/fonts.o
 .debug_macro   0x000000000001d90c      0x236 ./Core/Src/fonts.o
 .debug_macro   0x000000000001db42      0xb5b ./Core/Src/fonts.o
 .debug_macro   0x000000000001e69d      0x38b ./Core/Src/fonts.o
 .debug_macro   0x000000000001ea28      0x176 ./Core/Src/fonts.o
 .debug_macro   0x000000000001eb9e       0xf9 ./Core/Src/fonts.o
 .debug_macro   0x000000000001ec97      0x12c ./Core/Src/fonts.o
 .debug_macro   0x000000000001edc3      0x21e ./Core/Src/fonts.o
 .debug_macro   0x000000000001efe1       0x2e ./Core/Src/fonts.o
 .debug_macro   0x000000000001f00f      0x1b5 ./Core/Src/fonts.o
 .debug_macro   0x000000000001f1c4       0xd6 ./Core/Src/fonts.o
 .debug_macro   0x000000000001f29a      0x11a ./Core/Src/fonts.o
 .debug_macro   0x000000000001f3b4       0x7e ./Core/Src/fonts.o
 .debug_macro   0x000000000001f432       0x89 ./Core/Src/fonts.o
 .debug_macro   0x000000000001f4bb      0x8e6 ./Core/Src/fonts.o
 .debug_macro   0x000000000001fda1       0x47 ./Core/Src/fonts.o
 .debug_macro   0x000000000001fde8      0x295 ./Core/Src/fonts.o
 .debug_macro   0x000000000002007d      0x12d ./Core/Src/fonts.o
 .debug_macro   0x00000000000201aa       0x52 ./Core/Src/fonts.o
 .debug_macro   0x00000000000201fc       0x1e ./Core/Src/fonts.o
 .debug_macro   0x000000000002021a       0x3c ./Core/Src/fonts.o
 .debug_macro   0x0000000000020256       0x34 ./Core/Src/fonts.o
 .debug_macro   0x000000000002028a       0x16 ./Core/Src/fonts.o
 .debug_macro   0x00000000000202a0       0x43 ./Core/Src/fonts.o
 .debug_macro   0x00000000000202e3       0x34 ./Core/Src/fonts.o
 .debug_macro   0x0000000000020317       0x10 ./Core/Src/fonts.o
 .debug_macro   0x0000000000020327       0x58 ./Core/Src/fonts.o
 .debug_macro   0x000000000002037f       0x71 ./Core/Src/fonts.o
 .debug_macro   0x00000000000203f0       0x1c ./Core/Src/fonts.o
 .debug_macro   0x000000000002040c      0x12a ./Core/Src/fonts.o
 .debug_macro   0x0000000000020536      0x341 ./Core/Src/fonts.o
 .debug_macro   0x0000000000020877       0x10 ./Core/Src/fonts.o
 .debug_macro   0x0000000000020887       0x35 ./Core/Src/fonts.o
 .debug_macro   0x00000000000208bc       0x20 ./Core/Src/fonts.o
 .debug_macro   0x00000000000208dc      0x39b ./Core/Src/main.o
 .debug_macro   0x0000000000020c77      0x130 ./Core/Src/main.o
 .debug_macro   0x0000000000020da7      0x19b ./Core/Src/main.o
 .debug_macro   0x0000000000020f42       0x16 ./Core/Src/main.o
 .debug_macro   0x0000000000020f58       0x16 ./Core/Src/main.o
 .debug_macro   0x0000000000020f6e       0x16 ./Core/Src/main.o
 .debug_macro   0x0000000000020f84       0x29 ./Core/Src/main.o
 .debug_macro   0x0000000000020fad       0x1d ./Core/Src/main.o
 .debug_macro   0x0000000000020fca      0x373 ./Core/Src/ssd1306.o
 .debug_macro   0x000000000002133d      0x21f ./Core/Src/stm32f4xx_hal_msp.o
 .debug_macro   0x000000000002155c      0x229 ./Core/Src/stm32f4xx_it.o
 .debug_macro   0x0000000000021785      0x210 ./Core/Src/system_stm32f4xx.o
 .debug_macro   0x0000000000021995      0x270 ./Drivers/STM32F4xx_HAL_Driver/Src/stm32f4xx_hal.o
 .debug_macro   0x0000000000021c05      0x211 ./Drivers/STM32F4xx_HAL_Driver/Src/stm32f4xx_hal_adc.o
 .debug_macro   0x0000000000021e16      0x210 ./Drivers/STM32F4xx_HAL_Driver/Src/stm32f4xx_hal_cortex.o
 .debug_macro   0x0000000000022026      0x216 ./Drivers/STM32F4xx_HAL_Driver/Src/stm32f4xx_hal_gpio.o
 .debug_macro   0x000000000002223c      0x257 ./Drivers/STM32F4xx_HAL_Driver/Src/stm32f4xx_hal_i2c.o
 .debug_macro   0x0000000000022493      0x234 ./Drivers/STM32F4xx_HAL_Driver/Src/stm32f4xx_hal_rcc.o
 .debug_macro   0x00000000000226c7      0x211 ./Drivers/STM32F4xx_HAL_Driver/Src/stm32f4xx_hal_tim.o
 .debug_macro   0x00000000000228d8      0x210 ./Drivers/STM32F4xx_HAL_Driver/Src/stm32f4xx_hal_tim_ex.o
 .debug_macro   0x0000000000022ae8      0x211 ./Drivers/STM32F4xx_HAL_Driver/Src/stm32f4xx_hal_uart.o

.debug_line     0x0000000000000000    0x144d7
 .debug_line    0x0000000000000000      0x892 ./Core/Src/fonts.o
 .debug_line    0x0000000000000892     0x1ac8 ./Core/Src/main.o
 .debug_line    0x000000000000235a     0x1066 ./Core/Src/ssd1306.o
 .debug_line    0x00000000000033c0      0x8bc ./Core/Src/stm32f4xx_hal_msp.o
 .debug_line    0x0000000000003c7c      0x7f5 ./Core/Src/stm32f4xx_it.o
 .debug_line    0x0000000000004471      0x7b1 ./Core/Src/system_stm32f4xx.o
 .debug_line    0x0000000000004c22       0x88 ./Core/Startup/startup_stm32f407vgtx.o
 .debug_line    0x0000000000004caa      0xa17 ./Drivers/STM32F4xx_HAL_Driver/Src/stm32f4xx_hal.o
 .debug_line    0x00000000000056c1     0x128d ./Drivers/STM32F4xx_HAL_Driver/Src/stm32f4xx_hal_adc.o
 .debug_line    0x000000000000694e      0xcc6 ./Drivers/STM32F4xx_HAL_Driver/Src/stm32f4xx_hal_cortex.o
 .debug_line    0x0000000000007614      0xb8b ./Drivers/STM32F4xx_HAL_Driver/Src/stm32f4xx_hal_gpio.o
 .debug_line    0x000000000000819f     0x39cc ./Drivers/STM32F4xx_HAL_Driver/Src/stm32f4xx_hal_i2c.o
 .debug_line    0x000000000000bb6b      0xd91 ./Drivers/STM32F4xx_HAL_Driver/Src/stm32f4xx_hal_rcc.o
 .debug_line    0x000000000000c8fc     0x370b ./Drivers/STM32F4xx_HAL_Driver/Src/stm32f4xx_hal_tim.o
 .debug_line    0x0000000000010007     0x1a14 ./Drivers/STM32F4xx_HAL_Driver/Src/stm32f4xx_hal_tim_ex.o
 .debug_line    0x0000000000011a1b     0x2abc ./Drivers/STM32F4xx_HAL_Driver/Src/stm32f4xx_hal_uart.o

.debug_str      0x0000000000000000    0xda188
 .debug_str     0x0000000000000000    0xd40c7 ./Core/Src/fonts.o
                                      0xd436c (size before relaxing)
 .debug_str     0x00000000000d40c7     0x2315 ./Core/Src/main.o
                                      0xd6758 (size before relaxing)
 .debug_str     0x00000000000d63dc      0x4d6 ./Core/Src/ssd1306.o
                                      0xd4eae (size before relaxing)
 .debug_str     0x00000000000d68b2       0xec ./Core/Src/stm32f4xx_hal_msp.o
                                      0xd2608 (size before relaxing)
 .debug_str     0x00000000000d699e       0xc9 ./Core/Src/stm32f4xx_it.o
                                      0xd19c7 (size before relaxing)
 .debug_str     0x00000000000d6a67       0xdb ./Core/Src/system_stm32f4xx.o
                                      0xd1647 (size before relaxing)
 .debug_str     0x00000000000d6b42       0x36 ./Core/Startup/startup_stm32f407vgtx.o
                                         0x7b (size before relaxing)
 .debug_str     0x00000000000d6b78      0xafd ./Drivers/STM32F4xx_HAL_Driver/Src/stm32f4xx_hal.o
                                      0xd21cb (size before relaxing)
 .debug_str     0x00000000000d7675      0x292 ./Drivers/STM32F4xx_HAL_Driver/Src/stm32f4xx_hal_adc.o
                                      0xd1c34 (size before relaxing)
 .debug_str     0x00000000000d7907      0x34d ./Drivers/STM32F4xx_HAL_Driver/Src/stm32f4xx_hal_cortex.o
                                      0xd1efe (size before relaxing)
 .debug_str     0x00000000000d7c54      0x110 ./Drivers/STM32F4xx_HAL_Driver/Src/stm32f4xx_hal_gpio.o
                                      0xd17c2 (size before relaxing)
 .debug_str     0x00000000000d7d64      0xaa4 ./Drivers/STM32F4xx_HAL_Driver/Src/stm32f4xx_hal_i2c.o
                                      0xd2612 (size before relaxing)
 .debug_str     0x00000000000d8808      0x213 ./Drivers/STM32F4xx_HAL_Driver/Src/stm32f4xx_hal_rcc.o
                                      0xd1a7b (size before relaxing)
 .debug_str     0x00000000000d8a1b      0xdc1 ./Drivers/STM32F4xx_HAL_Driver/Src/stm32f4xx_hal_tim.o
                                      0xd29c1 (size before relaxing)
 .debug_str     0x00000000000d97dc      0x3e1 ./Drivers/STM32F4xx_HAL_Driver/Src/stm32f4xx_hal_tim_ex.o
                                      0xd21dd (size before relaxing)
 .debug_str     0x00000000000d9bbd      0x5cb ./Drivers/STM32F4xx_HAL_Driver/Src/stm32f4xx_hal_uart.o
                                      0xd201a (size before relaxing)

.comment        0x0000000000000000       0x50
 .comment       0x0000000000000000       0x50 ./Core/Src/fonts.o
                                         0x51 (size before relaxing)
 .comment       0x0000000000000050       0x51 ./Core/Src/main.o
 .comment       0x0000000000000050       0x51 ./Core/Src/ssd1306.o
 .comment       0x0000000000000050       0x51 ./Core/Src/stm32f4xx_hal_msp.o
 .comment       0x0000000000000050       0x51 ./Core/Src/stm32f4xx_it.o
 .comment       0x0000000000000050       0x51 ./Core/Src/system_stm32f4xx.o
 .comment       0x0000000000000050       0x51 ./Drivers/STM32F4xx_HAL_Driver/Src/stm32f4xx_hal.o
 .comment       0x0000000000000050       0x51 ./Drivers/STM32F4xx_HAL_Driver/Src/stm32f4xx_hal_adc.o
 .comment       0x0000000000000050       0x51 ./Drivers/STM32F4xx_HAL_Driver/Src/stm32f4xx_hal_cortex.o
 .comment       0x0000000000000050       0x51 ./Drivers/STM32F4xx_HAL_Driver/Src/stm32f4xx_hal_gpio.o
 .comment       0x0000000000000050       0x51 ./Drivers/STM32F4xx_HAL_Driver/Src/stm32f4xx_hal_i2c.o
 .comment       0x0000000000000050       0x51 ./Drivers/STM32F4xx_HAL_Driver/Src/stm32f4xx_hal_rcc.o
 .comment       0x0000000000000050       0x51 ./Drivers/STM32F4xx_HAL_Driver/Src/stm32f4xx_hal_tim.o
 .comment       0x0000000000000050       0x51 ./Drivers/STM32F4xx_HAL_Driver/Src/stm32f4xx_hal_tim_ex.o
 .comment       0x0000000000000050       0x51 ./Drivers/STM32F4xx_HAL_Driver/Src/stm32f4xx_hal_uart.o

.debug_frame    0x0000000000000000     0x5018
 .debug_frame   0x0000000000000000       0x38 ./Core/Src/fonts.o
 .debug_frame   0x0000000000000038      0x3dc ./Core/Src/main.o
 .debug_frame   0x0000000000000414      0x414 ./Core/Src/ssd1306.o
 .debug_frame   0x0000000000000828      0x184 ./Core/Src/stm32f4xx_hal_msp.o
 .debug_frame   0x00000000000009ac      0x108 ./Core/Src/stm32f4xx_it.o
 .debug_frame   0x0000000000000ab4       0x58 ./Core/Src/system_stm32f4xx.o
 .debug_frame   0x0000000000000b0c      0x374 ./Drivers/STM32F4xx_HAL_Driver/Src/stm32f4xx_hal.o
 .debug_frame   0x0000000000000e80      0x3fc ./Drivers/STM32F4xx_HAL_Driver/Src/stm32f4xx_hal_adc.o
 .debug_frame   0x000000000000127c      0x498 ./Drivers/STM32F4xx_HAL_Driver/Src/stm32f4xx_hal_cortex.o
 .debug_frame   0x0000000000001714      0x14c ./Drivers/STM32F4xx_HAL_Driver/Src/stm32f4xx_hal_gpio.o
 .debug_frame   0x0000000000001860      0xc5c ./Drivers/STM32F4xx_HAL_Driver/Src/stm32f4xx_hal_i2c.o
 .debug_frame   0x00000000000024bc      0x1f4 ./Drivers/STM32F4xx_HAL_Driver/Src/stm32f4xx_hal_rcc.o
 .debug_frame   0x00000000000026b0     0x11c4 ./Drivers/STM32F4xx_HAL_Driver/Src/stm32f4xx_hal_tim.o
 .debug_frame   0x0000000000003874      0x638 ./Drivers/STM32F4xx_HAL_Driver/Src/stm32f4xx_hal_tim_ex.o