../Core/Src/main.c:109:6:initGY	8	static
../Core/Src/main.c:121:6:readGY	24	static
../Core/Src/main.c:136:6:print_num	24	static
../Core/Src/main.c:153:10:read_adc	40	static
../Core/Src/main.c:164:6:motor	32	static
../Core/Src/main.c:254:6:motor_without_correction	24	static
../Core/Src/main.c:331:6:fast_stop	8	static
../Core/Src/main.c:341:6:stop	8	static
../Core/Src/main.c:344:6:move	32	static
../Core/Src/main.c:351:6:move_without_correction	32	static
../Core/Src/main.c:358:6:read_pixy	32	static
../Core/Src/main.c:390:6:read_sensors	32	static
../Core/Src/main.c:453:6:delay	24	static
../Core/Src/main.c:458:6:spin	16	static
../Core/Src/main.c:462:6:shoot	8	static
../Core/Src/main.c:474:6:rotate_and_shoot	8	static
../Core/Src/main.c:515:6:shoot_straight	8	static
../Core/Src/main.c:533:6:moveForSec	24	static
../Core/Src/main.c:539:6:OUT	8	static
../Core/Src/main.c:616:6:motor_test	8	static
../Core/Src/main.c:634:5:main	16	static
../Core/Src/main.c:742:6:SystemClock_Config	88	static
../Core/Src/main.c:789:13:MX_ADC1_Init	24	static
../Core/Src/main.c:841:13:MX_I2C1_Init	8	static
../Core/Src/main.c:875:13:MX_I2C2_Init	8	static
../Core/Src/main.c:909:13:MX_TIM1_Init	80	static
../Core/Src/main.c:986:13:MX_USART2_UART_Init	8	static
../Core/Src/main.c:1019:13:MX_GPIO_Init	56	static
../Core/Src/main.c:1104:6:Error_Handler	4	static,ignoring_inline_asm
