../Core/Src/main.c:100:6:initGY	8	static
../Core/Src/main.c:112:6:readGY	24	static
../Core/Src/main.c:127:6:print_num	24	static
../Core/Src/main.c:144:10:read_adc	40	static
../Core/Src/main.c:155:6:motor	32	static
../Core/Src/main.c:245:6:motor_without_correction	24	static
../Core/Src/main.c:322:6:fast_stop	8	static
../Core/Src/main.c:332:6:stop	8	static
../Core/Src/main.c:335:6:move	32	static
../Core/Src/main.c:342:6:move_without_correction	32	static
../Core/Src/main.c:349:6:read_pixy	32	static
../Core/Src/main.c:381:6:read_sensors	32	static
../Core/Src/main.c:437:6:delay	24	static
../Core/Src/main.c:442:6:spin	16	static
../Core/Src/main.c:446:6:shoot	8	static
../Core/Src/main.c:458:6:rotate_and_shoot	8	static
../Core/Src/main.c:499:6:shoot_straight	8	static
../Core/Src/main.c:510:6:moveForSec	24	static
../Core/Src/main.c:516:6:OUT	8	static
../Core/Src/main.c:601:5:main	16	static
../Core/Src/main.c:699:6:SystemClock_Config	88	static
../Core/Src/main.c:746:13:MX_ADC1_Init	24	static
../Core/Src/main.c:798:13:MX_I2C1_Init	8	static
../Core/Src/main.c:832:13:MX_I2C2_Init	8	static
../Core/Src/main.c:866:13:MX_TIM1_Init	80	static
../Core/Src/main.c:943:13:MX_USART2_UART_Init	8	static
../Core/Src/main.c:976:13:MX_GPIO_Init	56	static
../Core/Src/main.c:1061:6:Error_Handler	4	static,ignoring_inline_asm
