../Core/Src/main.c:102:6:print_num	24	static
../Core/Src/main.c:119:10:read_adc	40	static
../Core/Src/main.c:130:6:read_pixy	32	static
../Core/Src/main.c:165:6:read_sensors	40	static
../Core/Src/main.c:250:6:OUT	8	static
../Core/Src/main.c:318:6:HAL_UARTEx_RxEventCallback	32	static
../Core/Src/main.c:332:6:HAL_I2C_MasterRxCpltCallback	32	static
../Core/Src/main.c:364:6:goal_keeper	4	static
../Core/Src/main.c:381:5:main	16	static
../Core/Src/main.c:459:6:SystemClock_Config	88	static
../Core/Src/main.c:501:13:MX_ADC1_Init	24	static
../Core/Src/main.c:553:13:MX_I2C1_Init	8	static
../Core/Src/main.c:587:13:MX_I2C2_Init	8	static
../Core/Src/main.c:621:13:MX_TIM1_Init	80	static
../Core/Src/main.c:698:13:MX_USART2_UART_Init	8	static
../Core/Src/main.c:729:13:MX_DMA_Init	16	static
../Core/Src/main.c:747:13:MX_GPIO_Init	56	static
../Core/Src/main.c:830:6:Error_Handler	4	static,ignoring_inline_asm
