Archive member included to satisfy reference by file (symbol)

c:/st/stm32cubeide_1.9.0/stm32cubeide/plugins/com.st.stm32cube.ide.mcu.externaltools.gnu-tools-for-stm32.10.3-2021.10.win32_1.0.0.202111181127/tools/bin/../lib/gcc/arm-none-eabi/10.3.1/../../../../arm-none-eabi/lib/thumb/v7e-m+fp/hard\libc_nano.a(lib_a-errno.o)
                              ./Core/Src/syscalls.o (__errno)
c:/st/stm32cubeide_1.9.0/stm32cubeide/plugins/com.st.stm32cube.ide.mcu.externaltools.gnu-tools-for-stm32.10.3-2021.10.win32_1.0.0.202111181127/tools/bin/../lib/gcc/arm-none-eabi/10.3.1/../../../../arm-none-eabi/lib/thumb/v7e-m+fp/hard\libc_nano.a(lib_a-exit.o)
                              c:/st/stm32cubeide_1.9.0/stm32cubeide/plugins/com.st.stm32cube.ide.mcu.externaltools.gnu-tools-for-stm32.10.3-2021.10.win32_1.0.0.202111181127/tools/bin/../lib/gcc/arm-none-eabi/10.3.1/../../../../arm-none-eabi/lib/thumb/v7e-m+fp/hard/crt0.o (exit)
c:/st/stm32cubeide_1.9.0/stm32cubeide/plugins/com.st.stm32cube.ide.mcu.externaltools.gnu-tools-for-stm32.10.3-2021.10.win32_1.0.0.202111181127/tools/bin/../lib/gcc/arm-none-eabi/10.3.1/../../../../arm-none-eabi/lib/thumb/v7e-m+fp/hard\libc_nano.a(lib_a-impure.o)
                              c:/st/stm32cubeide_1.9.0/stm32cubeide/plugins/com.st.stm32cube.ide.mcu.externaltools.gnu-tools-for-stm32.10.3-2021.10.win32_1.0.0.202111181127/tools/bin/../lib/gcc/arm-none-eabi/10.3.1/../../../../arm-none-eabi/lib/thumb/v7e-m+fp/hard\libc_nano.a(lib_a-exit.o) (_global_impure_ptr)
c:/st/stm32cubeide_1.9.0/stm32cubeide/plugins/com.st.stm32cube.ide.mcu.externaltools.gnu-tools-for-stm32.10.3-2021.10.win32_1.0.0.202111181127/tools/bin/../lib/gcc/arm-none-eabi/10.3.1/../../../../arm-none-eabi/lib/thumb/v7e-m+fp/hard\libc_nano.a(lib_a-init.o)
                              c:/st/stm32cubeide_1.9.0/stm32cubeide/plugins/com.st.stm32cube.ide.mcu.externaltools.gnu-tools-for-stm32.10.3-2021.10.win32_1.0.0.202111181127/tools/bin/../lib/gcc/arm-none-eabi/10.3.1/../../../../arm-none-eabi/lib/thumb/v7e-m+fp/hard/crt0.o (__libc_init_array)
c:/st/stm32cubeide_1.9.0/stm32cubeide/plugins/com.st.stm32cube.ide.mcu.externaltools.gnu-tools-for-stm32.10.3-2021.10.win32_1.0.0.202111181127/tools/bin/../lib/gcc/arm-none-eabi/10.3.1/../../../../arm-none-eabi/lib/thumb/v7e-m+fp/hard\libc_nano.a(lib_a-memset.o)
                              c:/st/stm32cubeide_1.9.0/stm32cubeide/plugins/com.st.stm32cube.ide.mcu.externaltools.gnu-tools-for-stm32.10.3-2021.10.win32_1.0.0.202111181127/tools/bin/../lib/gcc/arm-none-eabi/10.3.1/../../../../arm-none-eabi/lib/thumb/v7e-m+fp/hard/crt0.o (memset)
c:/st/stm32cubeide_1.9.0/stm32cubeide/plugins/com.st.stm32cube.ide.mcu.externaltools.gnu-tools-for-stm32.10.3-2021.10.win32_1.0.0.202111181127/tools/bin/../lib/gcc/arm-none-eabi/10.3.1/../../../../arm-none-eabi/lib/thumb/v7e-m+fp/hard\libc_nano.a(lib_a-strcmp.o)
                              ./Core/Src/main.o (strcmp)
c:/st/stm32cubeide_1.9.0/stm32cubeide/plugins/com.st.stm32cube.ide.mcu.externaltools.gnu-tools-for-stm32.10.3-2021.10.win32_1.0.0.202111181127/tools/bin/../lib/gcc/arm-none-eabi/10.3.1/../../../../arm-none-eabi/lib/thumb/v7e-m+fp/hard\libc_nano.a(lib_a-strlen.o)
                              ./Core/Src/fonts.o (strlen)
c:/st/stm32cubeide_1.9.0/stm32cubeide/plugins/com.st.stm32cube.ide.mcu.externaltools.gnu-tools-for-stm32.10.3-2021.10.win32_1.0.0.202111181127/tools/bin/../lib/gcc/arm-none-eabi/10.3.1/../../../../arm-none-eabi/lib/thumb/v7e-m+fp/hard\libm.a(lib_a-s_cos.o)
                              ./Core/Src/main.o (cos)
c:/st/stm32cubeide_1.9.0/stm32cubeide/plugins/com.st.stm32cube.ide.mcu.externaltools.gnu-tools-for-stm32.10.3-2021.10.win32_1.0.0.202111181127/tools/bin/../lib/gcc/arm-none-eabi/10.3.1/../../../../arm-none-eabi/lib/thumb/v7e-m+fp/hard\libm.a(lib_a-s_sin.o)
                              ./Core/Src/main.o (sin)
c:/st/stm32cubeide_1.9.0/stm32cubeide/plugins/com.st.stm32cube.ide.mcu.externaltools.gnu-tools-for-stm32.10.3-2021.10.win32_1.0.0.202111181127/tools/bin/../lib/gcc/arm-none-eabi/10.3.1/../../../../arm-none-eabi/lib/thumb/v7e-m+fp/hard\libm.a(lib_a-w_atan2.o)
                              ./Core/Src/main.o (atan2)
c:/st/stm32cubeide_1.9.0/stm32cubeide/plugins/com.st.stm32cube.ide.mcu.externaltools.gnu-tools-for-stm32.10.3-2021.10.win32_1.0.0.202111181127/tools/bin/../lib/gcc/arm-none-eabi/10.3.1/../../../../arm-none-eabi/lib/thumb/v7e-m+fp/hard\libm.a(lib_a-w_pow.o)
                              ./Core/Src/main.o (pow)
c:/st/stm32cubeide_1.9.0/stm32cubeide/plugins/com.st.stm32cube.ide.mcu.externaltools.gnu-tools-for-stm32.10.3-2021.10.win32_1.0.0.202111181127/tools/bin/../lib/gcc/arm-none-eabi/10.3.1/../../../../arm-none-eabi/lib/thumb/v7e-m+fp/hard\libm.a(lib_a-w_sqrt.o)
                              ./Core/Src/main.o (sqrt)
[...]
Memory Configuration

Name             Origin             Length             Attributes
CCMRAM           0x0000000010000000 0x0000000000010000 xrw
RAM              0x0000000020000000 0x0000000000020000 xrw
FLASH            0x0000000008000000 0x0000000000100000 xr
*default*        0x0000000000000000 0xffffffffffffffff

Linker script and memory map

LOAD c:/st/stm32cubeide_1.9.0/stm32cubeide/plugins/com.st.stm32cube.ide.mcu.externaltools.gnu-tools-for-stm32.10.3-2021.10.win32_1.0.0.202111181127/tools/bin/../lib/gcc/arm-none-eabi/10.3.1/thumb/v7e-m+fp/hard/crti.o
LOAD c:/st/stm32cubeide_1.9.0/stm32cubeide/plugins/com.st.stm32cube.ide.mcu.externaltools.gnu-tools-for-stm32.10.3-2021.10.win32_1.0.0.202111181127/tools/bin/../lib/gcc/arm-none-eabi/10.3.1/thumb/v7e-m+fp/hard/crtbegin.o
LOAD c:/st/stm32cubeide_1.9.0/stm32cubeide/plugins/com.st.stm32cube.ide.mcu.externaltools.gnu-tools-for-stm32.10.3-2021.10.win32_1.0.0.202111181127/tools/bin/../lib/gcc/arm-none-eabi/10.3.1/../../../../arm-none-eabi/lib/thumb/v7e-m+fp/hard/crt0.o
LOAD ./Core/Src/fonts.o
LOAD ./Core/Src/main.o
LOAD ./Core/Src/ssd1306.o
LOAD ./Core/Src/stm32f4xx_hal_msp.o
LOAD ./Core/Src/stm32f4xx_it.o
LOAD ./Core/Src/syscalls.o
LOAD ./Core/Src/sysmem.o
LOAD ./Core/Src/system_stm32f4xx.o
LOAD ./Core/Startup/startup_stm32f407vgtx.o
LOAD ./Drivers/STM32F4xx_HAL_Driver/Src/stm32f4xx_hal.o
LOAD ./Drivers/STM32F4xx_HAL_Driver/Src/stm32f4xx_hal_adc.o
LOAD ./Drivers/STM32F4xx_HAL_Driver/Src/stm32f4xx_hal_adc_ex.o
LOAD ./Drivers/STM32F4xx_HAL_Driver/Src/stm32f4xx_hal_cortex.o
LOAD ./Drivers/STM32F4xx_HAL_Driver/Src/stm32f4xx_hal_dma.o
LOAD ./Drivers/STM32F4xx_HAL_Driver/Src/stm32f4xx_hal_dma_ex.o
LOAD ./Drivers/STM32F4xx_HAL_Driver/Src/stm32f4xx_hal_exti.o
LOAD ./Drivers/STM32F4xx_HAL_Driver/Src/stm32f4xx_hal_flash.o
LOAD ./Drivers/STM32F4xx_HAL_Driver/Src/stm32f4xx_hal_flash_ex.o
LOAD ./Drivers/STM32F4xx_HAL_Driver/Src/stm32f4xx_hal_flash_ramfunc.o
LOAD ./Drivers/STM32F4xx_HAL_Driver/Src/stm32f4xx_hal_gpio.o
LOAD ./Drivers/STM32F4xx_HAL_Driver/Src/stm32f4xx_hal_i2c.o
LOAD ./Drivers/STM32F4xx_HAL_Driver/Src/stm32f4xx_hal_i2c_ex.o
LOAD ./Drivers/STM32F4xx_HAL_Driver/Src/stm32f4xx_hal_pwr.o
LOAD ./Drivers/STM32F4xx_HAL_Driver/Src/stm32f4xx_hal_pwr_ex.o
LOAD ./Drivers/STM32F4xx_HAL_Driver/Src/stm32f4xx_hal_rcc.o
LOAD ./Drivers/STM32F4xx_HAL_Driver/Src/stm32f4xx_hal_rcc_ex.o
LOAD ./Drivers/STM32F4xx_HAL_Driver/Src/stm32f4xx_hal_tim.o
LOAD ./Drivers/STM32F4xx_HAL_Driver/Src/stm32f4xx_hal_tim_ex.o
LOAD ./Drivers/STM32F4xx_HAL_Driver/Src/stm32f4xx_hal_uart.o
LOAD ./Drivers/STM32F4xx_HAL_Driver/Src/stm32f4xx_ll_adc.o
START GROUP
LOAD c:/st/stm32cubeide_1.9.0/stm32cubeide/plugins/com.st.stm32cube.ide.mcu.externaltools.gnu-tools-for-stm32.10.3-2021.10.win32_1.0.0.202111181127/tools/bin/../lib/gcc/arm-none-eabi/10.3.1/../../../../arm-none-eabi/lib/thumb/v7e-m+fp/hard\libc_nano.a
LOAD c:/st/stm32cubeide_1.9.0/stm32cubeide/plugins/com.st.stm32cube.ide.mcu.externaltools.gnu-tools-for-stm32.10.3-2021.10.win32_1.0.0.202111181127/tools/bin/../lib/gcc/arm-none-eabi/10.3.1/../../../../arm-none-eabi/lib/thumb/v7e-m+fp/hard\libm.a
END GROUP
START GROUP
LOAD c:/st/stm32cubeide_1.9.0/stm32cubeide/plugins/com.st.stm32cube.ide.mcu.externaltools.gnu-tools-for-stm32.10.3-2021.10.win32_1.0.0.202111181127/tools/bin/../lib/gcc/arm-none-eabi/10.3.1/thumb/v7e-m+fp/hard\libgcc.a
LOAD c:/st/stm32cubeide_1.9.0/stm32cubeide/plugins/com.st.stm32cube.ide.mcu.externaltools.gnu-tools-for-stm32.10.3-2021.10.win32_1.0.0.202111181127/tools/bin/../lib/gcc/arm-none-eabi/10.3.1/../../../../arm-none-eabi/lib/thumb/v7e-m+fp/hard\libc_nano.a
END GROUP
START GROUP
LOAD c:/st/stm32cubeide_1.9.0/stm32cubeide/plugins/com.st.stm32cube.ide.mcu.externaltools.gnu-tools-for-stm32.10.3-2021.10.win32_1.0.0.202111181127/tools/bin/../lib/gcc/arm-none-eabi/10.3.1/thumb/v7e-m+fp/hard\libgcc.a
LOAD c:/st/stm32cubeide_1.9.0/stm32cubeide/plugins/com.st.stm32cube.ide.mcu.externaltools.gnu-tools-for-stm32.10.3-2021.10.win32_1.0.0.202111181127/tools/bin/../lib/gcc/arm-none-eabi/10.3.1/../../../../arm-none-eabi/lib/thumb/v7e-m+fp/hard\libc_nano.a
LOAD c:/st/stm32cubeide_1.9.0/stm32cubeide/plugins/com.st.stm32cube.ide.mcu.externaltools.gnu-tools-for-stm32.10.3-2021.10.win32_1.0.0.202111181127/tools/bin/../lib/gcc/arm-none-eabi/10.3.1/../../../../arm-none-eabi/lib/thumb/v7e-m+fp/hard\libnosys.a
END GROUP
START GROUP
LOAD c:/st/stm32cubeide_1.9.0/stm32cubeide/plugins/com.st.stm32cube.ide.mcu.externaltools.gnu-tools-for-stm32.10.3-2021.10.win32_1.0.0.202111181127/tools/bin/../lib/gcc/arm-none-eabi/10.3.1/thumb/v7e-m+fp/hard\libgcc.a
LOAD c:/st/stm32cubeide_1.9.0/stm32cubeide/plugins/com.st.stm32cube.ide.mcu.externaltools.gnu-tools-for-stm32.10.3-2021.10.win32_1.0.0.202111181127/tools/bin/../lib/gcc/arm-none-eabi/10.3.1/../../../../arm-none-eabi/lib/thumb/v7e-m+fp/hard\libc_nano.a
LOAD c:/st/stm32cubeide_1.9.0/stm32cubeide/plugins/com.st.stm32cube.ide.mcu.externaltools.gnu-tools-for-stm32.10.3-2021.10.win32_1.0.0.202111181127/tools/bin/../lib/gcc/arm-none-eabi/10.3.1/../../../../arm-none-eabi/lib/thumb/v7e-m+fp/hard\libnosys.a
END GROUP
LOAD c:/st/stm32cubeide_1.9.0/stm32cubeide/plugins/com.st.stm32cube.ide.mcu.externaltools.gnu-tools-for-stm32.10.3-2021.10.win32_1.0.0.202111181127/tools/bin/../lib/gcc/arm-none-eabi/10.3.1/thumb/v7e-m+fp/hard/crtend.o
LOAD c:/st/stm32cubeide_1.9.0/stm32cubeide/plugins/com.st.stm32cube.ide.mcu.externaltools.gnu-tools-for-stm32.10.3-2021.10.win32_1.0.0.202111181127/tools/bin/../lib/gcc/arm-none-eabi/10.3.1/thumb/v7e-m+fp/hard/crtn.o
                0x0000000020020000                _estack = (ORIGIN (RAM) + LENGTH (RAM))
                0x0000000000000200                _Min_Heap_Size = 0x200
                0x0000000000000400                _Min_Stack_Size = 0x400

.isr_vector     0x0000000008000000      0x188
                0x0000000008000000                . = ALIGN (0x4)
 *(.isr_vector)
 .isr_vector    0x0000000008000000      0x188 ./Core/Startup/startup_stm32f407vgtx.o
                0x0000000008000000                g_pfnVectors
                0x0000000008000188                . = ALIGN (0x4)

.text           0x0000000008000188     0x9e44
                0x0000000008000188                . = ALIGN (0x4)
 *(.text)
 .text          0x0000000008000188       0x40 c:/st/stm32cubeide_1.9.0/stm32cubeide/plugins/com.st.stm32cube.ide.mcu.externaltools.gnu-tools-for-stm32.10.3-2021.10.win32_1.0.0.202111181127/tools/bin/../lib/gcc/arm-none-eabi/10.3.1/thumb/v7e-m+fp/hard/crtbegin.o
 .text          0x00000000080001c8       0x14 c:/st/stm32cubeide_1.9.0/stm32cubeide/plugins/com.st.stm32cube.ide.mcu.externaltools.gnu-tools-for-stm32.10.3-2021.10.win32_1.0.0.202111181127/tools/bin/../lib/gcc/arm-none-eabi/10.3.1/../../../../arm-none-eabi/lib/thumb/v7e-m+fp/hard\libc_nano.a(lib_a-strcmp.o)
                0x00000000080001c8                strcmp
 .text          0x00000000080001dc      0x378 c:/st/stm32cubeide_1.9.0/stm32cubeide/plugins/com.st.stm32cube.ide.mcu.externaltools.gnu-tools-for-stm32.10.3-2021.10.win32_1.0.0.202111181127/tools/bin/../lib/gcc/arm-none-eabi/10.3.1/thumb/v7e-m+fp/hard\libgcc.a(_arm_addsubdf3.o)
                0x00000000080001dc                __aeabi_drsub
                0x00000000080001e4                __aeabi_dsub
                0x00000000080001e4                __subdf3
                0x00000000080001e8                __aeabi_dadd
                0x00000000080001e8                __adddf3
                0x0000000008000460                __floatunsidf
                0x0000000008000460                __aeabi_ui2d
                0x0000000008000480                __floatsidf
                0x0000000008000480                __aeabi_i2d
                0x00000000080004a4                __aeabi_f2d
                0x00000000080004a4                __extendsfdf2
                0x00000000080004e8                __floatundidf
                0x00000000080004e8                __aeabi_ul2d
                0x00000000080004f8                __floatdidf
                0x00000000080004f8                __aeabi_l2d
 .text          0x0000000008000554      0x424 c:/st/stm32cubeide_1.9.0/stm32cubeide/plugins/com.st.stm32cube.ide.mcu.externaltools.gnu-tools-for-stm32.10.3-2021.10.win32_1.0.0.202111181127/tools/bin/../lib/gcc/arm-none-eabi/10.3.1/thumb/v7e-m+fp/hard\libgcc.a(_arm_muldivdf3.o)
                0x0000000008000554                __aeabi_dmul
                0x0000000008000554                __muldf3
                0x00000000080007a8                __divdf3
                0x00000000080007a8                __aeabi_ddiv
 .text          0x0000000008000978      0x110 c:/st/stm32cubeide_1.9.0/stm32cubeide/plugins/com.st.stm32cube.ide.mcu.externaltools.gnu-tools-for-stm32.10.3-2021.10.win32_1.0.0.202111181127/tools/bin/../lib/gcc/arm-none-eabi/10.3.1/thumb/v7e-m+fp/hard\libgcc.a(_arm_cmpdf2.o)
                0x0000000008000978                __gtdf2
                0x0000000008000978                __gedf2
                0x0000000008000980                __ltdf2
                0x0000000008000980                __ledf2
                0x0000000008000988                __nedf2
                0x0000000008000988                __eqdf2
                0x0000000008000988                __cmpdf2
                0x0000000008000a04                __aeabi_cdrcmple
                0x0000000008000a14                __aeabi_cdcmpeq
                0x0000000008000a14                __aeabi_cdcmple
                0x0000000008000a24                __aeabi_dcmpeq
                0x0000000008000a38                __aeabi_dcmplt
                0x0000000008000a4c                __aeabi_dcmple
                0x0000000008000a60                __aeabi_dcmpge
                0x0000000008000a74                __aeabi_dcmpgt
 .text          0x0000000008000a88       0x2c c:/st/stm32cubeide_1.9.0/stm32cubeide/plugins/com.st.stm32cube.ide.mcu.externaltools.gnu-tools-for-stm32.10.3-2021.10.win32_1.0.0.202111181127/tools/bin/../lib/gcc/arm-none-eabi/10.3.1/thumb/v7e-m+fp/hard\libgcc.a(_arm_unorddf2.o)
                0x0000000008000a88                __unorddf2
                0x0000000008000a88                __aeabi_dcmpun
 .text          0x0000000008000ab4       0x50 c:/st/stm32cubeide_1.9.0/stm32cubeide/plugins/com.st.stm32cube.ide.mcu.externaltools.gnu-tools-for-stm32.10.3-2021.10.win32_1.0.0.202111181127/tools/bin/../lib/gcc/arm-none-eabi/10.3.1/thumb/v7e-m+fp/hard\libgcc.a(_arm_fixdfsi.o)
                0x0000000008000ab4                __aeabi_d2iz
                0x0000000008000ab4                __fixdfsi
 .text          0x0000000008000b04       0xa0 c:/st/stm32cubeide_1.9.0/stm32cubeide/plugins/com.st.stm32cube.ide.mcu.externaltools.gnu-tools-for-stm32.10.3-2021.10.win32_1.0.0.202111181127/tools/bin/../lib/gcc/arm-none-eabi/10.3.1/thumb/v7e-m+fp/hard\libgcc.a(_arm_truncdfsf2.o)
                0x0000000008000b04                __truncdfsf2
                0x0000000008000b04                __aeabi_d2f
 .text          0x0000000008000ba4       0x30 c:/st/stm32cubeide_1.9.0/stm32cubeide/plugins/com.st.stm32cube.ide.mcu.externaltools.gnu-tools-for-stm32.10.3-2021.10.win32_1.0.0.202111181127/tools/bin/../lib/gcc/arm-none-eabi/10.3.1/thumb/v7e-m+fp/hard\libgcc.a(_aeabi_uldivmod.o)
                0x0000000008000ba4                __aeabi_uldivmod
 .text          0x0000000008000bd4      0x2d0 c:/st/stm32cubeide_1.9.0/stm32cubeide/plugins/com.st.stm32cube.ide.mcu.externaltools.gnu-tools-for-stm32.10.3-2021.10.win32_1.0.0.202111181127/tools/bin/../lib/gcc/arm-none-eabi/10.3.1/thumb/v7e-m+fp/hard\libgcc.a(_udivmoddi4.o)
                0x0000000008000bd4                __udivmoddi4
 .text          0x0000000008000ea4        0x4 c:/st/stm32cubeide_1.9.0/stm32cubeide/plugins/com.st.stm32cube.ide.mcu.externaltools.gnu-tools-for-stm32.10.3-2021.10.win32_1.0.0.202111181127/tools/bin/../lib/gcc/arm-none-eabi/10.3.1/thumb/v7e-m+fp/hard\libgcc.a(_dvmd_tls.o)
                0x0000000008000ea4                __aeabi_idiv0
                0x0000000008000ea4                __aeabi_ldiv0
 *(.text*)
 .text.readGY   0x0000000008000ea8      0x1e8 ./Core/Src/main.o
                0x0000000008000ea8                readGY
 .text.setGY    0x0000000008001090       0x54 ./Core/Src/main.o
                0x0000000008001090                setGY
 .text.print_num
                0x00000000080010e4      0x1e8 ./Core/Src/main.o
                0x00000000080010e4                print_num
 .text.read_adc
                0x00000000080012cc       0x54 ./Core/Src/main.o
                0x00000000080012cc                read_adc
 .text.motor    0x0000000008001320      0x2e4 ./Core/Src/main.o
                0x0000000008001320                motor
 .text.motor_without_correction
                0x0000000008001604      0x248 ./Core/Src/main.o
                0x0000000008001604                motor_without_correction
 .text.fast_stop
                0x000000000800184c       0x70 ./Core/Src/main.o
                0x000000000800184c                fast_stop
 .text.stop     0x00000000080018bc       0x14 ./Core/Src/main.o
                0x00000000080018bc                stop
 .text.move     0x00000000080018d0      0x120 ./Core/Src/main.o
                0x00000000080018d0                move
 .text.read_pixy
                0x00000000080019f0      0x618 ./Core/Src/main.o
                0x00000000080019f0                read_pixy
 .text.read_sensors
                0x0000000008002008      0x728 ./Core/Src/main.o
                0x0000000008002008                read_sensors
 .text.delay    0x0000000008002730       0x2a ./Core/Src/main.o
                0x0000000008002730                delay
 *fill*         0x000000000800275a        0x2 
 .text.spin     0x000000000800275c       0x3c ./Core/Src/main.o
                0x000000000800275c                spin
 .text.shoot    0x0000000008002798       0x64 ./Core/Src/main.o
                0x0000000008002798                shoot
 .text.rotate_and_shoot
                0x00000000080027fc      0x160 ./Core/Src/main.o
                0x00000000080027fc                rotate_and_shoot
 .text.shoot_straight
                0x000000000800295c       0xac ./Core/Src/main.o
                0x000000000800295c                shoot_straight
 .text.moveForSec
                0x0000000008002a08       0x32 ./Core/Src/main.o
                0x0000000008002a08                moveForSec
 *fill*         0x0000000008002a3a        0x2 
 .text.OUT      0x0000000008002a3c      0x284 ./Core/Src/main.o
                0x0000000008002a3c                OUT
 .text.come_back
                0x0000000008002cc0       0xcc ./Core/Src/main.o
                0x0000000008002cc0                come_back
 .text.shift    0x0000000008002d8c      0x198 ./Core/Src/main.o
                0x0000000008002d8c                shift
 .text.goal_keeper
                0x0000000008002f24       0xb8 ./Core/Src/main.o
                0x0000000008002f24                goal_keeper
 .text.main     0x0000000008002fdc      0x130 ./Core/Src/main.o
                0x0000000008002fdc                main
 .text.SystemClock_Config
                0x000000000800310c       0xd0 ./Core/Src/main.o
                0x000000000800310c                SystemClock_Config
 .text.MX_ADC1_Init
                0x00000000080031dc       0xa4 ./Core/Src/main.o
 .text.MX_I2C1_Init
                0x0000000008003280       0x5c ./Core/Src/main.o
 .text.MX_I2C2_Init
                0x00000000080032dc       0x5c ./Core/Src/main.o
 .text.MX_TIM1_Init
                0x0000000008003338      0x150 ./Core/Src/main.o
 .text.MX_USART2_UART_Init
                0x0000000008003488       0x54 ./Core/Src/main.o
 .text.MX_GPIO_Init
                0x00000000080034dc      0x1c0 ./Core/Src/main.o
 .text.Error_Handler
                0x000000000800369c        0xa ./Core/Src/main.o
                0x000000000800369c                Error_Handler
 *fill*         0x00000000080036a6        0x2 
 .text.SSD1306_Init
                0x00000000080036a8      0x188 ./Core/Src/ssd1306.o
                0x00000000080036a8                SSD1306_Init
 .text.SSD1306_UpdateScreen
                0x0000000008003830       0x5c ./Core/Src/ssd1306.o
                0x0000000008003830                SSD1306_UpdateScreen
 .text.SSD1306_Fill
                0x000000000800388c       0x30 ./Core/Src/ssd1306.o
                0x000000000800388c                SSD1306_Fill
 .text.SSD1306_DrawPixel
                0x00000000080038bc       0xc0 ./Core/Src/ssd1306.o
                0x00000000080038bc                SSD1306_DrawPixel
 .text.SSD1306_GotoXY
                0x000000000800397c       0x2c ./Core/Src/ssd1306.o
                0x000000000800397c                SSD1306_GotoXY
 .text.SSD1306_Putc
                0x00000000080039a8      0x100 ./Core/Src/ssd1306.o
                0x00000000080039a8                SSD1306_Putc
 .text.SSD1306_Puts
                0x0000000008003aa8       0x4a ./Core/Src/ssd1306.o
                0x0000000008003aa8                SSD1306_Puts
 *fill*         0x0000000008003af2        0x2 
 .text.ssd1306_I2C_Init
                0x0000000008003af4       0x2c ./Core/Src/ssd1306.o
                0x0000000008003af4                ssd1306_I2C_Init
 .text.ssd1306_I2C_WriteMulti
                0x0000000008003b20       0xcc ./Core/Src/ssd1306.o
                0x0000000008003b20                ssd1306_I2C_WriteMulti
 .text.ssd1306_I2C_Write
                0x0000000008003bec       0x3c ./Core/Src/ssd1306.o
                0x0000000008003bec                ssd1306_I2C_Write
 .text.HAL_MspInit
                0x0000000008003c28       0x50 ./Core/Src/stm32f4xx_hal_msp.o
                0x0000000008003c28                HAL_MspInit
 .text.HAL_ADC_MspInit
                0x0000000008003c78       0xc0 ./Core/Src/stm32f4xx_hal_msp.o
                0x0000000008003c78                HAL_ADC_MspInit
 .text.HAL_I2C_MspInit
                0x0000000008003d38       0xf8 ./Core/Src/stm32f4xx_hal_msp.o
                0x0000000008003d38                HAL_I2C_MspInit
 .text.HAL_TIM_PWM_MspInit
                0x0000000008003e30       0x44 ./Core/Src/stm32f4xx_hal_msp.o
                0x0000000008003e30                HAL_TIM_PWM_MspInit
 .text.HAL_TIM_MspPostInit
                0x0000000008003e74       0x74 ./Core/Src/stm32f4xx_hal_msp.o
                0x0000000008003e74                HAL_TIM_MspPostInit
 .text.HAL_UART_MspInit
                0x0000000008003ee8       0x90 ./Core/Src/stm32f4xx_hal_msp.o
                0x0000000008003ee8                HAL_UART_MspInit
 .text.NMI_Handler
                0x0000000008003f78       0x14 ./Core/Src/stm32f4xx_it.o
                0x0000000008003f78                NMI_Handler
 .text.HardFault_Handler
                0x0000000008003f8c        0x6 ./Core/Src/stm32f4xx_it.o
                0x0000000008003f8c                HardFault_Handler
 .text.MemManage_Handler
                0x0000000008003f92        0x6 ./Core/Src/stm32f4xx_it.o
                0x0000000008003f92                MemManage_Handler
 .text.BusFault_Handler
                0x0000000008003f98        0x6 ./Core/Src/stm32f4xx_it.o
                0x0000000008003f98                BusFault_Handler
 .text.UsageFault_Handler
                0x0000000008003f9e        0x6 ./Core/Src/stm32f4xx_it.o
                0x0000000008003f9e                UsageFault_Handler
 .text.SVC_Handler
                0x0000000008003fa4        0xe ./Core/Src/stm32f4xx_it.o
                0x0000000008003fa4                SVC_Handler
 .text.DebugMon_Handler
                0x0000000008003fb2        0xe ./Core/Src/stm32f4xx_it.o
                0x0000000008003fb2                DebugMon_Handler
 .text.PendSV_Handler
                0x0000000008003fc0        0xe ./Core/Src/stm32f4xx_it.o
                0x0000000008003fc0                PendSV_Handler
 .text.SysTick_Handler
                0x0000000008003fce        0xc ./Core/Src/stm32f4xx_it.o
                0x0000000008003fce                SysTick_Handler
 *fill*         0x0000000008003fda        0x2 
 .text.SystemInit
                0x0000000008003fdc       0x24 ./Core/Src/system_stm32f4xx.o
                0x0000000008003fdc                SystemInit
 .text.Reset_Handler
                0x0000000008004000       0x50 ./Core/Startup/startup_stm32f407vgtx.o
                0x0000000008004000                Reset_Handler
 .text.Default_Handler
                0x0000000008004050        0x2 ./Core/Startup/startup_stm32f407vgtx.o
                0x0000000008004050                RTC_Alarm_IRQHandler
                0x0000000008004050                HASH_RNG_IRQHandler
                0x0000000008004050                EXTI2_IRQHandler
                0x0000000008004050                TIM8_CC_IRQHandler
                0x0000000008004050                TIM1_CC_IRQHandler
                0x0000000008004050                DMA2_Stream5_IRQHandler
                0x0000000008004050                DMA1_Stream5_IRQHandler
                0x0000000008004050                PVD_IRQHandler
                0x0000000008004050                SDIO_IRQHandler
                0x0000000008004050                TAMP_STAMP_IRQHandler
                0x0000000008004050                CAN2_RX1_IRQHandler
                0x0000000008004050                EXTI3_IRQHandler
                0x0000000008004050                TIM8_TRG_COM_TIM14_IRQHandler
                0x0000000008004050                TIM1_UP_TIM10_IRQHandler
                0x0000000008004050                TIM8_UP_TIM13_IRQHandler
                0x0000000008004050                I2C3_ER_IRQHandler
                0x0000000008004050                EXTI0_IRQHandler
                0x0000000008004050                I2C2_EV_IRQHandler
                0x0000000008004050                DMA1_Stream2_IRQHandler
                0x0000000008004050                CAN1_RX0_IRQHandler
                0x0000000008004050                FPU_IRQHandler
                0x0000000008004050                OTG_HS_WKUP_IRQHandler
                0x0000000008004050                CAN2_SCE_IRQHandler
                0x0000000008004050                DMA2_Stream2_IRQHandler
                0x0000000008004050                SPI1_IRQHandler
                0x0000000008004050                TIM6_DAC_IRQHandler
                0x0000000008004050                TIM1_BRK_TIM9_IRQHandler
                0x0000000008004050                DCMI_IRQHandler
                0x0000000008004050                CAN2_RX0_IRQHandler
                0x0000000008004050                DMA2_Stream3_IRQHandler
                0x0000000008004050                USART6_IRQHandler
                0x0000000008004050                USART3_IRQHandler
                0x0000000008004050                CAN1_RX1_IRQHandler
                0x0000000008004050                UART5_IRQHandler
                0x0000000008004050                DMA2_Stream0_IRQHandler
                0x0000000008004050                TIM4_IRQHandler
                0x0000000008004050                I2C1_EV_IRQHandler
                0x0000000008004050                DMA1_Stream6_IRQHandler
                0x0000000008004050                DMA1_Stream1_IRQHandler
                0x0000000008004050                UART4_IRQHandler
                0x0000000008004050                TIM3_IRQHandler
                0x0000000008004050                RCC_IRQHandler
                0x0000000008004050                TIM8_BRK_TIM12_IRQHandler
                0x0000000008004050                Default_Handler
                0x0000000008004050                EXTI15_10_IRQHandler
                0x0000000008004050                ADC_IRQHandler
                0x0000000008004050                DMA1_Stream7_IRQHandler
                0x0000000008004050                TIM7_IRQHandler
                0x0000000008004050                CAN2_TX_IRQHandler
                0x0000000008004050                TIM5_IRQHandler
                0x0000000008004050                DMA2_Stream7_IRQHandler
                0x0000000008004050                I2C3_EV_IRQHandler
                0x0000000008004050                EXTI9_5_IRQHandler
                0x0000000008004050                RTC_WKUP_IRQHandler
                0x0000000008004050                ETH_WKUP_IRQHandler
                0x0000000008004050                SPI2_IRQHandler
                0x0000000008004050                OTG_HS_EP1_IN_IRQHandler
                0x0000000008004050                DMA1_Stream0_IRQHandler
                0x0000000008004050                CAN1_TX_IRQHandler
                0x0000000008004050                EXTI4_IRQHandler
                0x0000000008004050                FSMC_IRQHandler
                0x0000000008004050                ETH_IRQHandler
                0x0000000008004050                OTG_HS_EP1_OUT_IRQHandler
                0x0000000008004050                WWDG_IRQHandler
                0x0000000008004050                TIM2_IRQHandler
                0x0000000008004050                OTG_FS_WKUP_IRQHandler
                0x0000000008004050                TIM1_TRG_COM_TIM11_IRQHandler
                0x0000000008004050                OTG_HS_IRQHandler
                0x0000000008004050                EXTI1_IRQHandler
                0x0000000008004050                USART2_IRQHandler
                0x0000000008004050                I2C2_ER_IRQHandler
                0x0000000008004050                DMA2_Stream1_IRQHandler
                0x0000000008004050                CAN1_SCE_IRQHandler
                0x0000000008004050                FLASH_IRQHandler
                0x0000000008004050                DMA2_Stream4_IRQHandler
                0x0000000008004050                USART1_IRQHandler
                0x0000000008004050                OTG_FS_IRQHandler
                0x0000000008004050                SPI3_IRQHandler
                0x0000000008004050                DMA1_Stream4_IRQHandler
                0x0000000008004050                I2C1_ER_IRQHandler
                0x0000000008004050                DMA2_Stream6_IRQHandler
                0x0000000008004050                DMA1_Stream3_IRQHandler
 *fill*         0x0000000008004052        0x2 
 .text.HAL_Init
                0x0000000008004054       0x44 ./Drivers/STM32F4xx_HAL_Driver/Src/stm32f4xx_hal.o
                0x0000000008004054                HAL_Init
 .text.HAL_InitTick
                0x0000000008004098       0x60 ./Drivers/STM32F4xx_HAL_Driver/Src/stm32f4xx_hal.o
                0x0000000008004098                HAL_InitTick
 .text.HAL_IncTick
                0x00000000080040f8       0x28 ./Drivers/STM32F4xx_HAL_Driver/Src/stm32f4xx_hal.o
                0x00000000080040f8                HAL_IncTick
 .text.HAL_GetTick
                0x0000000008004120       0x18 ./Drivers/STM32F4xx_HAL_Driver/Src/stm32f4xx_hal.o
                0x0000000008004120                HAL_GetTick
 .text.HAL_Delay
                0x0000000008004138       0x48 ./Drivers/STM32F4xx_HAL_Driver/Src/stm32f4xx_hal.o
                0x0000000008004138                HAL_Delay
 .text.HAL_ADC_Init
                0x0000000008004180       0x86 ./Drivers/STM32F4xx_HAL_Driver/Src/stm32f4xx_hal_adc.o
                0x0000000008004180                HAL_ADC_Init
 *fill*         0x0000000008004206        0x2 
 .text.HAL_ADC_Start
                0x0000000008004208      0x1a4 ./Drivers/STM32F4xx_HAL_Driver/Src/stm32f4xx_hal_adc.o
                0x0000000008004208                HAL_ADC_Start
 .text.HAL_ADC_PollForConversion
                0x00000000080043ac      0x116 ./Drivers/STM32F4xx_HAL_Driver/Src/stm32f4xx_hal_adc.o
                0x00000000080043ac                HAL_ADC_PollForConversion
 .text.HAL_ADC_GetValue
                0x00000000080044c2       0x1a ./Drivers/STM32F4xx_HAL_Driver/Src/stm32f4xx_hal_adc.o
                0x00000000080044c2                HAL_ADC_GetValue
 .text.HAL_ADC_ConfigChannel
                0x00000000080044dc      0x244 ./Drivers/STM32F4xx_HAL_Driver/Src/stm32f4xx_hal_adc.o
                0x00000000080044dc                HAL_ADC_ConfigChannel
 .text.ADC_Init
                0x0000000008004720      0x1f8 ./Drivers/STM32F4xx_HAL_Driver/Src/stm32f4xx_hal_adc.o
 .text.__NVIC_SetPriorityGrouping
                0x0000000008004918       0x48 ./Drivers/STM32F4xx_HAL_Driver/Src/stm32f4xx_hal_cortex.o
 .text.__NVIC_GetPriorityGrouping
                0x0000000008004960       0x1c ./Drivers/STM32F4xx_HAL_Driver/Src/stm32f4xx_hal_cortex.o
 .text.__NVIC_SetPriority
                0x000000000800497c       0x54 ./Drivers/STM32F4xx_HAL_Driver/Src/stm32f4xx_hal_cortex.o
 .text.NVIC_EncodePriority
                0x00000000080049d0       0x66 ./Drivers/STM32F4xx_HAL_Driver/Src/stm32f4xx_hal_cortex.o
 *fill*         0x0000000008004a36        0x2 
 .text.SysTick_Config
                0x0000000008004a38       0x44 ./Drivers/STM32F4xx_HAL_Driver/Src/stm32f4xx_hal_cortex.o
 .text.HAL_NVIC_SetPriorityGrouping
                0x0000000008004a7c       0x16 ./Drivers/STM32F4xx_HAL_Driver/Src/stm32f4xx_hal_cortex.o
                0x0000000008004a7c                HAL_NVIC_SetPriorityGrouping
 .text.HAL_NVIC_SetPriority
                0x0000000008004a92       0x38 ./Drivers/STM32F4xx_HAL_Driver/Src/stm32f4xx_hal_cortex.o
                0x0000000008004a92                HAL_NVIC_SetPriority
 .text.HAL_SYSTICK_Config
                0x0000000008004aca       0x18 ./Drivers/STM32F4xx_HAL_Driver/Src/stm32f4xx_hal_cortex.o
                0x0000000008004aca                HAL_SYSTICK_Config
 *fill*         0x0000000008004ae2        0x2 
 .text.HAL_GPIO_Init
                0x0000000008004ae4      0x338 ./Drivers/STM32F4xx_HAL_Driver/Src/stm32f4xx_hal_gpio.o
                0x0000000008004ae4                HAL_GPIO_Init
 .text.HAL_GPIO_ReadPin
                0x0000000008004e1c       0x30 ./Drivers/STM32F4xx_HAL_Driver/Src/stm32f4xx_hal_gpio.o
                0x0000000008004e1c                HAL_GPIO_ReadPin
 .text.HAL_GPIO_WritePin
                0x0000000008004e4c       0x32 ./Drivers/STM32F4xx_HAL_Driver/Src/stm32f4xx_hal_gpio.o
                0x0000000008004e4c                HAL_GPIO_WritePin
 *fill*         0x0000000008004e7e        0x2 
 .text.HAL_I2C_Init
                0x0000000008004e80      0x288 ./Drivers/STM32F4xx_HAL_Driver/Src/stm32f4xx_hal_i2c.o
                0x0000000008004e80                HAL_I2C_Init
 .text.HAL_I2C_Master_Transmit
                0x0000000008005108      0x1fc ./Drivers/STM32F4xx_HAL_Driver/Src/stm32f4xx_hal_i2c.o
                0x0000000008005108                HAL_I2C_Master_Transmit
 .text.HAL_I2C_Master_Receive
                0x0000000008005304      0x44c ./Drivers/STM32F4xx_HAL_Driver/Src/stm32f4xx_hal_i2c.o
                0x0000000008005304                HAL_I2C_Master_Receive
 .text.HAL_I2C_IsDeviceReady
                0x0000000008005750      0x25c ./Drivers/STM32F4xx_HAL_Driver/Src/stm32f4xx_hal_i2c.o
                0x0000000008005750                HAL_I2C_IsDeviceReady
 .text.I2C_MasterRequestWrite
                0x00000000080059ac      0x104 ./Drivers/STM32F4xx_HAL_Driver/Src/stm32f4xx_hal_i2c.o
 .text.I2C_MasterRequestRead
                0x0000000008005ab0      0x19c ./Drivers/STM32F4xx_HAL_Driver/Src/stm32f4xx_hal_i2c.o
 .text.I2C_WaitOnFlagUntilTimeout
                0x0000000008005c4c       0xae ./Drivers/STM32F4xx_HAL_Driver/Src/stm32f4xx_hal_i2c.o
 .text.I2C_WaitOnMasterAddressFlagUntilTimeout
                0x0000000008005cfa       0xfe ./Drivers/STM32F4xx_HAL_Driver/Src/stm32f4xx_hal_i2c.o
 .text.I2C_WaitOnTXEFlagUntilTimeout
                0x0000000008005df8       0x82 ./Drivers/STM32F4xx_HAL_Driver/Src/stm32f4xx_hal_i2c.o
 .text.I2C_WaitOnBTFFlagUntilTimeout
                0x0000000008005e7a       0x82 ./Drivers/STM32F4xx_HAL_Driver/Src/stm32f4xx_hal_i2c.o
 .text.I2C_WaitOnRXNEFlagUntilTimeout
                0x0000000008005efc       0xac ./Drivers/STM32F4xx_HAL_Driver/Src/stm32f4xx_hal_i2c.o
 .text.I2C_IsAcknowledgeFailed
                0x0000000008005fa8       0x5e ./Drivers/STM32F4xx_HAL_Driver/Src/stm32f4xx_hal_i2c.o
 *fill*         0x0000000008006006        0x2 
 .text.HAL_RCC_OscConfig
                0x0000000008006008      0x4f0 ./Drivers/STM32F4xx_HAL_Driver/Src/stm32f4xx_hal_rcc.o
                0x0000000008006008                HAL_RCC_OscConfig
 .text.HAL_RCC_ClockConfig
                0x00000000080064f8      0x1cc ./Drivers/STM32F4xx_HAL_Driver/Src/stm32f4xx_hal_rcc.o
                0x00000000080064f8                HAL_RCC_ClockConfig
 .text.HAL_RCC_GetSysClockFreq
                0x00000000080066c4      0x18c ./Drivers/STM32F4xx_HAL_Driver/Src/stm32f4xx_hal_rcc.o
                0x00000000080066c4                HAL_RCC_GetSysClockFreq
 .text.HAL_RCC_GetHCLKFreq
                0x0000000008006850       0x18 ./Drivers/STM32F4xx_HAL_Driver/Src/stm32f4xx_hal_rcc.o
                0x0000000008006850                HAL_RCC_GetHCLKFreq
 .text.HAL_RCC_GetPCLK1Freq
                0x0000000008006868       0x28 ./Drivers/STM32F4xx_HAL_Driver/Src/stm32f4xx_hal_rcc.o
                0x0000000008006868                HAL_RCC_GetPCLK1Freq
 .text.HAL_RCC_GetPCLK2Freq
                0x0000000008006890       0x28 ./Drivers/STM32F4xx_HAL_Driver/Src/stm32f4xx_hal_rcc.o
                0x0000000008006890                HAL_RCC_GetPCLK2Freq
 .text.HAL_TIM_PWM_Init
                0x00000000080068b8       0x9e ./Drivers/STM32F4xx_HAL_Driver/Src/stm32f4xx_hal_tim.o
                0x00000000080068b8                HAL_TIM_PWM_Init
 *fill*         0x0000000008006956        0x2 
 .text.HAL_TIM_PWM_Start
                0x0000000008006958      0x190 ./Drivers/STM32F4xx_HAL_Driver/Src/stm32f4xx_hal_tim.o
                0x0000000008006958                HAL_TIM_PWM_Start
 .text.HAL_TIM_PWM_ConfigChannel
                0x0000000008006ae8      0x184 ./Drivers/STM32F4xx_HAL_Driver/Src/stm32f4xx_hal_tim.o
                0x0000000008006ae8                HAL_TIM_PWM_ConfigChannel
 .text.TIM_Base_SetConfig
                0x0000000008006c6c      0x140 ./Drivers/STM32F4xx_HAL_Driver/Src/stm32f4xx_hal_tim.o
                0x0000000008006c6c                TIM_Base_SetConfig
 .text.TIM_OC1_SetConfig
                0x0000000008006dac       0xe0 ./Drivers/STM32F4xx_HAL_Driver/Src/stm32f4xx_hal_tim.o
 .text.TIM_OC2_SetConfig
                0x0000000008006e8c       0xec ./Drivers/STM32F4xx_HAL_Driver/Src/stm32f4xx_hal_tim.o
                0x0000000008006e8c                TIM_OC2_SetConfig
 .text.TIM_OC3_SetConfig
                0x0000000008006f78       0xe8 ./Drivers/STM32F4xx_HAL_Driver/Src/stm32f4xx_hal_tim.o
 .text.TIM_OC4_SetConfig
                0x0000000008007060       0xac ./Drivers/STM32F4xx_HAL_Driver/Src/stm32f4xx_hal_tim.o
 .text.TIM_CCxChannelCmd
                0x000000000800710c       0x4a ./Drivers/STM32F4xx_HAL_Driver/Src/stm32f4xx_hal_tim.o
                0x000000000800710c                TIM_CCxChannelCmd
 *fill*         0x0000000008007156        0x2 
 .text.HAL_TIMEx_MasterConfigSynchronization
                0x0000000008007158       0xf8 ./Drivers/STM32F4xx_HAL_Driver/Src/stm32f4xx_hal_tim_ex.o
                0x0000000008007158                HAL_TIMEx_MasterConfigSynchronization
 .text.HAL_TIMEx_ConfigBreakDeadTime
                0x0000000008007250       0xa4 ./Drivers/STM32F4xx_HAL_Driver/Src/stm32f4xx_hal_tim_ex.o
                0x0000000008007250                HAL_TIMEx_ConfigBreakDeadTime
 .text.HAL_UART_Init
                0x00000000080072f4       0x9a ./Drivers/STM32F4xx_HAL_Driver/Src/stm32f4xx_hal_uart.o
                0x00000000080072f4                HAL_UART_Init
 .text.HAL_UART_Transmit
                0x000000000800738e      0x124 ./Drivers/STM32F4xx_HAL_Driver/Src/stm32f4xx_hal_uart.o
                0x000000000800738e                HAL_UART_Transmit
 .text.HAL_UART_Receive
                0x00000000080074b2      0x144 ./Drivers/STM32F4xx_HAL_Driver/Src/stm32f4xx_hal_uart.o
                0x00000000080074b2                HAL_UART_Receive
 .text.UART_WaitOnFlagUntilTimeout
                0x00000000080075f6       0xdc ./Drivers/STM32F4xx_HAL_Driver/Src/stm32f4xx_hal_uart.o
 *fill*         0x00000000080076d2        0x2 
 .text.UART_SetConfig
                0x00000000080076d4      0x4e8 ./Drivers/STM32F4xx_HAL_Driver/Src/stm32f4xx_hal_uart.o
 .text.__errno  0x0000000008007bbc        0xc c:/st/stm32cubeide_1.9.0/stm32cubeide/plugins/com.st.stm32cube.ide.mcu.externaltools.gnu-tools-for-stm32.10.3-2021.10.win32_1.0.0.202111181127/tools/bin/../lib/gcc/arm-none-eabi/10.3.1/../../../../arm-none-eabi/lib/thumb/v7e-m+fp/hard\libc_nano.a(lib_a-errno.o)
                0x0000000008007bbc                __errno
 .text.__libc_init_array
                0x0000000008007bc8       0x48 c:/st/stm32cubeide_1.9.0/stm32cubeide/plugins/com.st.stm32cube.ide.mcu.externaltools.gnu-tools-for-stm32.10.3-2021.10.win32_1.0.0.202111181127/tools/bin/../lib/gcc/arm-none-eabi/10.3.1/../../../../arm-none-eabi/lib/thumb/v7e-m+fp/hard\libc_nano.a(lib_a-init.o)
                0x0000000008007bc8                __libc_init_array
 .text.memset   0x0000000008007c10       0x10 c:/st/stm32cubeide_1.9.0/stm32cubeide/plugins/com.st.stm32cube.ide.mcu.externaltools.gnu-tools-for-stm32.10.3-2021.10.win32_1.0.0.202111181127/tools/bin/../lib/gcc/arm-none-eabi/10.3.1/../../../../arm-none-eabi/lib/thumb/v7e-m+fp/hard\libc_nano.a(lib_a-memset.o)
                0x0000000008007c10                memset
 .text.cos      0x0000000008007c20       0xa8 c:/st/stm32cubeide_1.9.0/stm32cubeide/plugins/com.st.stm32cube.ide.mcu.externaltools.gnu-tools-for-stm32.10.3-2021.10.win32_1.0.0.202111181127/tools/bin/../lib/gcc/arm-none-eabi/10.3.1/../../../../arm-none-eabi/lib/thumb/v7e-m+fp/hard\libm.a(lib_a-s_cos.o)
                0x0000000008007c20                cos
 .text.sin      0x0000000008007cc8       0xb0 c:/st/stm32cubeide_1.9.0/stm32cubeide/plugins/com.st.stm32cube.ide.mcu.externaltools.gnu-tools-for-stm32.10.3-2021.10.win32_1.0.0.202111181127/tools/bin/../lib/gcc/arm-none-eabi/10.3.1/../../../../arm-none-eabi/lib/thumb/v7e-m+fp/hard\libm.a(lib_a-s_sin.o)
                0x0000000008007cc8                sin
 .text.atan2    0x0000000008007d78        0x4 c:/st/stm32cubeide_1.9.0/stm32cubeide/plugins/com.st.stm32cube.ide.mcu.externaltools.gnu-tools-for-stm32.10.3-2021.10.win32_1.0.0.202111181127/tools/bin/../lib/gcc/arm-none-eabi/10.3.1/../../../../arm-none-eabi/lib/thumb/v7e-m+fp/hard\libm.a(lib_a-w_atan2.o)
                0x0000000008007d78                atan2
 .text.pow      0x0000000008007d7c       0xe0 c:/st/stm32cubeide_1.9.0/stm32cubeide/plugins/com.st.stm32cube.ide.mcu.externaltools.gnu-tools-for-stm32.10.3-2021.10.win32_1.0.0.202111181127/tools/bin/../lib/gcc/arm-none-eabi/10.3.1/../../../../arm-none-eabi/lib/thumb/v7e-m+fp/hard\libm.a(lib_a-w_pow.o)
                0x0000000008007d7c                pow
 .text.sqrt     0x0000000008007e5c       0x58 c:/st/stm32cubeide_1.9.0/stm32cubeide/plugins/com.st.stm32cube.ide.mcu.externaltools.gnu-tools-for-stm32.10.3-2021.10.win32_1.0.0.202111181127/tools/bin/../lib/gcc/arm-none-eabi/10.3.1/../../../../arm-none-eabi/lib/thumb/v7e-m+fp/hard\libm.a(lib_a-w_sqrt.o)
                0x0000000008007e5c                sqrt
 *fill*         0x0000000008007eb4        0x4 
 .text.__ieee754_atan2
                0x0000000008007eb8      0x194 c:/st/stm32cubeide_1.9.0/stm32cubeide/plugins/com.st.stm32cube.ide.mcu.externaltools.gnu-tools-for-stm32.10.3-2021.10.win32_1.0.0.202111181127/tools/bin/../lib/gcc/arm-none-eabi/10.3.1/../../../../arm-none-eabi/lib/thumb/v7e-m+fp/hard\libm.a(lib_a-e_atan2.o)
                0x0000000008007eb8                __ieee754_atan2
 *fill*         0x000000000800804c        0x4 
 .text.__ieee754_pow
                0x0000000008008050      0xa5c c:/st/stm32cubeide_1.9.0/stm32cubeide/plugins/com.st.stm32cube.ide.mcu.externaltools.gnu-tools-for-stm32.10.3-2021.10.win32_1.0.0.202111181127/tools/bin/../lib/gcc/arm-none-eabi/10.3.1/../../../../arm-none-eabi/lib/thumb/v7e-m+fp/hard\libm.a(lib_a-e_pow.o)
                0x0000000008008050                __ieee754_pow
 *fill*         0x0000000008008aac        0x4 
 .text.__ieee754_rem_pio2
                0x0000000008008ab0      0x418 c:/st/stm32cubeide_1.9.0/stm32cubeide/plugins/com.st.stm32cube.ide.mcu.externaltools.gnu-tools-for-stm32.10.3-2021.10.win32_1.0.0.202111181127/tools/bin/../lib/gcc/arm-none-eabi/10.3.1/../../../../arm-none-eabi/lib/thumb/v7e-m+fp/hard\libm.a(lib_a-e_rem_pio2.o)
                0x0000000008008ab0                __ieee754_rem_pio2
 .text.__ieee754_sqrt
                0x0000000008008ec8      0x164 c:/st/stm32cubeide_1.9.0/stm32cubeide/plugins/com.st.stm32cube.ide.mcu.externaltools.gnu-tools-for-stm32.10.3-2021.10.win32_1.0.0.202111181127/tools/bin/../lib/gcc/arm-none-eabi/10.3.1/../../../../arm-none-eabi/lib/thumb/v7e-m+fp/hard\libm.a(lib_a-e_sqrt.o)
                0x0000000008008ec8                __ieee754_sqrt
 *fill*         0x000000000800902c        0x4 
 .text.__kernel_cos
                0x0000000008009030      0x18c c:/st/stm32cubeide_1.9.0/stm32cubeide/plugins/com.st.stm32cube.ide.mcu.externaltools.gnu-tools-for-stm32.10.3-2021.10.win32_1.0.0.202111181127/tools/bin/../lib/gcc/arm-none-eabi/10.3.1/../../../../arm-none-eabi/lib/thumb/v7e-m+fp/hard\libm.a(lib_a-k_cos.o)
                0x0000000008009030                __kernel_cos
 *fill*         0x00000000080091bc        0x4 
 .text.__kernel_rem_pio2
                0x00000000080091c0      0x69c c:/st/stm32cubeide_1.9.0/stm32cubeide/plugins/com.st.stm32cube.ide.mcu.externaltools.gnu-tools-for-stm32.10.3-2021.10.win32_1.0.0.202111181127/tools/bin/../lib/gcc/arm-none-eabi/10.3.1/../../../../arm-none-eabi/lib/thumb/v7e-m+fp/hard\libm.a(lib_a-k_rem_pio2.o)
                0x00000000080091c0                __kernel_rem_pio2
 *fill*         0x000000000800985c        0x4 
 .text.__kernel_sin
                0x0000000008009860      0x17c c:/st/stm32cubeide_1.9.0/stm32cubeide/plugins/com.st.stm32cube.ide.mcu.externaltools.gnu-tools-for-stm32.10.3-2021.10.win32_1.0.0.202111181127/tools/bin/../lib/gcc/arm-none-eabi/10.3.1/../../../../arm-none-eabi/lib/thumb/v7e-m+fp/hard\libm.a(lib_a-k_sin.o)
                0x0000000008009860                __kernel_sin
 .text.with_errno
                0x00000000080099dc       0x14 c:/st/stm32cubeide_1.9.0/stm32cubeide/plugins/com.st.stm32cube.ide.mcu.externaltools.gnu-tools-for-stm32.10.3-2021.10.win32_1.0.0.202111181127/tools/bin/../lib/gcc/arm-none-eabi/10.3.1/../../../../arm-none-eabi/lib/thumb/v7e-m+fp/hard\libm.a(lib_a-math_err.o)
 .text.xflow    0x00000000080099f0       0x28 c:/st/stm32cubeide_1.9.0/stm32cubeide/plugins/com.st.stm32cube.ide.mcu.externaltools.gnu-tools-for-stm32.10.3-2021.10.win32_1.0.0.202111181127/tools/bin/../lib/gcc/arm-none-eabi/10.3.1/../../../../arm-none-eabi/lib/thumb/v7e-m+fp/hard\libm.a(lib_a-math_err.o)
 .text.__math_uflow
                0x0000000008009a18       0x12 c:/st/stm32cubeide_1.9.0/stm32cubeide/plugins/com.st.stm32cube.ide.mcu.externaltools.gnu-tools-for-stm32.10.3-2021.10.win32_1.0.0.202111181127/tools/bin/../lib/gcc/arm-none-eabi/10.3.1/../../../../arm-none-eabi/lib/thumb/v7e-m+fp/hard\libm.a(lib_a-math_err.o)
                0x0000000008009a18                __math_uflow
 .text.__math_oflow
                0x0000000008009a2a       0x12 c:/st/stm32cubeide_1.9.0/stm32cubeide/plugins/com.st.stm32cube.ide.mcu.externaltools.gnu-tools-for-stm32.10.3-2021.10.win32_1.0.0.202111181127/tools/bin/../lib/gcc/arm-none-eabi/10.3.1/../../../../arm-none-eabi/lib/thumb/v7e-m+fp/hard\libm.a(lib_a-math_err.o)
                0x0000000008009a2a                __math_oflow
 *fill*         0x0000000008009a3c        0x4 
 .text.atan     0x0000000008009a40      0x340 c:/st/stm32cubeide_1.9.0/stm32cubeide/plugins/com.st.stm32cube.ide.mcu.externaltools.gnu-tools-for-stm32.10.3-2021.10.win32_1.0.0.202111181127/tools/bin/../lib/gcc/arm-none-eabi/10.3.1/../../../../arm-none-eabi/lib/thumb/v7e-m+fp/hard\libm.a(lib_a-s_atan.o)
                0x0000000008009a40                atan
 .text.fabs     0x0000000008009d80       0x12 c:/st/stm32cubeide_1.9.0/stm32cubeide/plugins/com.st.stm32cube.ide.mcu.externaltools.gnu-tools-for-stm32.10.3-2021.10.win32_1.0.0.202111181127/tools/bin/../lib/gcc/arm-none-eabi/10.3.1/../../../../arm-none-eabi/lib/thumb/v7e-m+fp/hard\libm.a(lib_a-s_fabs.o)
                0x0000000008009d80                fabs
 .text.finite   0x0000000008009d92       0x16 c:/st/stm32cubeide_1.9.0/stm32cubeide/plugins/com.st.stm32cube.ide.mcu.externaltools.gnu-tools-for-stm32.10.3-2021.10.win32_1.0.0.202111181127/tools/bin/../lib/gcc/arm-none-eabi/10.3.1/../../../../arm-none-eabi/lib/thumb/v7e-m+fp/hard\libm.a(lib_a-s_finite.o)
                0x0000000008009d92                finite
 .text.floor    0x0000000008009da8      0x100 c:/st/stm32cubeide_1.9.0/stm32cubeide/plugins/com.st.stm32cube.ide.mcu.externaltools.gnu-tools-for-stm32.10.3-2021.10.win32_1.0.0.202111181127/tools/bin/../lib/gcc/arm-none-eabi/10.3.1/../../../../arm-none-eabi/lib/thumb/v7e-m+fp/hard\libm.a(lib_a-s_floor.o)
                0x0000000008009da8                floor
 .text.scalbn   0x0000000008009ea8      0x10c c:/st/stm32cubeide_1.9.0/stm32cubeide/plugins/com.st.stm32cube.ide.mcu.externaltools.gnu-tools-for-stm32.10.3-2021.10.win32_1.0.0.202111181127/tools/bin/../lib/gcc/arm-none-eabi/10.3.1/../../../../arm-none-eabi/lib/thumb/v7e-m+fp/hard\libm.a(lib_a-s_scalbn.o)
                0x0000000008009ea8                scalbn
 *(.glue_7)
 .glue_7        0x0000000008009fb4        0x0 linker stubs
 *(.glue_7t)
 .glue_7t       0x0000000008009fb4        0x0 linker stubs
 *(.eh_frame)
 .eh_frame      0x0000000008009fb4        0x0 c:/st/stm32cubeide_1.9.0/stm32cubeide/plugins/com.st.stm32cube.ide.mcu.externaltools.gnu-tools-for-stm32.10.3-2021.10.win32_1.0.0.202111181127/tools/bin/../lib/gcc/arm-none-eabi/10.3.1/thumb/v7e-m+fp/hard/crtbegin.o
 *(.init)
 .init          0x0000000008009fb4        0x4 c:/st/stm32cubeide_1.9.0/stm32cubeide/plugins/com.st.stm32cube.ide.mcu.externaltools.gnu-tools-for-stm32.10.3-2021.10.win32_1.0.0.202111181127/tools/bin/../lib/gcc/arm-none-eabi/10.3.1/thumb/v7e-m+fp/hard/crti.o
                0x0000000008009fb4                _init
 .init          0x0000000008009fb8        0x8 c:/st/stm32cubeide_1.9.0/stm32cubeide/plugins/com.st.stm32cube.ide.mcu.externaltools.gnu-tools-for-stm32.10.3-2021.10.win32_1.0.0.202111181127/tools/bin/../lib/gcc/arm-none-eabi/10.3.1/thumb/v7e-m+fp/hard/crtn.o
 *(.fini)
 .fini          0x0000000008009fc0        0x4 c:/st/stm32cubeide_1.9.0/stm32cubeide/plugins/com.st.stm32cube.ide.mcu.externaltools.gnu-tools-for-stm32.10.3-2021.10.win32_1.0.0.202111181127/tools/bin/../lib/gcc/arm-none-eabi/10.3.1/thumb/v7e-m+fp/hard/crti.o
                0x0000000008009fc0                _fini
 .fini          0x0000000008009fc4        0x8 c:/st/stm32cubeide_1.9.0/stm32cubeide/plugins/com.st.stm32cube.ide.mcu.externaltools.gnu-tools-for-stm32.10.3-2021.10.win32_1.0.0.202111181127/tools/bin/../lib/gcc/arm-none-eabi/10.3.1/thumb/v7e-m+fp/hard/crtn.o
                0x0000000008009fcc                . = ALIGN (0x4)
                0x0000000008009fcc                _etext = .

.vfp11_veneer   0x0000000008009fcc        0x0
 .vfp11_veneer  0x0000000008009fcc        0x0 linker stubs

.v4_bx          0x0000000008009fcc        0x0
 .v4_bx         0x0000000008009fcc        0x0 linker stubs

.iplt           0x0000000008009fcc        0x0
 .iplt          0x0000000008009fcc        0x0 c:/st/stm32cubeide_1.9.0/stm32cubeide/plugins/com.st.stm32cube.ide.mcu.externaltools.gnu-tools-for-stm32.10.3-2021.10.win32_1.0.0.202111181127/tools/bin/../lib/gcc/arm-none-eabi/10.3.1/thumb/v7e-m+fp/hard/crtbegin.o

.rodata         0x0000000008009fd0      0xa58
                0x0000000008009fd0                . = ALIGN (0x4)
 *(.rodata)
 .rodata        0x0000000008009fd0       0x57 ./Core/Src/main.o
 *(.rodata*)
 *fill*         0x000000000800a027        0x1 
 .rodata.Font7x10
                0x000000000800a028      0x76c ./Core/Src/fonts.o
                0x000000000800a028                Font7x10
 .rodata.AHBPrescTable
                0x000000000800a794       0x10 ./Core/Src/system_stm32f4xx.o
                0x000000000800a794                AHBPrescTable
 .rodata.APBPrescTable
                0x000000000800a7a4        0x8 ./Core/Src/system_stm32f4xx.o
                0x000000000800a7a4                APBPrescTable
 *fill*         0x000000000800a7ac        0x4 
 .rodata.CSWTCH.8
                0x000000000800a7b0       0x18 c:/st/stm32cubeide_1.9.0/stm32cubeide/plugins/com.st.stm32cube.ide.mcu.externaltools.gnu-tools-for-stm32.10.3-2021.10.win32_1.0.0.202111181127/tools/bin/../lib/gcc/arm-none-eabi/10.3.1/../../../../arm-none-eabi/lib/thumb/v7e-m+fp/hard\libm.a(lib_a-e_atan2.o)
 .rodata.CSWTCH.9
                0x000000000800a7c8       0x18 c:/st/stm32cubeide_1.9.0/stm32cubeide/plugins/com.st.stm32cube.ide.mcu.externaltools.gnu-tools-for-stm32.10.3-2021.10.win32_1.0.0.202111181127/tools/bin/../lib/gcc/arm-none-eabi/10.3.1/../../../../arm-none-eabi/lib/thumb/v7e-m+fp/hard\libm.a(lib_a-e_atan2.o)
 .rodata.bp     0x000000000800a7e0       0x10 c:/st/stm32cubeide_1.9.0/stm32cubeide/plugins/com.st.stm32cube.ide.mcu.externaltools.gnu-tools-for-stm32.10.3-2021.10.win32_1.0.0.202111181127/tools/bin/../lib/gcc/arm-none-eabi/10.3.1/../../../../arm-none-eabi/lib/thumb/v7e-m+fp/hard\libm.a(lib_a-e_pow.o)
 .rodata.dp_h   0x000000000800a7f0       0x10 c:/st/stm32cubeide_1.9.0/stm32cubeide/plugins/com.st.stm32cube.ide.mcu.externaltools.gnu-tools-for-stm32.10.3-2021.10.win32_1.0.0.202111181127/tools/bin/../lib/gcc/arm-none-eabi/10.3.1/../../../../arm-none-eabi/lib/thumb/v7e-m+fp/hard\libm.a(lib_a-e_pow.o)
 .rodata.dp_l   0x000000000800a800       0x10 c:/st/stm32cubeide_1.9.0/stm32cubeide/plugins/com.st.stm32cube.ide.mcu.externaltools.gnu-tools-for-stm32.10.3-2021.10.win32_1.0.0.202111181127/tools/bin/../lib/gcc/arm-none-eabi/10.3.1/../../../../arm-none-eabi/lib/thumb/v7e-m+fp/hard\libm.a(lib_a-e_pow.o)
 .rodata.npio2_hw
                0x000000000800a810       0x80 c:/st/stm32cubeide_1.9.0/stm32cubeide/plugins/com.st.stm32cube.ide.mcu.externaltools.gnu-tools-for-stm32.10.3-2021.10.win32_1.0.0.202111181127/tools/bin/../lib/gcc/arm-none-eabi/10.3.1/../../../../arm-none-eabi/lib/thumb/v7e-m+fp/hard\libm.a(lib_a-e_rem_pio2.o)
 .rodata.two_over_pi
                0x000000000800a890      0x108 c:/st/stm32cubeide_1.9.0/stm32cubeide/plugins/com.st.stm32cube.ide.mcu.externaltools.gnu-tools-for-stm32.10.3-2021.10.win32_1.0.0.202111181127/tools/bin/../lib/gcc/arm-none-eabi/10.3.1/../../../../arm-none-eabi/lib/thumb/v7e-m+fp/hard\libm.a(lib_a-e_rem_pio2.o)
 .rodata.PIo2   0x000000000800a998       0x40 c:/st/stm32cubeide_1.9.0/stm32cubeide/plugins/com.st.stm32cube.ide.mcu.externaltools.gnu-tools-for-stm32.10.3-2021.10.win32_1.0.0.202111181127/tools/bin/../lib/gcc/arm-none-eabi/10.3.1/../../../../arm-none-eabi/lib/thumb/v7e-m+fp/hard\libm.a(lib_a-k_rem_pio2.o)
 .rodata.init_jk
                0x000000000800a9d8       0x10 c:/st/stm32cubeide_1.9.0/stm32cubeide/plugins/com.st.stm32cube.ide.mcu.externaltools.gnu-tools-for-stm32.10.3-2021.10.win32_1.0.0.202111181127/tools/bin/../lib/gcc/arm-none-eabi/10.3.1/../../../../arm-none-eabi/lib/thumb/v7e-m+fp/hard\libm.a(lib_a-k_rem_pio2.o)
 .rodata.atanhi
                0x000000000800a9e8       0x20 c:/st/stm32cubeide_1.9.0/stm32cubeide/plugins/com.st.stm32cube.ide.mcu.externaltools.gnu-tools-for-stm32.10.3-2021.10.win32_1.0.0.202111181127/tools/bin/../lib/gcc/arm-none-eabi/10.3.1/../../../../arm-none-eabi/lib/thumb/v7e-m+fp/hard\libm.a(lib_a-s_atan.o)
 .rodata.atanlo
                0x000000000800aa08       0x20 c:/st/stm32cubeide_1.9.0/stm32cubeide/plugins/com.st.stm32cube.ide.mcu.externaltools.gnu-tools-for-stm32.10.3-2021.10.win32_1.0.0.202111181127/tools/bin/../lib/gcc/arm-none-eabi/10.3.1/../../../../arm-none-eabi/lib/thumb/v7e-m+fp/hard\libm.a(lib_a-s_atan.o)
                0x000000000800aa28                . = ALIGN (0x4)

.ARM.extab      0x000000000800aa28        0x0
                0x000000000800aa28                . = ALIGN (0x4)
 *(.ARM.extab* .gnu.linkonce.armextab.*)
                0x000000000800aa28                . = ALIGN (0x4)

.ARM            0x000000000800aa28        0x8
                0x000000000800aa28                . = ALIGN (0x4)
                0x000000000800aa28                __exidx_start = .
 *(.ARM.exidx*)
 .ARM.exidx     0x000000000800aa28        0x8 c:/st/stm32cubeide_1.9.0/stm32cubeide/plugins/com.st.stm32cube.ide.mcu.externaltools.gnu-tools-for-stm32.10.3-2021.10.win32_1.0.0.202111181127/tools/bin/../lib/gcc/arm-none-eabi/10.3.1/thumb/v7e-m+fp/hard\libgcc.a(_udivmoddi4.o)
                0x000000000800aa30                __exidx_end = .
                0x000000000800aa30                . = ALIGN (0x4)

.rel.dyn        0x000000000800aa30        0x0
 .rel.iplt      0x000000000800aa30        0x0 c:/st/stm32cubeide_1.9.0/stm32cubeide/plugins/com.st.stm32cube.ide.mcu.externaltools.gnu-tools-for-stm32.10.3-2021.10.win32_1.0.0.202111181127/tools/bin/../lib/gcc/arm-none-eabi/10.3.1/thumb/v7e-m+fp/hard/crtbegin.o

.preinit_array  0x000000000800aa30        0x0
                0x000000000800aa30                . = ALIGN (0x4)
                0x000000000800aa30                PROVIDE (__preinit_array_start = .)
 *(.preinit_array*)
                0x000000000800aa30                PROVIDE (__preinit_array_end = .)
                0x000000000800aa30                . = ALIGN (0x4)

.init_array     0x000000000800aa30        0x4
                0x000000000800aa30                . = ALIGN (0x4)
                0x000000000800aa30                PROVIDE (__init_array_start = .)
 *(SORT_BY_NAME(.init_array.*))
 *(.init_array*)
 .init_array    0x000000000800aa30        0x4 c:/st/stm32cubeide_1.9.0/stm32cubeide/plugins/com.st.stm32cube.ide.mcu.externaltools.gnu-tools-for-stm32.10.3-2021.10.win32_1.0.0.202111181127/tools/bin/../lib/gcc/arm-none-eabi/10.3.1/thumb/v7e-m+fp/hard/crtbegin.o
                0x000000000800aa34                PROVIDE (__init_array_end = .)
                0x000000000800aa34                . = ALIGN (0x4)

.fini_array     0x000000000800aa34        0x4
                0x000000000800aa34                . = ALIGN (0x4)
                [!provide]                        PROVIDE (__fini_array_start = .)
 *(SORT_BY_NAME(.fini_array.*))
 *(.fini_array*)
 .fini_array    0x000000000800aa34        0x4 c:/st/stm32cubeide_1.9.0/stm32cubeide/plugins/com.st.stm32cube.ide.mcu.externaltools.gnu-tools-for-stm32.10.3-2021.10.win32_1.0.0.202111181127/tools/bin/../lib/gcc/arm-none-eabi/10.3.1/thumb/v7e-m+fp/hard/crtbegin.o
                [!provide]                        PROVIDE (__fini_array_end = .)
                0x000000000800aa38                . = ALIGN (0x4)
                0x000000000800aa38                _sidata = LOADADDR (.data)

.data           0x0000000020000000       0x88 load address 0x000000000800aa38
                0x0000000020000000                . = ALIGN (0x4)
                0x0000000020000000                _sdata = .
 *(.data)
 *(.data*)
 .data.Font_7x10
                0x0000000020000000        0x8 ./Core/Src/fonts.o
                0x0000000020000000                Font_7x10
 .data.v        0x0000000020000008        0x4 ./Core/Src/main.o
                0x0000000020000008                v
 .data.GY_A5    0x000000002000000c        0x1 ./Core/Src/main.o
                0x000000002000000c                GY_A5
 *fill*         0x000000002000000d        0x3 
 .data.GY_51    0x0000000020000010        0x1 ./Core/Src/main.o
                0x0000000020000010                GY_51
 *fill*         0x0000000020000011        0x3 
 .data.GY_55    0x0000000020000014        0x1 ./Core/Src/main.o
                0x0000000020000014                GY_55
 .data.look_dir
                0x0000000020000015        0x1 ./Core/Src/main.o
                0x0000000020000015                look_dir
 *fill*         0x0000000020000016        0x2 
 .data.SystemCoreClock
                0x0000000020000018        0x4 ./Core/Src/system_stm32f4xx.o
                0x0000000020000018                SystemCoreClock
 .data.uwTickPrio
                0x000000002000001c        0x4 ./Drivers/STM32F4xx_HAL_Driver/Src/stm32f4xx_hal.o
                0x000000002000001c                uwTickPrio
 .data.uwTickFreq
                0x0000000020000020        0x1 ./Drivers/STM32F4xx_HAL_Driver/Src/stm32f4xx_hal.o
                0x0000000020000020                uwTickFreq
 *fill*         0x0000000020000021        0x3 
 .data._impure_ptr
                0x0000000020000024        0x4 c:/st/stm32cubeide_1.9.0/stm32cubeide/plugins/com.st.stm32cube.ide.mcu.externaltools.gnu-tools-for-stm32.10.3-2021.10.win32_1.0.0.202111181127/tools/bin/../lib/gcc/arm-none-eabi/10.3.1/../../../../arm-none-eabi/lib/thumb/v7e-m+fp/hard\libc_nano.a(lib_a-impure.o)
                0x0000000020000024                _impure_ptr
 .data.impure_data
                0x0000000020000028       0x60 c:/st/stm32cubeide_1.9.0/stm32cubeide/plugins/com.st.stm32cube.ide.mcu.externaltools.gnu-tools-for-stm32.10.3-2021.10.win32_1.0.0.202111181127/tools/bin/../lib/gcc/arm-none-eabi/10.3.1/../../../../arm-none-eabi/lib/thumb/v7e-m+fp/hard\libc_nano.a(lib_a-impure.o)
 *(.RamFunc)
 *(.RamFunc*)
                0x0000000020000088                . = ALIGN (0x4)
                0x0000000020000088                _edata = .
                0x000000000800aac0                _siccmram = LOADADDR (.ccmram)

.igot.plt       0x0000000020000088        0x0 load address 0x000000000800aac0
 .igot.plt      0x0000000020000088        0x0 c:/st/stm32cubeide_1.9.0/stm32cubeide/plugins/com.st.stm32cube.ide.mcu.externaltools.gnu-tools-for-stm32.10.3-2021.10.win32_1.0.0.202111181127/tools/bin/../lib/gcc/arm-none-eabi/10.3.1/thumb/v7e-m+fp/hard/crtbegin.o

.ccmram         0x0000000010000000        0x0 load address 0x000000000800aac0
                0x0000000010000000                . = ALIGN (0x4)
                0x0000000010000000                _sccmram = .
 *(.ccmram)
 *(.ccmram*)
                0x0000000010000000                . = ALIGN (0x4)
                0x0000000010000000                _eccmram = .
                0x0000000010000000                . = ALIGN (0x4)

.bss            0x0000000020000088      0x700
                0x0000000020000088                _sbss = .
                0x0000000020000088                __bss_start__ = _sbss
 *(.bss)
 .bss           0x0000000020000088       0x1c c:/st/stm32cubeide_1.9.0/stm32cubeide/plugins/com.st.stm32cube.ide.mcu.externaltools.gnu-tools-for-stm32.10.3-2021.10.win32_1.0.0.202111181127/tools/bin/../lib/gcc/arm-none-eabi/10.3.1/thumb/v7e-m+fp/hard/crtbegin.o
 *(.bss*)
 .bss.hadc1     0x00000000200000a4       0x48 ./Core/Src/main.o
                0x00000000200000a4                hadc1
 .bss.hi2c1     0x00000000200000ec       0x54 ./Core/Src/main.o
                0x00000000200000ec                hi2c1
 .bss.hi2c2     0x0000000020000140       0x54 ./Core/Src/main.o
                0x0000000020000140                hi2c2
 .bss.htim1     0x0000000020000194       0x48 ./Core/Src/main.o
                0x0000000020000194                htim1
 .bss.huart2    0x00000000200001dc       0x44 ./Core/Src/main.o
                0x00000000200001dc                huart2
 .bss.i2c_rx_data
                0x0000000020000220       0x40 ./Core/Src/main.o
                0x0000000020000220                i2c_rx_data
 .bss.x_robot   0x0000000020000260        0x4 ./Core/Src/main.o
                0x0000000020000260                x_robot
 .bss.y_robot   0x0000000020000264        0x4 ./Core/Src/main.o
                0x0000000020000264                y_robot
 .bss.checksum  0x0000000020000268        0x2 ./Core/Src/main.o
                0x0000000020000268                checksum
 .bss.signature
                0x000000002000026a        0x2 ./Core/Src/main.o
                0x000000002000026a                signature
 .bss.x_ball    0x000000002000026c        0x2 ./Core/Src/main.o
                0x000000002000026c                x_ball
 .bss.y_ball    0x000000002000026e        0x2 ./Core/Src/main.o
                0x000000002000026e                y_ball
 .bss.w_goal    0x0000000020000270        0x2 ./Core/Src/main.o
                0x0000000020000270                w_goal
 .bss.h_goal    0x0000000020000272        0x2 ./Core/Src/main.o
                0x0000000020000272                h_goal
 .bss.x_goal    0x0000000020000274        0x2 ./Core/Src/main.o
                0x0000000020000274                x_goal
 .bss.y_goal    0x0000000020000276        0x2 ./Core/Src/main.o
                0x0000000020000276                y_goal
 .bss.ball_angle
                0x0000000020000278        0x4 ./Core/Src/main.o
                0x0000000020000278                ball_angle
 .bss.ball_dist
                0x000000002000027c        0x4 ./Core/Src/main.o
                0x000000002000027c                ball_dist
 .bss.is_ball   0x0000000020000280        0x4 ./Core/Src/main.o
                0x0000000020000280                is_ball
 .bss.goal_angle
                0x0000000020000284        0x4 ./Core/Src/main.o
                0x0000000020000284                goal_angle
 .bss.goal_dist
                0x0000000020000288        0x4 ./Core/Src/main.o
                0x0000000020000288                goal_dist
 .bss.is_goal   0x000000002000028c        0x4 ./Core/Src/main.o
                0x000000002000028c                is_goal
 .bss.Rx2_Buff  0x0000000020000290        0x8 ./Core/Src/main.o
                0x0000000020000290                Rx2_Buff
 .bss.Pitch     0x0000000020000298        0x2 ./Core/Src/main.o
                0x0000000020000298                Pitch
 .bss.Roll      0x000000002000029a        0x2 ./Core/Src/main.o
                0x000000002000029a                Roll
 .bss.Heading   0x000000002000029c        0x2 ./Core/Src/main.o
                0x000000002000029c                Heading
 .bss.rotation_fix
                0x000000002000029e        0x2 ./Core/Src/main.o
                0x000000002000029e                rotation_fix
 .bss.Last_Heading
                0x00000000200002a0        0x2 ./Core/Src/main.o
                0x00000000200002a0                Last_Heading
 *fill*         0x00000000200002a2        0x2 
 .bss.kaf       0x00000000200002a4       0x40 ./Core/Src/main.o
                0x00000000200002a4                kaf
 .bss.kaf_set   0x00000000200002e4       0x40 ./Core/Src/main.o
                0x00000000200002e4                kaf_set
 .bss.arrived_to_goal
                0x0000000020000324        0x4 ./Core/Src/main.o
                0x0000000020000324                arrived_to_goal
 .bss.ball_in_kicker
                0x0000000020000328        0x4 ./Core/Src/main.o
                0x0000000020000328                ball_in_kicker
 .bss.already_shooted
                0x000000002000032c        0x4 ./Core/Src/main.o
                0x000000002000032c                already_shooted
 .bss.shoot_cnt
                0x0000000020000330        0x4 ./Core/Src/main.o
                0x0000000020000330                shoot_cnt
 .bss.mf_cnt    0x0000000020000334        0x4 ./Core/Src/main.o
                0x0000000020000334                mf_cnt
 .bss.stop_before_shoot_cnt
                0x0000000020000338        0x4 ./Core/Src/main.o
                0x0000000020000338                stop_before_shoot_cnt
 .bss.out_cnt   0x000000002000033c        0x4 ./Core/Src/main.o
                0x000000002000033c                out_cnt
 .bss.comeback_cnt
                0x0000000020000340        0x4 ./Core/Src/main.o
                0x0000000020000340                comeback_cnt
 .bss.robotID   0x0000000020000344        0x4 ./Core/Src/main.o
                0x0000000020000344                robotID
 .bss.last_ball_x
                0x0000000020000348        0x4 ./Core/Src/main.o
                0x0000000020000348                last_ball_x
 .bss.last_ball_y
                0x000000002000034c        0x4 ./Core/Src/main.o
                0x000000002000034c                last_ball_y
 .bss.Last_Time
                0x0000000020000350        0x4 ./Core/Src/main.o
                0x0000000020000350                Last_Time
 .bss.ball_move_dist
                0x0000000020000354        0x4 ./Core/Src/main.o
                0x0000000020000354                ball_move_dist
 .bss.goal_keeper_y
                0x0000000020000358        0x4 ./Core/Src/main.o
                0x0000000020000358                goal_keeper_y
 .bss.behind_ball_y
                0x000000002000035c        0x4 ./Core/Src/main.o
                0x000000002000035c                behind_ball_y
 .bss.shl       0x0000000020000360        0x4 ./Core/Src/main.o
                0x0000000020000360                shl
 .bss.shr       0x0000000020000364        0x4 ./Core/Src/main.o
                0x0000000020000364                shr
 .bss.shb       0x0000000020000368        0x4 ./Core/Src/main.o
                0x0000000020000368                shb
 .bss.K_P       0x000000002000036c        0x4 ./Core/Src/main.o
                0x000000002000036c                K_P
 .bss.K_I       0x0000000020000370        0x4 ./Core/Src/main.o
                0x0000000020000370                K_I
 .bss.K_D       0x0000000020000374        0x4 ./Core/Src/main.o
                0x0000000020000374                K_D
 .bss.GY        0x0000000020000378        0x4 ./Core/Src/main.o
                0x0000000020000378                GY
 .bss.SSD1306_Buffer
                0x000000002000037c      0x400 ./Core/Src/ssd1306.o
 .bss.SSD1306   0x000000002000077c        0x6 ./Core/Src/ssd1306.o
 *fill*         0x0000000020000782        0x2 
 .bss.uwTick    0x0000000020000784        0x4 ./Drivers/STM32F4xx_HAL_Driver/Src/stm32f4xx_hal.o
                0x0000000020000784                uwTick
 *(COMMON)
                0x0000000020000788                . = ALIGN (0x4)
                0x0000000020000788                _ebss = .
                0x0000000020000788                __bss_end__ = _ebss

._user_heap_stack
                0x0000000020000788      0x600
                0x0000000020000788                . = ALIGN (0x8)
                [!provide]                        PROVIDE (end = .)
                0x0000000020000788                PROVIDE (_end = .)
                0x0000000020000988                . = (. + _Min_Heap_Size)
 *fill*         0x0000000020000788      0x200 
                0x0000000020000d88                . = (. + _Min_Stack_Size)
 *fill*         0x0000000020000988      0x400 
                0x0000000020000d88                . = ALIGN (0x8)

/DISCARD/
 libc.a(*)
 libm.a(*)
 libgcc.a(*)

.ARM.attributes
                0x0000000000000000       0x30
 *(.ARM.attributes)
 .ARM.attributes
                0x0000000000000000       0x1e c:/st/stm32cubeide_1.9.0/stm32cubeide/plugins/com.st.stm32cube.ide.mcu.externaltools.gnu-tools-for-stm32.10.3-2021.10.win32_1.0.0.202111181127/tools/bin/../lib/gcc/arm-none-eabi/10.3.1/thumb/v7e-m+fp/hard/crti.o
 .ARM.attributes
                0x000000000000001e       0x34 c:/st/stm32cubeide_1.9.0/stm32cubeide/plugins/com.st.stm32cube.ide.mcu.externaltools.gnu-tools-for-stm32.10.3-2021.10.win32_1.0.0.202111181127/tools/bin/../lib/gcc/arm-none-eabi/10.3.1/thumb/v7e-m+fp/hard/crtbegin.o
 .ARM.attributes
                0x0000000000000052       0x34 ./Core/Src/fonts.o
 .ARM.attributes
                0x0000000000000086       0x34 ./Core/Src/main.o
 .ARM.attributes
                0x00000000000000ba       0x34 ./Core/Src/ssd1306.o
 .ARM.attributes
                0x00000000000000ee       0x34 ./Core/Src/stm32f4xx_hal_msp.o
 .ARM.attributes
                0x0000000000000122       0x34 ./Core/Src/stm32f4xx_it.o
 .ARM.attributes
                0x0000000000000156       0x34 ./Core/Src/system_stm32f4xx.o
 .ARM.attributes
                0x000000000000018a       0x21 ./Core/Startup/startup_stm32f407vgtx.o
 .ARM.attributes
                0x00000000000001ab       0x34 ./Drivers/STM32F4xx_HAL_Driver/Src/stm32f4xx_hal.o
 .ARM.attributes
                0x00000000000001df       0x34 ./Drivers/STM32F4xx_HAL_Driver/Src/stm32f4xx_hal_adc.o
 .ARM.attributes
                0x0000000000000213       0x34 ./Drivers/STM32F4xx_HAL_Driver/Src/stm32f4xx_hal_cortex.o
 .ARM.attributes
                0x0000000000000247       0x34 ./Drivers/STM32F4xx_HAL_Driver/Src/stm32f4xx_hal_gpio.o
 .ARM.attributes
                0x000000000000027b       0x34 ./Drivers/STM32F4xx_HAL_Driver/Src/stm32f4xx_hal_i2c.o
 .ARM.attributes
                0x00000000000002af       0x34 ./Drivers/STM32F4xx_HAL_Driver/Src/stm32f4xx_hal_rcc.o
 .ARM.attributes
                0x00000000000002e3       0x34 ./Drivers/STM32F4xx_HAL_Driver/Src/stm32f4xx_hal_tim.o
 .ARM.attributes
                0x0000000000000317       0x34 ./Drivers/STM32F4xx_HAL_Driver/Src/stm32f4xx_hal_tim_ex.o
 .ARM.attributes
                0x000000000000034b       0x34 ./Drivers/STM32F4xx_HAL_Driver/Src/stm32f4xx_hal_uart.o
 .ARM.attributes
                0x000000000000037f       0x34 c:/st/stm32cubeide_1.9.0/stm32cubeide/plugins/com.st.stm32cube.ide.mcu.externaltools.gnu-tools-for-stm32.10.3-2021.10.win32_1.0.0.202111181127/tools/bin/../lib/gcc/arm-none-eabi/10.3.1/../../../../arm-none-eabi/lib/thumb/v7e-m+fp/hard\libc_nano.a(lib_a-errno.o)
 .ARM.attributes
                0x00000000000003b3       0x34 c:/st/stm32cubeide_1.9.0/stm32cubeide/plugins/com.st.stm32cube.ide.mcu.externaltools.gnu-tools-for-stm32.10.3-2021.10.win32_1.0.0.202111181127/tools/bin/../lib/gcc/arm-none-eabi/10.3.1/../../../../arm-none-eabi/lib/thumb/v7e-m+fp/hard\libc_nano.a(lib_a-impure.o)
 .ARM.attributes
                0x00000000000003e7       0x34 c:/st/stm32cubeide_1.9.0/stm32cubeide/plugins/com.st.stm32cube.ide.mcu.externaltools.gnu-tools-for-stm32.10.3-2021.10.win32_1.0.0.202111181127/tools/bin/../lib/gcc/arm-none-eabi/10.3.1/../../../../arm-none-eabi/lib/thumb/v7e-m+fp/hard\libc_nano.a(lib_a-init.o)
 .ARM.attributes
                0x000000000000041b       0x34 c:/st/stm32cubeide_1.9.0/stm32cubeide/plugins/com.st.stm32cube.ide.mcu.externaltools.gnu-tools-for-stm32.10.3-2021.10.win32_1.0.0.202111181127/tools/bin/../lib/gcc/arm-none-eabi/10.3.1/../../../../arm-none-eabi/lib/thumb/v7e-m+fp/hard\libc_nano.a(lib_a-memset.o)
 .ARM.attributes
                0x000000000000044f       0x1c c:/st/stm32cubeide_1.9.0/stm32cubeide/plugins/com.st.stm32cube.ide.mcu.externaltools.gnu-tools-for-stm32.10.3-2021.10.win32_1.0.0.202111181127/tools/bin/../lib/gcc/arm-none-eabi/10.3.1/../../../../arm-none-eabi/lib/thumb/v7e-m+fp/hard\libc_nano.a(lib_a-strcmp.o)
 .ARM.attributes
                0x000000000000046b       0x34 c:/st/stm32cubeide_1.9.0/stm32cubeide/plugins/com.st.stm32cube.ide.mcu.externaltools.gnu-tools-for-stm32.10.3-2021.10.win32_1.0.0.202111181127/tools/bin/../lib/gcc/arm-none-eabi/10.3.1/../../../../arm-none-eabi/lib/thumb/v7e-m+fp/hard\libm.a(lib_a-s_cos.o)
 .ARM.attributes
                0x000000000000049f       0x34 c:/st/stm32cubeide_1.9.0/stm32cubeide/plugins/com.st.stm32cube.ide.mcu.externaltools.gnu-tools-for-stm32.10.3-2021.10.win32_1.0.0.202111181127/tools/bin/../lib/gcc/arm-none-eabi/10.3.1/../../../../arm-none-eabi/lib/thumb/v7e-m+fp/hard\libm.a(lib_a-s_sin.o)
 .ARM.attributes
                0x00000000000004d3       0x34 c:/st/stm32cubeide_1.9.0/stm32cubeide/plugins/com.st.stm32cube.ide.mcu.externaltools.gnu-tools-for-stm32.10.3-2021.10.win32_1.0.0.202111181127/tools/bin/../lib/gcc/arm-none-eabi/10.3.1/../../../../arm-none-eabi/lib/thumb/v7e-m+fp/hard\libm.a(lib_a-w_atan2.o)
 .ARM.attributes
                0x0000000000000507       0x34 c:/st/stm32cubeide_1.9.0/stm32cubeide/plugins/com.st.stm32cube.ide.mcu.externaltools.gnu-tools-for-stm32.10.3-2021.10.win32_1.0.0.202111181127/tools/bin/../lib/gcc/arm-none-eabi/10.3.1/../../../../arm-none-eabi/lib/thumb/v7e-m+fp/hard\libm.a(lib_a-w_pow.o)
 .ARM.attributes
                0x000000000000053b       0x34 c:/st/stm32cubeide_1.9.0/stm32cubeide/plugins/com.st.stm32cube.ide.mcu.externaltools.gnu-tools-for-stm32.10.3-2021.10.win32_1.0.0.202111181127/tools/bin/../lib/gcc/arm-none-eabi/10.3.1/../../../../arm-none-eabi/lib/thumb/v7e-m+fp/hard\libm.a(lib_a-w_sqrt.o)
 .ARM.attributes
                0x000000000000056f       0x34 c:/st/stm32cubeide_1.9.0/stm32cubeide/plugins/com.st.stm32cube.ide.mcu.externaltools.gnu-tools-for-stm32.10.3-2021.10.win32_1.0.0.202111181127/tools/bin/../lib/gcc/arm-none-eabi/10.3.1/../../../../arm-none-eabi/lib/thumb/v7e-m+fp/hard\libm.a(lib_a-e_atan2.o)
 .ARM.attributes
                0x00000000000005a3       0x34 c:/st/stm32cubeide_1.9.0/stm32cubeide/plugins/com.st.stm32cube.ide.mcu.externaltools.gnu-tools-for-stm32.10.3-2021.10.win32_1.0.0.202111181127/tools/bin/../lib/gcc/arm-none-eabi/10.3.1/../../../../arm-none-eabi/lib/thumb/v7e-m+fp/hard\libm.a(lib_a-e_pow.o)
 .ARM.attributes
                0x00000000000005d7       0x34 c:/st/stm32cubeide_1.9.0/stm32cubeide/plugins/com.st.stm32cube.ide.mcu.externaltools.gnu-tools-for-stm32.10.3-2021.10.win32_1.0.0.202111181127/tools/bin/../lib/gcc/arm-none-eabi/10.3.1/../../../../arm-none-eabi/lib/thumb/v7e-m+fp/hard\libm.a(lib_a-e_rem_pio2.o)
 .ARM.attributes
                0x000000000000060b       0x34 c:/st/stm32cubeide_1.9.0/stm32cubeide/plugins/com.st.stm32cube.ide.mcu.externaltools.gnu-tools-for-stm32.10.3-2021.10.win32_1.0.0.202111181127/tools/bin/../lib/gcc/arm-none-eabi/10.3.1/../../../../arm-none-eabi/lib/thumb/v7e-m+fp/hard\libm.a(lib_a-e_sqrt.o)
 .ARM.attributes
                0x000000000000063f       0x34 c:/st/stm32cubeide_1.9.0/stm32cubeide/plugins/com.st.stm32cube.ide.mcu.externaltools.gnu-tools-for-stm32.10.3-2021.10.win32_1.0.0.202111181127/tools/bin/../lib/gcc/arm-none-eabi/10.3.1/../../../../arm-none-eabi/lib/thumb/v7e-m+fp/hard\libm.a(lib_a-k_cos.o)
 .ARM.attributes
                0x0000000000000673       0x34 c:/st/stm32cubeide_1.9.0/stm32cubeide/plugins/com.st.stm32cube.ide.mcu.externaltools.gnu-tools-for-stm32.10.3-2021.10.win32_1.0.0.202111181127/tools/bin/../lib/gcc/arm-none-eabi/10.3.1/../../../../arm-none-eabi/lib/thumb/v7e-m+fp/hard\libm.a(lib_a-k_rem_pio2.o)
 .ARM.attributes
                0x00000000000006a7       0x34 c:/st/stm32cubeide_1.9.0/stm32cubeide/plugins/com.st.stm32cube.ide.mcu.externaltools.gnu-tools-for-stm32.10.3-2021.10.win32_1.0.0.202111181127/tools/bin/../lib/gcc/arm-none-eabi/10.3.1/../../../../arm-none-eabi/lib/thumb/v7e-m+fp/hard\libm.a(lib_a-k_sin.o)
 .ARM.attributes
                0x00000000000006db       0x34 c:/st/stm32cubeide_1.9.0/stm32cubeide/plugins/com.st.stm32cube.ide.mcu.externaltools.gnu-tools-for-stm32.10.3-2021.10.win32_1.0.0.202111181127/tools/bin/../lib/gcc/arm-none-eabi/10.3.1/../../../../arm-none-eabi/lib/thumb/v7e-m+fp/hard\libm.a(lib_a-math_err.o)
 .ARM.attributes
                0x000000000000070f       0x34 c:/st/stm32cubeide_1.9.0/stm32cubeide/plugins/com.st.stm32cube.ide.mcu.externaltools.gnu-tools-for-stm32.10.3-2021.10.win32_1.0.0.202111181127/tools/bin/../lib/gcc/arm-none-eabi/10.3.1/../../../../arm-none-eabi/lib/thumb/v7e-m+fp/hard\libm.a(lib_a-s_atan.o)
 .ARM.attributes
                0x0000000000000743       0x34 c:/st/stm32cubeide_1.9.0/stm32cubeide/plugins/com.st.stm32cube.ide.mcu.externaltools.gnu-tools-for-stm32.10.3-2021.10.win32_1.0.0.202111181127/tools/bin/../lib/gcc/arm-none-eabi/10.3.1/../../../../arm-none-eabi/lib/thumb/v7e-m+fp/hard\libm.a(lib_a-s_fabs.o)
 .ARM.attributes
                0x0000000000000777       0x34 c:/st/stm32cubeide_1.9.0/stm32cubeide/plugins/com.st.stm32cube.ide.mcu.externaltools.gnu-tools-for-stm32.10.3-2021.10.win32_1.0.0.202111181127/tools/bin/../lib/gcc/arm-none-eabi/10.3.1/../../../../arm-none-eabi/lib/thumb/v7e-m+fp/hard\libm.a(lib_a-s_finite.o)
 .ARM.attributes
                0x00000000000007ab       0x34 c:/st/stm32cubeide_1.9.0/stm32cubeide/plugins/com.st.stm32cube.ide.mcu.externaltools.gnu-tools-for-stm32.10.3-2021.10.win32_1.0.0.202111181127/tools/bin/../lib/gcc/arm-none-eabi/10.3.1/../../../../arm-none-eabi/lib/thumb/v7e-m+fp/hard\libm.a(lib_a-s_floor.o)
 .ARM.attributes
                0x00000000000007df       0x34 c:/st/stm32cubeide_1.9.0/stm32cubeide/plugins/com.st.stm32cube.ide.mcu.externaltools.gnu-tools-for-stm32.10.3-2021.10.win32_1.0.0.202111181127/tools/bin/../lib/gcc/arm-none-eabi/10.3.1/../../../../arm-none-eabi/lib/thumb/v7e-m+fp/hard\libm.a(lib_a-s_scalbn.o)
 .ARM.attributes
                0x0000000000000813       0x1e c:/st/stm32cubeide_1.9.0/stm32cubeide/plugins/com.st.stm32cube.ide.mcu.externaltools.gnu-tools-for-stm32.10.3-2021.10.win32_1.0.0.202111181127/tools/bin/../lib/gcc/arm-none-eabi/10.3.1/thumb/v7e-m+fp/hard\libgcc.a(_arm_addsubdf3.o)
 .ARM.attributes
                0x0000000000000831       0x1e c:/st/stm32cubeide_1.9.0/stm32cubeide/plugins/com.st.stm32cube.ide.mcu.externaltools.gnu-tools-for-stm32.10.3-2021.10.win32_1.0.0.202111181127/tools/bin/../lib/gcc/arm-none-eabi/10.3.1/thumb/v7e-m+fp/hard\libgcc.a(_arm_muldivdf3.o)
 .ARM.attributes
                0x000000000000084f       0x1e c:/st/stm32cubeide_1.9.0/stm32cubeide/plugins/com.st.stm32cube.ide.mcu.externaltools.gnu-tools-for-stm32.10.3-2021.10.win32_1.0.0.202111181127/tools/bin/../lib/gcc/arm-none-eabi/10.3.1/thumb/v7e-m+fp/hard\libgcc.a(_arm_cmpdf2.o)
 .ARM.attributes
                0x000000000000086d       0x1e c:/st/stm32cubeide_1.9.0/stm32cubeide/plugins/com.st.stm32cube.ide.mcu.externaltools.gnu-tools-for-stm32.10.3-2021.10.win32_1.0.0.202111181127/tools/bin/../lib/gcc/arm-none-eabi/10.3.1/thumb/v7e-m+fp/hard\libgcc.a(_arm_unorddf2.o)
 .ARM.attributes
                0x000000000000088b       0x1e c:/st/stm32cubeide_1.9.0/stm32cubeide/plugins/com.st.stm32cube.ide.mcu.externaltools.gnu-tools-for-stm32.10.3-2021.10.win32_1.0.0.202111181127/tools/bin/../lib/gcc/arm-none-eabi/10.3.1/thumb/v7e-m+fp/hard\libgcc.a(_arm_fixdfsi.o)
 .ARM.attributes
                0x00000000000008a9       0x1e c:/st/stm32cubeide_1.9.0/stm32cubeide/plugins/com.st.stm32cube.ide.mcu.externaltools.gnu-tools-for-stm32.10.3-2021.10.win32_1.0.0.202111181127/tools/bin/../lib/gcc/arm-none-eabi/10.3.1/thumb/v7e-m+fp/hard\libgcc.a(_arm_truncdfsf2.o)
 .ARM.attributes
                0x00000000000008c7       0x1e c:/st/stm32cubeide_1.9.0/stm32cubeide/plugins/com.st.stm32cube.ide.mcu.externaltools.gnu-tools-for-stm32.10.3-2021.10.win32_1.0.0.202111181127/tools/bin/../lib/gcc/arm-none-eabi/10.3.1/thumb/v7e-m+fp/hard\libgcc.a(_aeabi_uldivmod.o)
 .ARM.attributes
                0x00000000000008e5       0x34 c:/st/stm32cubeide_1.9.0/stm32cubeide/plugins/com.st.stm32cube.ide.mcu.externaltools.gnu-tools-for-stm32.10.3-2021.10.win32_1.0.0.202111181127/tools/bin/../lib/gcc/arm-none-eabi/10.3.1/thumb/v7e-m+fp/hard\libgcc.a(_udivmoddi4.o)
 .ARM.attributes
                0x0000000000000919       0x1e c:/st/stm32cubeide_1.9.0/stm32cubeide/plugins/com.st.stm32cube.ide.mcu.externaltools.gnu-tools-for-stm32.10.3-2021.10.win32_1.0.0.202111181127/tools/bin/../lib/gcc/arm-none-eabi/10.3.1/thumb/v7e-m+fp/hard\libgcc.a(_dvmd_tls.o)
 .ARM.attributes
                0x0000000000000937       0x1e c:/st/stm32cubeide_1.9.0/stm32cubeide/plugins/com.st.stm32cube.ide.mcu.externaltools.gnu-tools-for-stm32.10.3-2021.10.win32_1.0.0.202111181127/tools/bin/../lib/gcc/arm-none-eabi/10.3.1/thumb/v7e-m+fp/hard/crtn.o
OUTPUT(Metis2023.elf elf32-littlearm)
LOAD linker stubs
LOAD c:/st/stm32cubeide_1.9.0/stm32cubeide/plugins/com.st.stm32cube.ide.mcu.externaltools.gnu-tools-for-stm32.10.3-2021.10.win32_1.0.0.202111181127/tools/bin/../lib/gcc/arm-none-eabi/10.3.1/../../../../arm-none-eabi/lib/thumb/v7e-m+fp/hard\libc.a
LOAD c:/st/stm32cubeide_1.9.0/stm32cubeide/plugins/com.st.stm32cube.ide.mcu.externaltools.gnu-tools-for-stm32.10.3-2021.10.win32_1.0.0.202111181127/tools/bin/../lib/gcc/arm-none-eabi/10.3.1/../../../../arm-none-eabi/lib/thumb/v7e-m+fp/hard\libm.a
LOAD c:/st/stm32cubeide_1.9.0/stm32cubeide/plugins/com.st.stm32cube.ide.mcu.externaltools.gnu-tools-for-stm32.10.3-2021.10.win32_1.0.0.202111181127/tools/bin/../lib/gcc/arm-none-eabi/10.3.1/thumb/v7e-m+fp/hard\libgcc.a

.debug_info     0x0000000000000000    0x12261
 .debug_info    0x0000000000000000      0x27a ./Core/Src/fonts.o
 .debug_info    0x000000000000027a     0x23b4 ./Core/Src/main.o
 .debug_info    0x000000000000262e     0x115f ./Core/Src/ssd1306.o
 .debug_info    0x000000000000378d     0x140b ./Core/Src/stm32f4xx_hal_msp.o
 .debug_info    0x0000000000004b98      0x24a ./Core/Src/stm32f4xx_it.o
 .debug_info    0x0000000000004de2      0x523 ./Core/Src/system_stm32f4xx.o
 .debug_info    0x0000000000005305       0x22 ./Core/Startup/startup_stm32f407vgtx.o
 .debug_info    0x0000000000005327      0x97c ./Drivers/STM32F4xx_HAL_Driver/Src/stm32f4xx_hal.o
 .debug_info    0x0000000000005ca3      0xd70 ./Drivers/STM32F4xx_HAL_Driver/Src/stm32f4xx_hal_adc.o
 .debug_info    0x0000000000006a13      0xe1b ./Drivers/STM32F4xx_HAL_Driver/Src/stm32f4xx_hal_cortex.o
 .debug_info    0x000000000000782e      0x76a ./Drivers/STM32F4xx_HAL_Driver/Src/stm32f4xx_hal_gpio.o
 .debug_info    0x0000000000007f98     0x2609 ./Drivers/STM32F4xx_HAL_Driver/Src/stm32f4xx_hal_i2c.o
 .debug_info    0x000000000000a5a1      0x966 ./Drivers/STM32F4xx_HAL_Driver/Src/stm32f4xx_hal_rcc.o
 .debug_info    0x000000000000af07     0x2bbe ./Drivers/STM32F4xx_HAL_Driver/Src/stm32f4xx_hal_tim.o
 .debug_info    0x000000000000dac5     0x15e0 ./Drivers/STM32F4xx_HAL_Driver/Src/stm32f4xx_hal_tim_ex.o
 .debug_info    0x000000000000f0a5     0x31bc ./Drivers/STM32F4xx_HAL_Driver/Src/stm32f4xx_hal_uart.o

.debug_abbrev   0x0000000000000000     0x225c
 .debug_abbrev  0x0000000000000000      0x111 ./Core/Src/fonts.o
 .debug_abbrev  0x0000000000000111      0x3e4 ./Core/Src/main.o
 .debug_abbrev  0x00000000000004f5      0x2f8 ./Core/Src/ssd1306.o
 .debug_abbrev  0x00000000000007ed      0x208 ./Core/Src/stm32f4xx_hal_msp.o
 .debug_abbrev  0x00000000000009f5      0x11d ./Core/Src/stm32f4xx_it.o
 .debug_abbrev  0x0000000000000b12      0x116 ./Core/Src/system_stm32f4xx.o
 .debug_abbrev  0x0000000000000c28       0x12 ./Core/Startup/startup_stm32f407vgtx.o
 .debug_abbrev  0x0000000000000c3a      0x20d ./Drivers/STM32F4xx_HAL_Driver/Src/stm32f4xx_hal.o
 .debug_abbrev  0x0000000000000e47      0x244 ./Drivers/STM32F4xx_HAL_Driver/Src/stm32f4xx_hal_adc.o
 .debug_abbrev  0x000000000000108b      0x316 ./Drivers/STM32F4xx_HAL_Driver/Src/stm32f4xx_hal_cortex.o
 .debug_abbrev  0x00000000000013a1      0x1c4 ./Drivers/STM32F4xx_HAL_Driver/Src/stm32f4xx_hal_gpio.o
 .debug_abbrev  0x0000000000001565      0x297 ./Drivers/STM32F4xx_HAL_Driver/Src/stm32f4xx_hal_i2c.o
 .debug_abbrev  0x00000000000017fc      0x2aa ./Drivers/STM32F4xx_HAL_Driver/Src/stm32f4xx_hal_rcc.o
 .debug_abbrev  0x0000000000001aa6      0x25d ./Drivers/STM32F4xx_HAL_Driver/Src/stm32f4xx_hal_tim.o
 .debug_abbrev  0x0000000000001d03      0x265 ./Drivers/STM32F4xx_HAL_Driver/Src/stm32f4xx_hal_tim_ex.o
 .debug_abbrev  0x0000000000001f68      0x2f4 ./Drivers/STM32F4xx_HAL_Driver/Src/stm32f4xx_hal_uart.o

.debug_aranges  0x0000000000000000     0x10f8
 .debug_aranges
                0x0000000000000000       0x20 ./Core/Src/fonts.o
 .debug_aranges
                0x0000000000000020      0x120 ./Core/Src/main.o
 .debug_aranges
                0x0000000000000140       0xf8 ./Core/Src/ssd1306.o
 .debug_aranges
                0x0000000000000238       0x68 ./Core/Src/stm32f4xx_hal_msp.o
 .debug_aranges
                0x00000000000002a0       0x60 ./Core/Src/stm32f4xx_it.o
 .debug_aranges
                0x0000000000000300       0x28 ./Core/Src/system_stm32f4xx.o
 .debug_aranges
                0x0000000000000328       0x28 ./Core/Startup/startup_stm32f407vgtx.o
 .debug_aranges
                0x0000000000000350       0xf0 ./Drivers/STM32F4xx_HAL_Driver/Src/stm32f4xx_hal.o
 .debug_aranges
                0x0000000000000440       0xe8 ./Drivers/STM32F4xx_HAL_Driver/Src/stm32f4xx_hal_adc.o
 .debug_aranges
                0x0000000000000528      0x118 ./Drivers/STM32F4xx_HAL_Driver/Src/stm32f4xx_hal_cortex.o
 .debug_aranges
                0x0000000000000640       0x58 ./Drivers/STM32F4xx_HAL_Driver/Src/stm32f4xx_hal_gpio.o
 .debug_aranges
                0x0000000000000698      0x2a0 ./Drivers/STM32F4xx_HAL_Driver/Src/stm32f4xx_hal_i2c.o
 .debug_aranges
                0x0000000000000938       0x88 ./Drivers/STM32F4xx_HAL_Driver/Src/stm32f4xx_hal_rcc.o
 .debug_aranges
                0x00000000000009c0      0x3d0 ./Drivers/STM32F4xx_HAL_Driver/Src/stm32f4xx_hal_tim.o
 .debug_aranges
                0x0000000000000d90      0x168 ./Drivers/STM32F4xx_HAL_Driver/Src/stm32f4xx_hal_tim_ex.o
 .debug_aranges
                0x0000000000000ef8      0x200 ./Drivers/STM32F4xx_HAL_Driver/Src/stm32f4xx_hal_uart.o

.debug_ranges   0x0000000000000000     0x1048
 .debug_ranges  0x0000000000000000       0x10 ./Core/Src/fonts.o
 .debug_ranges  0x0000000000000010      0x110 ./Core/Src/main.o
 .debug_ranges  0x0000000000000120       0xe8 ./Core/Src/ssd1306.o
 .debug_ranges  0x0000000000000208       0x58 ./Core/Src/stm32f4xx_hal_msp.o
 .debug_ranges  0x0000000000000260       0x50 ./Core/Src/stm32f4xx_it.o
 .debug_ranges  0x00000000000002b0       0x18 ./Core/Src/system_stm32f4xx.o
 .debug_ranges  0x00000000000002c8       0x20 ./Core/Startup/startup_stm32f407vgtx.o
 .debug_ranges  0x00000000000002e8       0xe0 ./Drivers/STM32F4xx_HAL_Driver/Src/stm32f4xx_hal.o
 .debug_ranges  0x00000000000003c8       0xd8 ./Drivers/STM32F4xx_HAL_Driver/Src/stm32f4xx_hal_adc.o
 .debug_ranges  0x00000000000004a0      0x108 ./Drivers/STM32F4xx_HAL_Driver/Src/stm32f4xx_hal_cortex.o
 .debug_ranges  0x00000000000005a8       0x48 ./Drivers/STM32F4xx_HAL_Driver/Src/stm32f4xx_hal_gpio.o
 .debug_ranges  0x00000000000005f0      0x2a8 ./Drivers/STM32F4xx_HAL_Driver/Src/stm32f4xx_hal_i2c.o
 .debug_ranges  0x0000000000000898       0x78 ./Drivers/STM32F4xx_HAL_Driver/Src/stm32f4xx_hal_rcc.o
 .debug_ranges  0x0000000000000910      0x3c0 ./Drivers/STM32F4xx_HAL_Driver/Src/stm32f4xx_hal_tim.o
 .debug_ranges  0x0000000000000cd0      0x158 ./Drivers/STM32F4xx_HAL_Driver/Src/stm32f4xx_hal_tim_ex.o
 .debug_ranges  0x0000000000000e28      0x220 ./Drivers/STM32F4xx_HAL_Driver/Src/stm32f4xx_hal_uart.o

.debug_macro    0x0000000000000000    0x22cf9
 .debug_macro   0x0000000000000000      0x2e8 ./Core/Src/fonts.o
 .debug_macro   0x00000000000002e8      0xa78 ./Core/Src/fonts.o
 .debug_macro   0x0000000000000d60      0x2a7 ./Core/Src/fonts.o
 .debug_macro   0x0000000000001007       0x2e ./Core/Src/fonts.o
 .debug_macro   0x0000000000001035       0x2f ./Core/Src/fonts.o
 .debug_macro   0x0000000000001064       0x22 ./Core/Src/fonts.o
 .debug_macro   0x0000000000001086       0x8e ./Core/Src/fonts.o
 .debug_macro   0x0000000000001114       0x51 ./Core/Src/fonts.o
 .debug_macro   0x0000000000001165      0x103 ./Core/Src/fonts.o
 .debug_macro   0x0000000000001268       0x6a ./Core/Src/fonts.o
 .debug_macro   0x00000000000012d2      0x1df ./Core/Src/fonts.o
 .debug_macro   0x00000000000014b1       0x1c ./Core/Src/fonts.o
 .debug_macro   0x00000000000014cd       0x22 ./Core/Src/fonts.o
 .debug_macro   0x00000000000014ef       0xd9 ./Core/Src/fonts.o
 .debug_macro   0x00000000000015c8     0x102d ./Core/Src/fonts.o
 .debug_macro   0x00000000000025f5      0x11f ./Core/Src/fonts.o
 .debug_macro   0x0000000000002714    0x15e82 ./Core/Src/fonts.o
 .debug_macro   0x0000000000018596       0x6d ./Core/Src/fonts.o
 .debug_macro   0x0000000000018603     0x367e ./Core/Src/fonts.o
 .debug_macro   0x000000000001bc81      0x174 ./Core/Src/fonts.o
 .debug_macro   0x000000000001bdf5       0x5c ./Core/Src/fonts.o
 .debug_macro   0x000000000001be51      0x96b ./Core/Src/fonts.o
 .debug_macro   0x000000000001c7bc      0x9fe ./Core/Src/fonts.o
 .debug_macro   0x000000000001d1ba      0x115 ./Core/Src/fonts.o
 .debug_macro   0x000000000001d2cf      0x13e ./Core/Src/fonts.o
 .debug_macro   0x000000000001d40d       0xa5 ./Core/Src/fonts.o
 .debug_macro   0x000000000001d4b2      0x174 ./Core/Src/fonts.o
 .debug_macro   0x000000000001d626      0x287 ./Core/Src/fonts.o
 .debug_macro   0x000000000001d8ad       0x5f ./Core/Src/fonts.o
 .debug_macro   0x000000000001d90c      0x236 ./Core/Src/fonts.o
 .debug_macro   0x000000000001db42      0xb5b ./Core/Src/fonts.o
 .debug_macro   0x000000000001e69d      0x38b ./Core/Src/fonts.o
 .debug_macro   0x000000000001ea28      0x176 ./Core/Src/fonts.o
 .debug_macro   0x000000000001eb9e       0xf9 ./Core/Src/fonts.o
 .debug_macro   0x000000000001ec97      0x12c ./Core/Src/fonts.o
 .debug_macro   0x000000000001edc3      0x21e ./Core/Src/fonts.o
 .debug_macro   0x000000000001efe1       0x2e ./Core/Src/fonts.o
 .debug_macro   0x000000000001f00f      0x1b5 ./Core/Src/fonts.o
 .debug_macro   0x000000000001f1c4       0xd6 ./Core/Src/fonts.o
 .debug_macro   0x000000000001f29a      0x11a ./Core/Src/fonts.o
 .debug_macro   0x000000000001f3b4       0x7e ./Core/Src/fonts.o
 .debug_macro   0x000000000001f432       0x89 ./Core/Src/fonts.o
 .debug_macro   0x000000000001f4bb      0x8e6 ./Core/Src/fonts.o
 .debug_macro   0x000000000001fda1       0x47 ./Core/Src/fonts.o
 .debug_macro   0x000000000001fde8      0x295 ./Core/Src/fonts.o
 .debug_macro   0x000000000002007d      0x12d ./Core/Src/fonts.o
 .debug_macro   0x00000000000201aa       0x52 ./Core/Src/fonts.o
 .debug_macro   0x00000000000201fc       0x1e ./Core/Src/fonts.o
 .debug_macro   0x000000000002021a       0x3c ./Core/Src/fonts.o
 .debug_macro   0x0000000000020256       0x34 ./Core/Src/fonts.o
 .debug_macro   0x000000000002028a       0x16 ./Core/Src/fonts.o
 .debug_macro   0x00000000000202a0       0x43 ./Core/Src/fonts.o
 .debug_macro   0x00000000000202e3       0x34 ./Core/Src/fonts.o
 .debug_macro   0x0000000000020317       0x10 ./Core/Src/fonts.o
 .debug_macro   0x0000000000020327       0x58 ./Core/Src/fonts.o
 .debug_macro   0x000000000002037f       0x71 ./Core/Src/fonts.o
 .debug_macro   0x00000000000203f0       0x1c ./Core/Src/fonts.o
 .debug_macro   0x000000000002040c      0x12a ./Core/Src/fonts.o
 .debug_macro   0x0000000000020536      0x341 ./Core/Src/fonts.o
 .debug_macro   0x0000000000020877       0x10 ./Core/Src/fonts.o
 .debug_macro   0x0000000000020887       0x35 ./Core/Src/fonts.o
 .debug_macro   0x00000000000208bc       0x20 ./Core/Src/fonts.o
 .debug_macro   0x00000000000208dc      0x39b ./Core/Src/main.o
 .debug_macro   0x0000000000020c77      0x130 ./Core/Src/main.o
 .debug_macro   0x0000000000020da7      0x19b ./Core/Src/main.o
 .debug_macro   0x0000000000020f42       0x16 ./Core/Src/main.o
 .debug_macro   0x0000000000020f58       0x16 ./Core/Src/main.o
 .debug_macro   0x0000000000020f6e       0x16 ./Core/Src/main.o
 .debug_macro   0x0000000000020f84       0x29 ./Core/Src/main.o
 .debug_macro   0x0000000000020fad       0x1d ./Core/Src/main.o
 .debug_macro   0x0000000000020fca      0x373 ./Core/Src/ssd1306.o
 .debug_macro   0x000000000002133d      0x21f ./Core/Src/stm32f4xx_hal_msp.o
 .debug_macro   0x000000000002155c      0x229 ./Core/Src/stm32f4xx_it.o
 .debug_macro   0x0000000000021785      0x210 ./Core/Src/system_stm32f4xx.o
 .debug_macro   0x0000000000021995      0x270 ./Drivers/STM32F4xx_HAL_Driver/Src/stm32f4xx_hal.o
 .debug_macro   0x0000000000021c05      0x211 ./Drivers/STM32F4xx_HAL_Driver/Src/stm32f4xx_hal_adc.o
 .debug_macro   0x0000000000021e16      0x210 ./Drivers/STM32F4xx_HAL_Driver/Src/stm32f4xx_hal_cortex.o
 .debug_macro   0x0000000000022026      0x216 ./Drivers/STM32F4xx_HAL_Driver/Src/stm32f4xx_hal_gpio.o
 .debug_macro   0x000000000002223c      0x257 ./Drivers/STM32F4xx_HAL_Driver/Src/stm32f4xx_hal_i2c.o
 .debug_macro   0x0000000000022493      0x234 ./Drivers/STM32F4xx_HAL_Driver/Src/stm32f4xx_hal_rcc.o
 .debug_macro   0x00000000000226c7      0x211 ./Drivers/STM32F4xx_HAL_Driver/Src/stm32f4xx_hal_tim.o
 .debug_macro   0x00000000000228d8      0x210 ./Drivers/STM32F4xx_HAL_Driver/Src/stm32f4xx_hal_tim_ex.o
 .debug_macro   0x0000000000022ae8      0x211 ./Drivers/STM32F4xx_HAL_Driver/Src/stm32f4xx_hal_uart.o

.debug_line     0x0000000000000000    0x14730
 .debug_line    0x0000000000000000      0x892 ./Core/Src/fonts.o
 .debug_line    0x0000000000000892     0x1d21 ./Core/Src/main.o
 .debug_line    0x00000000000025b3     0x1066 ./Core/Src/ssd1306.o
 .debug_line    0x0000000000003619      0x8bc ./Core/Src/stm32f4xx_hal_msp.o
 .debug_line    0x0000000000003ed5      0x7f5 ./Core/Src/stm32f4xx_it.o
 .debug_line    0x00000000000046ca      0x7b1 ./Core/Src/system_stm32f4xx.o
 .debug_line    0x0000000000004e7b       0x88 ./Core/Startup/startup_stm32f407vgtx.o
 .debug_line    0x0000000000004f03      0xa17 ./Drivers/STM32F4xx_HAL_Driver/Src/stm32f4xx_hal.o
 .debug_line    0x000000000000591a     0x128d ./Drivers/STM32F4xx_HAL_Driver/Src/stm32f4xx_hal_adc.o
 .debug_line    0x0000000000006ba7      0xcc6 ./Drivers/STM32F4xx_HAL_Driver/Src/stm32f4xx_hal_cortex.o
 .debug_line    0x000000000000786d      0xb8b ./Drivers/STM32F4xx_HAL_Driver/Src/stm32f4xx_hal_gpio.o
 .debug_line    0x00000000000083f8     0x39cc ./Drivers/STM32F4xx_HAL_Driver/Src/stm32f4xx_hal_i2c.o
 .debug_line    0x000000000000bdc4      0xd91 ./Drivers/STM32F4xx_HAL_Driver/Src/stm32f4xx_hal_rcc.o
 .debug_line    0x000000000000cb55     0x370b ./Drivers/STM32F4xx_HAL_Driver/Src/stm32f4xx_hal_tim.o
 .debug_line    0x0000000000010260     0x1a14 ./Drivers/STM32F4xx_HAL_Driver/Src/stm32f4xx_hal_tim_ex.o
 .debug_line    0x0000000000011c74     0x2abc ./Drivers/STM32F4xx_HAL_Driver/Src/stm32f4xx_hal_uart.o

.debug_str      0x0000000000000000    0xda214
 .debug_str     0x0000000000000000    0xd40b2 ./Core/Src/fonts.o
                                      0xd4357 (size before relaxing)
 .debug_str     0x00000000000d40b2     0x23c2 ./Core/Src/main.o
                                      0xd67f8 (size before relaxing)
 .debug_str     0x00000000000d6474      0x4d6 ./Core/Src/ssd1306.o
                                      0xd4e99 (size before relaxing)
 .debug_str     0x00000000000d694a       0xec ./Core/Src/stm32f4xx_hal_msp.o
                                      0xd25f3 (size before relaxing)
 .debug_str     0x00000000000d6a36       0xc9 ./Core/Src/stm32f4xx_it.o
                                      0xd19b2 (size before relaxing)
 .debug_str     0x00000000000d6aff       0xdb ./Core/Src/system_stm32f4xx.o
                                      0xd1632 (size before relaxing)
 .debug_str     0x00000000000d6bda       0x36 ./Core/Startup/startup_stm32f407vgtx.o
                                         0x66 (size before relaxing)
 .debug_str     0x00000000000d6c10      0xaf1 ./Drivers/STM32F4xx_HAL_Driver/Src/stm32f4xx_hal.o