../Core/Src/main.c:113:6:initGY	8	static
../Core/Src/main.c:125:6:readGY	24	static
../Core/Src/main.c:140:6:setGY	8	static
../Core/Src/main.c:148:6:print_num	24	static
../Core/Src/main.c:165:10:read_adc	40	static
../Core/Src/main.c:176:6:motor	32	static
../Core/Src/main.c:266:6:motor_without_correction	24	static
../Core/Src/main.c:343:6:fast_stop	8	static
../Core/Src/main.c:353:6:stop	8	static
../Core/Src/main.c:356:6:move	32	static
../Core/Src/main.c:363:6:move_without_correction	32	static
../Core/Src/main.c:370:6:read_pixy	32	static
../Core/Src/main.c:414:6:read_sensors	32	static
../Core/Src/main.c:504:6:delay	24	static
../Core/Src/main.c:509:6:spin	16	static
../Core/Src/main.c:513:6:shoot	8	static
../Core/Src/main.c:525:6:rotate_and_shoot	8	static
../Core/Src/main.c:571:6:shoot_straight	8	static
../Core/Src/main.c:598:6:moveForSec	24	static
../Core/Src/main.c:604:6:OUT	8	static
../Core/Src/main.c:681:6:motor_test	8	static
../Core/Src/main.c:692:6:come_back	24	static
../Core/Src/main.c:703:6:shift	8	static
../Core/Src/main.c:742:6:goal_keeper	8	static
../Core/Src/main.c:775:5:main	16	static
../Core/Src/main.c:854:6:SystemClock_Config	88	static
../Core/Src/main.c:901:13:MX_ADC1_Init	24	static
../Core/Src/main.c:953:13:MX_I2C1_Init	8	static
../Core/Src/main.c:987:13:MX_I2C2_Init	8	static
../Core/Src/main.c:1021:13:MX_TIM1_Init	80	static
../Core/Src/main.c:1098:13:MX_USART2_UART_Init	8	static
../Core/Src/main.c:1131:13:MX_GPIO_Init	56	static
../Core/Src/main.c:1216:6:Error_Handler	4	static,ignoring_inline_asm
